SR1 1차: 후보 8개, K2-B 8개 (학습 2,000,000, 평가 시드 20 × 5000스텝)
  새로   v1_a_m1_s0                   시즌 a   → runs\season\sr1\train\v1_a_m1_s0.zip
  새로   v1_a_m2_s0                   시즌 a   → runs\season\sr1\train\v1_a_m2_s0.zip
  새로   v1_a_m3k0p1_s0               시즌 a   → runs\season\sr1\train\v1_a_m3k0p1_s0.zip
  새로   v1_a_m3k0p5_s0               시즌 a   → runs\season\sr1\train\v1_a_m3k0p5_s0.zip
  새로   v20_a_m1_s0                  시즌 a   → runs\season\sr1\train\v20_a_m1_s0.zip
  새로   v20_a_m2_s0                  시즌 a   → runs\season\sr1\train\v20_a_m2_s0.zip
  새로   v20_a_m3k0p1_s0              시즌 a   → runs\season\sr1\train\v20_a_m3k0p1_s0.zip
  새로   v20_a_m3k0p5_s0              시즌 a   → runs\season\sr1\train\v20_a_m3k0p5_s0.zip
  새로   v1_k2b_m1_s0                 K2-B   → runs\season\sr1\train\v1_k2b_m1_s0.zip
  새로   v1_k2b_m2_s0                 K2-B   → runs\season\sr1\train\v1_k2b_m2_s0.zip
  새로   v1_k2b_m3k0p1_s0             K2-B   → runs\season\sr1\train\v1_k2b_m3k0p1_s0.zip
  새로   v1_k2b_m3k0p5_s0             K2-B   → runs\season\sr1\train\v1_k2b_m3k0p5_s0.zip
  새로   v20_k2b_m1_s0                K2-B   → runs\season\sr1\train\v20_k2b_m1_s0.zip
  새로   v20_k2b_m2_s0                K2-B   → runs\season\sr1\train\v20_k2b_m2_s0.zip
  새로   v20_k2b_m3k0p1_s0            K2-B   → runs\season\sr1\train\v20_k2b_m3k0p1_s0.zip
  새로   v20_k2b_m3k0p5_s0            K2-B   → runs\season\sr1\train\v20_k2b_m3k0p5_s0.zip
평가 잡(캐시 밖): 960 (G 400, Ge 360, B 200), 보류 재확인 최대 360
계산 추정(10-02 유휴 단가): 학습 16회 ÷ 3 동시 → 6분, 평가 960잡 ÷ 10워커 → 17분, 합 23분 (+ 보류 재확인 최대 6분)
코어: 학습 3 × 3 스레드, 평가 10 워커 (차례로 돈다)
[학습] 16개, 3개씩, 스레드 3
  v1_a_m1_s0: 완료 (1.4분)
  v1_a_m2_s0: 완료 (1.4분)
  v1_a_m3k0p1_s0: 완료 (1.8분)
  v1_a_m3k0p5_s0: 완료 (1.8분)
  v20_a_m1_s0: 완료 (1.4분)
  v20_a_m2_s0: 완료 (1.4분)
  v20_a_m3k0p1_s0: 완료 (1.8분)
  v20_a_m3k0p5_s0: 완료 (1.8분)
  v1_k2b_m1_s0: 완료 (1.4분)
  v1_k2b_m2_s0: 완료 (1.4분)
  v1_k2b_m3k0p1_s0: 완료 (1.8분)
  v1_k2b_m3k0p5_s0: 완료 (1.8분)
  v20_k2b_m1_s0: 완료 (1.4분)
  v20_k2b_m2_s0: 완료 (1.4분)
  v20_k2b_m3k0p1_s0: 완료 (1.8분)
  v20_k2b_m3k0p5_s0: 완료 (1.6분)
[평가] 판정 묶음, 워커 10
  [평가] 시즌 a · v1 · G: 스펙 10개 (229초)
C:\kwon\univ\3-1\GameContentsCapstoneDesign\AdaptiveEcosystem\herbivore_rl\env_v2\world.py:1351: RuntimeWarning: divide by zero encountered in divide
  (cfg.max_energy - e_drained) / cfg.food_energy_per_unit, 0.0, cfg.food_eat_rate
C:\kwon\univ\3-1\GameContentsCapstoneDesign\AdaptiveEcosystem\herbivore_rl\env_v2\world.py:1351: RuntimeWarning: divide by zero encountered in divide
  (cfg.max_energy - e_drained) / cfg.food_energy_per_unit, 0.0, cfg.food_eat_rate
C:\kwon\univ\3-1\GameContentsCapstoneDesign\AdaptiveEcosystem\herbivore_rl\env_v2\world.py:1351: RuntimeWarning: divide by zero encountered in divide
  (cfg.max_energy - e_drained) / cfg.food_energy_per_unit, 0.0, cfg.food_eat_rate
C:\kwon\univ\3-1\GameContentsCapstoneDesign\AdaptiveEcosystem\herbivore_rl\env_v2\world.py:1351: RuntimeWarning: divide by zero encountered in divide
  (cfg.max_energy - e_drained) / cfg.food_energy_per_unit, 0.0, cfg.food_eat_rate
C:\kwon\univ\3-1\GameContentsCapstoneDesign\AdaptiveEcosystem\herbivore_rl\env_v2\world.py:1351: RuntimeWarning: divide by zero encountered in divide
  (cfg.max_energy - e_drained) / cfg.food_energy_per_unit, 0.0, cfg.food_eat_rate
C:\kwon\univ\3-1\GameContentsCapstoneDesign\AdaptiveEcosystem\herbivore_rl\env_v2\world.py:1351: RuntimeWarning: divide by zero encountered in divide
  (cfg.max_energy - e_drained) / cfg.food_energy_per_unit, 0.0, cfg.food_eat_rate
C:\kwon\univ\3-1\GameContentsCapstoneDesign\AdaptiveEcosystem\herbivore_rl\env_v2\world.py:1351: RuntimeWarning: divide by zero encountered in divide
  (cfg.max_energy - e_drained) / cfg.food_energy_per_unit, 0.0, cfg.food_eat_rate
C:\kwon\univ\3-1\GameContentsCapstoneDesign\AdaptiveEcosystem\herbivore_rl\env_v2\world.py:1351: RuntimeWarning: divide by zero encountered in divide
  (cfg.max_energy - e_drained) / cfg.food_energy_per_unit, 0.0, cfg.food_eat_rate
C:\kwon\univ\3-1\GameContentsCapstoneDesign\AdaptiveEcosystem\herbivore_rl\env_v2\world.py:1351: RuntimeWarning: divide by zero encountered in divide
  (cfg.max_energy - e_drained) / cfg.food_energy_per_unit, 0.0, cfg.food_eat_rate
C:\kwon\univ\3-1\GameContentsCapstoneDesign\AdaptiveEcosystem\herbivore_rl\env_v2\world.py:1351: RuntimeWarning: divide by zero encountered in divide
  (cfg.max_energy - e_drained) / cfg.food_energy_per_unit, 0.0, cfg.food_eat_rate
  [평가] 시즌 a · v1 · Ge: 스펙 9개 (204초)
  [평가] 시즌 a · v1 · B: 스펙 5개 (109초)
  [평가] 시즌 a · v20 · G: 스펙 10개 (233초)
  [평가] 시즌 a · v20 · Ge: 스펙 9개 (213초)
  [평가] 시즌 a · v20 · B: 스펙 5개 (116초)
  v1_a_m1_s0: 기각 ['A1 이득 없음', 'A3 망각', 'A4 결과 악화']
  v1_a_m2_s0: 기각 ['A1 이득 없음', 'A4 결과 악화']
  v1_a_m3k0p1_s0: 기각 ['A1 이득 없음', 'A2 상수화']
  v1_a_m3k0p5_s0: 기각 ['A1 이득 없음', 'A2 상수화']
  v20_a_m1_s0: 기각 ['A1 이득 없음', 'A3 망각']
  v20_a_m2_s0: 기각 ['A1 이득 없음', 'A2 상수화']
  v20_a_m3k0p1_s0: 기각 ['A1 이득 없음']
  v20_a_m3k0p5_s0: 기각 ['A1 이득 없음']
# SR1 1차 요약

- 생성: 2026-10-06T19:08:43+00:00, 평가 시드 10000~10019 × 5000스텝, 학습 2,000,000, γ = 앵커 학습 γ

| 후보 | A1 | A2 | A3 | A4 | A5 | 보류 | Ge 피식률 vs 현재 (t) | vs K2-B (t) | G G_γ 하락 | B react 비 | B 행동 평균 최대 변화 | 사유 |
|---|---|---|---|---|---|---|---|---|---|---|---|---|
| v1_a_m1_s0 | 실패 | 통과 | 실패 | 실패 | 통과 | — | +6.8% (+7.67) | +0.9% (+0.78) | -4.0% | 1.39 | 0.141 | A1 이득 없음, A3 망각, A4 결과 악화 |
| v1_a_m2_s0 | 실패 | 통과 | 통과 | 실패 | 통과 | — | +1.1% (+1.68) | -4.4% (-5.72) | -9.8% | 1.07 | 0.038 | A1 이득 없음, A4 결과 악화 |
| v1_a_m3k0p1_s0 | 실패 | 실패 | 통과 | 통과 | 통과 | — | -2.7% (-3.68) | -2.8% (-3.86) | +8.6% | 1.03 | 0.003 | A1 이득 없음, A2 상수화 |
| v1_a_m3k0p5_s0 | 실패 | 실패 | 통과 | 통과 | 통과 | — | -0.2% (-0.25) | +0.2% (+0.29) | +4.6% | 0.98 | 0.002 | A1 이득 없음, A2 상수화 |
| v20_a_m1_s0 | 실패 | 통과 | 실패 | 통과 | 통과 | — | -3.9% (-4.75) | -4.4% (-6.23) | +5.1% | 0.88 | 0.081 | A1 이득 없음, A3 망각 |
| v20_a_m2_s0 | 실패 | 실패 | 통과 | 통과 | 통과 | — | -0.8% (-0.91) | -1.7% (-2.18) | +10.2% | 0.94 | 0.025 | A1 이득 없음, A2 상수화 |
| v20_a_m3k0p1_s0 | 실패 | 통과 | 통과 | 통과 | 통과 | — | -1.2% (-1.51) | -0.4% (-0.48) | -4.8% | 1.01 | 0.001 | A1 이득 없음 |
| v20_a_m3k0p5_s0 | 실패 | 통과 | 통과 | 통과 | 통과 | — | -0.6% (-0.59) | -0.3% (-0.32) | +3.0% | 1.01 | 0.001 | A1 이득 없음 |

- Ge 덮기 확인(아사 0·번식 0): 정상
- 가장 나은 후보 순서(전부 통과 > 통과 판정 수 > Ge 피식률 t, 2차 확인 대상 고르기): v20_a_m3k0p1_s0, v20_a_m3k0p5_s0, v20_a_m1_s0
