
$ python diagnose_v2.py constsearch --config results/v2/e1/configs/R1_r1_5_ew0_5.yaml --workers 6 --out results/v2/e1/R1/r1_5_ew0_5 --enqueue 0.4207 0.8656 0.1054 0.0044 0.1667 --enqueue 0.4207 0.8656 0.1054 0.0044 0.5 --enqueue 0.4207 0.8656 0.1054 0.0044 0.8333 --enqueue 0.39 0.99 0.92 0.15 0.5
[constsearch] report_v2_1 → results\v2\e1\R1\r1_5_ew0_5  (γ=0.9916661555611042, 꼬리 600스텝, 워커 6)
  7/112  best 0.712 [0.421, 0.866, 0.105, 0.004, 0.5]  (53s)
  14/112  best 0.712 [0.421, 0.866, 0.105, 0.004, 0.5]  (104s)
  21/112  best 0.897 [0.5, 0.353, 0.057, 0.096, 0.448]  (156s)
  28/112  best 1.237 [0.659, 0.96, 0.174, 0.038, 0.662]  (209s)
  35/112  best 1.237 [0.659, 0.96, 0.174, 0.038, 0.662]  (261s)
  42/112  best 1.237 [0.659, 0.96, 0.174, 0.038, 0.662]  (312s)
  49/112  best 1.237 [0.659, 0.96, 0.174, 0.038, 0.662]  (363s)
  56/112  best 1.319 [0.815, 0.844, 0.2, 0.021, 0.392]  (413s)
  63/112  best 1.319 [0.815, 0.844, 0.2, 0.021, 0.392]  (465s)
  70/112  best 1.320 [0.811, 0.852, 0.158, 0.086, 0.353]  (516s)
  77/112  best 1.320 [0.811, 0.852, 0.158, 0.086, 0.353]  (566s)
  84/112  best 1.357 [0.793, 0.845, 0.16, 0.041, 0.344]  (616s)
  91/112  best 1.357 [0.793, 0.845, 0.16, 0.041, 0.344]  (667s)
  98/112  best 1.357 [0.793, 0.845, 0.16, 0.041, 0.344]  (717s)
  105/112  best 1.357 [0.793, 0.845, 0.16, 0.041, 0.344]  (767s)
  112/112  best 1.357 [0.793, 0.845, 0.16, 0.041, 0.344]  (820s)
  재측정 {'t82': 0.763, 't79': 0.561, 't69': 0.638, 't53': 0.783, 't77': 0.536} → t53 [0.815, 0.844, 0.2, 0.021, 0.392]
저장: results\v2\e1\R1\r1_5_ew0_5\constsearch.json
      results\v2\e1\R1\r1_5_ew0_5\constsearch.md

$ python diagnose_v2.py constsearch --config results/v2/e1/configs/R1_r1_5_ew0_5.yaml --workers 6 --out results/v2/e1/R1/r1_5_ew0_5 --seg-bins 2:0.5 4:0.5 --seg-dims speed
[constsearch] report_v2_1 → results\v2\e1\R1\r1_5_ew0_5  (γ=0.9916661555611042, 꼬리 600스텝, 워커 6)
  7/112  best 1.319 [0.392, 0.392, 0.392, 0.392]  (57s)
  14/112  best 1.319 [0.392, 0.392, 0.392, 0.392]  (110s)
  21/112  best 1.319 [0.392, 0.392, 0.392, 0.392]  (163s)
  28/112  best 1.319 [0.392, 0.392, 0.392, 0.392]  (217s)
  35/112  best 1.319 [0.392, 0.392, 0.392, 0.392]  (269s)
  42/112  best 1.319 [0.392, 0.392, 0.392, 0.392]  (321s)
  49/112  best 1.319 [0.392, 0.392, 0.392, 0.392]  (374s)
  56/112  best 1.319 [0.392, 0.392, 0.392, 0.392]  (426s)
  63/112  best 1.319 [0.392, 0.392, 0.392, 0.392]  (478s)
  70/112  best 1.319 [0.392, 0.392, 0.392, 0.392]  (529s)
  77/112  best 1.319 [0.392, 0.392, 0.392, 0.392]  (581s)
  84/112  best 1.319 [0.392, 0.392, 0.392, 0.392]  (634s)
  91/112  best 1.319 [0.392, 0.392, 0.392, 0.392]  (686s)
  98/112  best 1.319 [0.392, 0.392, 0.392, 0.392]  (738s)
  105/112  best 1.319 [0.392, 0.392, 0.392, 0.392]  (790s)
  112/112  best 1.319 [0.392, 0.392, 0.392, 0.392]  (842s)
  재측정 {'t0': 0.783, 't14': 0.59, 't27': 0.59, 't28': 0.59, 't31': 0.59} → t0 [0.392, 0.392, 0.392, 0.392]
저장: results\v2\e1\R1\r1_5_ew0_5\constsearch_seg.json
      results\v2\e1\R1\r1_5_ew0_5\constsearch_seg.md
  C2-seg vs C2: mean_return 67.66(t=—, 유의 아님)  g_gamma 1.502(t=—, 유의 아님)  survival 397.3(t=—, 유의 아님)  repro 16.22(t=—, 유의 아님)  predation_rate 0.00272(t=—, 유의 아님)  starve_rate 0.00034(t=—, 유의 아님)

$ python diagnose_v2.py constsearch --config results/v2/e1/configs/R1_r1_5_ew0_5.yaml --workers 6 --out results/v2/e1/R1/r1_5_ew0_5 --tag fixed_stop --const-action 0.8148014563351118 0.8436060271648771 0.20038134823593723 0.02131622914453077 0.0
[constsearch] report_v2_1 → results\v2\e1\R1\r1_5_ew0_5  (γ=0.9916661555611042, 꼬리 600스텝, 워커 6)
저장: results\v2\e1\R1\r1_5_ew0_5\fixed_stop.json
      results\v2\e1\R1\r1_5_ew0_5\fixed_stop.md

$ python diagnose_v2.py constsearch --config results/v2/e1/configs/R1_r1_5_ew0_5.yaml --workers 6 --out results/v2/e1/R1/r1_5_ew0_5 --tag fixed_walk --const-action 0.8148014563351118 0.8436060271648771 0.20038134823593723 0.02131622914453077 0.5
[constsearch] report_v2_1 → results\v2\e1\R1\r1_5_ew0_5  (γ=0.9916661555611042, 꼬리 600스텝, 워커 6)
저장: results\v2\e1\R1\r1_5_ew0_5\fixed_walk.json
      results\v2\e1\R1\r1_5_ew0_5\fixed_walk.md

$ python diagnose_v2.py constsearch --config results/v2/e1/configs/R1_r1_5_ew0_5.yaml --workers 6 --out results/v2/e1/R1/r1_5_ew0_5 --tag fixed_run --const-action 0.8148014563351118 0.8436060271648771 0.20038134823593723 0.02131622914453077 1.0
[constsearch] report_v2_1 → results\v2\e1\R1\r1_5_ew0_5  (γ=0.9916661555611042, 꼬리 600스텝, 워커 6)
저장: results\v2\e1\R1\r1_5_ew0_5\fixed_run.json
      results\v2\e1\R1\r1_5_ew0_5\fixed_run.md

$ python diagnose_v2.py constsearch --config results/v2/e1/configs/R1_r1_5_ew0_5.yaml --workers 6 --out results/v2/e1/R1/r1_5_ew0_5/g998 --tag c2seg_g998 --g998 --seg-bins 2:0.5 4:0.5 --seg-dims speed --base-action 0.8148014563351118 0.8436060271648771 0.20038134823593723 0.02131622914453077 0.39214918555849276 --const-action 0.39214918555849276 0.39214918555849276 0.39214918555849276 0.39214918555849276
[constsearch] report_v2_1_g998 → results\v2\e1\R1\r1_5_ew0_5\g998  (γ=0.998, 꼬리 2500스텝, 앞 500스텝, 워커 6)
저장: results\v2\e1\R1\r1_5_ew0_5\g998\c2seg_g998.json
      results\v2\e1\R1\r1_5_ew0_5\g998\c2seg_g998.md
  C2-seg vs C2: mean_return 136.73(t=—, 유의 아님)  g_gamma 5.120(t=—, 유의 아님)  survival 419.6(t=—, 유의 아님)  repro 32.64(t=—, 유의 아님)  predation_rate 0.00273(t=—, 유의 아님)  starve_rate 0.00034(t=—, 유의 아님)
