[constsearch] report_v2_4 → results\v2\v2_4\c2  (γ=0.9916661555611042, 꼬리 600스텝, 워커 12)
  7/112  best 1.662 [0.534, 0.114, 0.534, 0.114, 0.534, 0.114, 0.534, 0.114, 0.534, 0.114, 0.534, 0.114]  (65s)
  14/112  best 1.662 [0.534, 0.114, 0.534, 0.114, 0.534, 0.114, 0.534, 0.114, 0.534, 0.114, 0.534, 0.114]  (127s)
  21/112  best 1.662 [0.534, 0.114, 0.534, 0.114, 0.534, 0.114, 0.534, 0.114, 0.534, 0.114, 0.534, 0.114]  (188s)
  28/112  best 1.662 [0.534, 0.114, 0.534, 0.114, 0.534, 0.114, 0.534, 0.114, 0.534, 0.114, 0.534, 0.114]  (248s)
  35/112  best 1.662 [0.534, 0.114, 0.534, 0.114, 0.534, 0.114, 0.534, 0.114, 0.534, 0.114, 0.534, 0.114]  (306s)
  42/112  best 1.662 [0.534, 0.114, 0.534, 0.114, 0.534, 0.114, 0.534, 0.114, 0.534, 0.114, 0.534, 0.114]  (367s)
  49/112  best 1.662 [0.534, 0.114, 0.534, 0.114, 0.534, 0.114, 0.534, 0.114, 0.534, 0.114, 0.534, 0.114]  (431s)
  56/112  best 1.662 [0.534, 0.114, 0.534, 0.114, 0.534, 0.114, 0.534, 0.114, 0.534, 0.114, 0.534, 0.114]  (494s)
  63/112  best 1.662 [0.534, 0.114, 0.534, 0.114, 0.534, 0.114, 0.534, 0.114, 0.534, 0.114, 0.534, 0.114]  (558s)
  70/112  best 1.662 [0.534, 0.114, 0.534, 0.114, 0.534, 0.114, 0.534, 0.114, 0.534, 0.114, 0.534, 0.114]  (618s)
  77/112  best 1.662 [0.534, 0.114, 0.534, 0.114, 0.534, 0.114, 0.534, 0.114, 0.534, 0.114, 0.534, 0.114]  (681s)
  84/112  best 1.662 [0.534, 0.114, 0.534, 0.114, 0.534, 0.114, 0.534, 0.114, 0.534, 0.114, 0.534, 0.114]  (743s)
  91/112  best 1.662 [0.534, 0.114, 0.534, 0.114, 0.534, 0.114, 0.534, 0.114, 0.534, 0.114, 0.534, 0.114]  (804s)
  98/112  best 1.662 [0.534, 0.114, 0.534, 0.114, 0.534, 0.114, 0.534, 0.114, 0.534, 0.114, 0.534, 0.114]  (869s)
  105/112  best 1.662 [0.534, 0.114, 0.534, 0.114, 0.534, 0.114, 0.534, 0.114, 0.534, 0.114, 0.534, 0.114]  (932s)
  112/112  best 1.662 [0.534, 0.114, 0.534, 0.114, 0.534, 0.114, 0.534, 0.114, 0.534, 0.114, 0.534, 0.114]  (994s)
  재측정 {'t0': 0.96, 't35': 0.856, 't45': 0.872, 't47': 0.993, 't78': 0.992} → t47 [0.585, 0.043, 0.551, 0.218, 0.546, 0.061, 0.658, 0.175, 0.651, 0.177, 0.363, 0.208]
저장: results\v2\v2_4\c2\constsearch_seg.json
      results\v2\v2_4\c2\constsearch_seg.md
  C2-seg vs C2: mean_return 62.87(t=+0.51, 유의 아님)  g_gamma 1.328(t=+1.42, 유의 아님)  survival 389.9(t=+1.42, 유의 아님)  repro 16.41(t=+0.31, 유의 아님)  predation_rate 0.00278(t=+0.66, 유의 아님)  starve_rate 0.00042(t=-1.76, 유의 아님)
