[constsearch] report_v2_4 → results\v2\v2_4\c2  (γ=0.9916661555611042, 꼬리 600스텝, 워커 12)
  7/112  best 1.282 [0.971, 0.785, 0.218, 0.034, 0.491]  (64s)
  14/112  best 1.282 [0.971, 0.785, 0.218, 0.034, 0.491]  (130s)
  21/112  best 1.298 [0.696, 0.973, 0.213, 0.147, 0.425]  (193s)
  28/112  best 1.440 [0.655, 0.835, 0.318, 0.086, 0.358]  (256s)
  35/112  best 1.440 [0.655, 0.835, 0.318, 0.086, 0.358]  (316s)
  42/112  best 1.491 [0.973, 0.718, 0.138, 0.014, 0.652]  (374s)
  49/112  best 1.491 [0.973, 0.718, 0.138, 0.014, 0.652]  (434s)
  56/112  best 1.491 [0.973, 0.718, 0.138, 0.014, 0.652]  (497s)
  63/112  best 1.491 [0.973, 0.718, 0.138, 0.014, 0.652]  (555s)
  70/112  best 1.491 [0.973, 0.718, 0.138, 0.014, 0.652]  (615s)
  77/112  best 1.662 [0.928, 0.762, 0.164, 0.114, 0.534]  (674s)
  84/112  best 1.662 [0.928, 0.762, 0.164, 0.114, 0.534]  (734s)
  91/112  best 1.662 [0.928, 0.762, 0.164, 0.114, 0.534]  (793s)
  98/112  best 1.662 [0.928, 0.762, 0.164, 0.114, 0.534]  (853s)
  105/112  best 1.662 [0.928, 0.762, 0.164, 0.114, 0.534]  (912s)
  112/112  best 1.662 [0.928, 0.762, 0.164, 0.114, 0.534]  (972s)
  재측정 {'t74': 0.96, 't102': 0.862, 't79': 0.843, 't92': 0.777, 't104': 0.829} → t74 [0.928, 0.762, 0.164, 0.114, 0.534]
저장: results\v2\v2_4\c2\constsearch.json
      results\v2\v2_4\c2\constsearch.md
