잡 180개 (워커 6)
[1/180] v2_2r_t0_s24 det+CV 10001 14.7s  (경과 15s)
[2/180] v2_2r_t0_s24 det+CV 10002 15.0s  (경과 15s)
[3/180] v2_2r_t0_s24 det+CV 10005 15.2s  (경과 16s)
[4/180] v2_2r_t0_s24 det+CV 10004 15.4s  (경과 16s)
[5/180] v2_2r_t0_s24 det+CV 10000 15.5s  (경과 16s)
[6/180] v2_2r_t0_s24 det+CV 10003 15.5s  (경과 16s)
[7/180] v2_2r_t0_s24 det+CV 10008 10.7s  (경과 26s)
[8/180] v2_2r_t0_s24 det+CV 10006 11.2s  (경과 26s)
[9/180] v2_2r_t0_s24 det+CV 10010 10.6s  (경과 26s)
[10/180] v2_2r_t0_s24 det+CV 10007 11.2s  (경과 27s)
[11/180] v2_2r_t0_s24 det+CV 10009 11.1s  (경과 27s)
[12/180] v2_2r_t0_s24 det+CV 10011 11.2s  (경과 27s)
[13/180] v2_2r_t0_s24 det+CV 10012 10.7s  (경과 37s)
[14/180] v2_2r_t0_s24 det+CV 10014 10.8s  (경과 37s)
[15/180] v2_2r_t0_s24 det+CV 10013 11.1s  (경과 37s)
[16/180] v2_2r_t0_s24 det+CV 10016 10.9s  (경과 38s)
[17/180] v2_2r_t0_s24 det+CV 10015 11.5s  (경과 38s)
[18/180] v2_2r_t0_s24 det+CV 10017 11.8s  (경과 39s)
[19/180] v2_2r_t0_s24 det+CV 10018 11.2s  (경과 48s)
[20/180] v2_2r_t0_s24 det+CV 10019 11.1s  (경과 48s)
[21/180] v2_2r_t0_s24 det+F8+CV 10000 11.0s  (경과 48s)
[22/180] v2_2r_t0_s24 det+F8+CV 10002 10.4s  (경과 48s)
[23/180] v2_2r_t0_s24 det+F8+CV 10001 10.7s  (경과 48s)
[24/180] v2_2r_t0_s24 det+F8+CV 10003 11.4s  (경과 50s)
[25/180] v2_2r_t0_s24 det+F8+CV 10004 10.9s  (경과 59s)
[26/180] v2_2r_t0_s24 det+F8+CV 10008 10.8s  (경과 59s)
[27/180] v2_2r_t0_s24 det+F8+CV 10005 11.0s  (경과 59s)
[28/180] v2_2r_t0_s24 det+F8+CV 10007 11.1s  (경과 60s)
[29/180] v2_2r_t0_s24 det+F8+CV 10006 11.4s  (경과 60s)
[30/180] v2_2r_t0_s24 det+F8+CV 10009 10.8s  (경과 61s)
[31/180] v2_2r_t0_s24 det+F8+CV 10010 10.4s  (경과 69s)
[32/180] v2_2r_t0_s24 det+F8+CV 10012 10.9s  (경과 70s)
[33/180] v2_2r_t0_s24 det+F8+CV 10011 11.2s  (경과 70s)
[34/180] v2_2r_t0_s24 det+F8+CV 10013 11.2s  (경과 71s)
[35/180] v2_2r_t0_s24 det+F8+CV 10014 10.9s  (경과 71s)
[36/180] v2_2r_t0_s24 det+F8+CV 10015 11.1s  (경과 72s)
[37/180] v2_2r_t0_s24 det+F8+CV 10016 10.3s  (경과 80s)
[38/180] v2_2r_t0_s24 det+F8+NS+CV 10000 10.8s  (경과 82s)
[39/180] v2_2r_t0_s24 det+F8+CV 10017 11.6s  (경과 82s)
[40/180] v2_2r_t0_s24 det+F8+CV 10019 11.1s  (경과 82s)
[41/180] v2_2r_t0_s24 det+F8+CV 10018 11.6s  (경과 82s)
[42/180] v2_2r_t0_s24 det+F8+NS+CV 10001 10.9s  (경과 83s)
[43/180] v2_2r_t0_s24 det+F8+NS+CV 10002 10.8s  (경과 90s)
[44/180] v2_2r_t0_s24 det+F8+NS+CV 10004 10.9s  (경과 93s)
[45/180] v2_2r_t0_s24 det+F8+NS+CV 10003 11.5s  (경과 93s)
[46/180] v2_2r_t0_s24 det+F8+NS+CV 10006 11.2s  (경과 93s)
[47/180] v2_2r_t0_s24 det+F8+NS+CV 10005 11.4s  (경과 93s)
[48/180] v2_2r_t0_s24 det+F8+NS+CV 10007 11.2s  (경과 94s)
[49/180] v2_2r_t0_s24 det+F8+NS+CV 10008 10.8s  (경과 101s)
[50/180] v2_2r_t0_s24 det+F8+NS+CV 10009 11.1s  (경과 104s)
[51/180] v2_2r_t0_s24 det+F8+NS+CV 10010 10.6s  (경과 104s)
[52/180] v2_2r_t0_s24 det+F8+NS+CV 10012 11.0s  (경과 104s)
[53/180] v2_2r_t0_s24 det+F8+NS+CV 10011 11.3s  (경과 104s)
[54/180] v2_2r_t0_s24 det+F8+NS+CV 10013 11.1s  (경과 105s)
[55/180] v2_2r_t0_s24 det+F8+NS+CV 10014 10.9s  (경과 112s)
[56/180] v2_2r_t0_s24 det+F8+NS+CV 10016 10.4s  (경과 114s)
[57/180] v2_2r_t0_s24 det+F8+NS+CV 10015 11.3s  (경과 115s)
[58/180] v2_2r_t0_s24 det+F8+NS+CV 10017 11.8s  (경과 116s)
[59/180] v2_2r_t0_s24 det+F8+NS+CV 10018 11.8s  (경과 116s)
[60/180] v2_2r_t0_s24 det+F8+NS+CV 10019 11.1s  (경과 116s)
[61/180] v2_1c_s31 det+CV 10000 10.9s  (경과 123s)
[62/180] v2_1c_s31 det+CV 10001 10.5s  (경과 125s)
[63/180] v2_1c_s31 det+CV 10002 10.5s  (경과 125s)
[64/180] v2_1c_s31 det+CV 10004 10.1s  (경과 126s)
[65/180] v2_1c_s31 det+CV 10005 10.2s  (경과 127s)
[66/180] v2_1c_s31 det+CV 10003 10.8s  (경과 127s)
[67/180] v2_1c_s31 det+CV 10006 8.2s  (경과 131s)
[68/180] v2_1c_s31 det+CV 10007 8.2s  (경과 133s)
[69/180] v2_1c_s31 det+CV 10008 7.7s  (경과 133s)
[70/180] v2_1c_s31 det+CV 10010 7.5s  (경과 134s)
[71/180] v2_1c_s31 det+CV 10009 7.7s  (경과 134s)
[72/180] v2_1c_s31 det+CV 10011 8.0s  (경과 135s)
[73/180] v2_1c_s31 det+CV 10012 9.3s  (경과 140s)
[74/180] v2_1c_s31 det+CV 10013 10.6s  (경과 143s)
[75/180] v2_1c_s31 det+CV 10014 10.8s  (경과 144s)
[76/180] v2_1c_s31 det+CV 10016 10.7s  (경과 145s)
[77/180] v2_1c_s31 det+CV 10015 11.3s  (경과 145s)
[78/180] v2_1c_s31 det+CV 10017 11.6s  (경과 146s)
[79/180] v2_1c_s31 det+CV 10018 11.6s  (경과 152s)
[80/180] v2_1c_s31 det+CV 10019 11.3s  (경과 155s)
[81/180] v2_1c_s31 det+F8+CV 10000 10.9s  (경과 155s)
[82/180] v2_1c_s31 det+F8+CV 10001 10.9s  (경과 156s)
[83/180] v2_1c_s31 det+F8+CV 10002 10.5s  (경과 156s)
[84/180] v2_1c_s31 det+F8+CV 10003 11.2s  (경과 158s)
[85/180] v2_1c_s31 det+F8+CV 10004 10.9s  (경과 163s)
[86/180] v2_1c_s31 det+F8+CV 10005 10.9s  (경과 166s)
[87/180] v2_1c_s31 det+F8+CV 10006 11.1s  (경과 166s)
[88/180] v2_1c_s31 det+F8+CV 10008 10.7s  (경과 167s)
[89/180] v2_1c_s31 det+F8+CV 10007 10.9s  (경과 167s)
[90/180] v2_1c_s31 det+F8+CV 10009 10.9s  (경과 168s)
[91/180] v2_1c_s31 det+F8+CV 10010 10.3s  (경과 173s)
[92/180] v2_1c_s31 det+F8+CV 10012 10.6s  (경과 177s)
[93/180] v2_1c_s31 det+F8+CV 10011 11.1s  (경과 177s)
[94/180] v2_1c_s31 det+F8+CV 10014 11.1s  (경과 178s)
[95/180] v2_1c_s31 det+F8+CV 10013 11.3s  (경과 178s)
[96/180] v2_1c_s31 det+F8+CV 10015 11.7s  (경과 180s)
[97/180] v2_1c_s31 det+F8+CV 10016 10.8s  (경과 184s)
[98/180] v2_1c_s31 det+F8+CV 10018 11.4s  (경과 188s)
[99/180] v2_1c_s31 det+F8+CV 10017 11.6s  (경과 188s)
[100/180] v2_1c_s31 det+F8+CV 10019 11.0s  (경과 189s)
[101/180] v2_1c_s31 det+F8+NS+CV 10000 11.1s  (경과 189s)
[102/180] v2_1c_s31 det+F8+NS+CV 10001 11.1s  (경과 191s)
[103/180] v2_1c_s31 det+F8+NS+CV 10002 10.9s  (경과 195s)
[104/180] v2_1c_s31 det+F8+NS+CV 10003 11.3s  (경과 199s)
[105/180] v2_1c_s31 det+F8+NS+CV 10004 11.1s  (경과 199s)
[106/180] v2_1c_s31 det+F8+NS+CV 10005 11.0s  (경과 200s)
[107/180] v2_1c_s31 det+F8+NS+CV 10006 10.8s  (경과 200s)
[108/180] v2_1c_s31 det+F8+NS+CV 10007 11.1s  (경과 202s)
[109/180] v2_1c_s31 det+F8+NS+CV 10008 11.2s  (경과 206s)
[110/180] v2_1c_s31 det+F8+NS+CV 10010 10.7s  (경과 210s)
[111/180] v2_1c_s31 det+F8+NS+CV 10009 10.9s  (경과 210s)
[112/180] v2_1c_s31 det+F8+NS+CV 10012 11.0s  (경과 211s)
[113/180] v2_1c_s31 det+F8+NS+CV 10011 11.3s  (경과 211s)
[114/180] v2_1c_s31 det+F8+NS+CV 10013 11.3s  (경과 214s)
[115/180] v2_1c_s31 det+F8+NS+CV 10014 11.3s  (경과 217s)
[116/180] v2_1c_s31 det+F8+NS+CV 10016 10.5s  (경과 221s)
[117/180] v2_1c_s31 det+F8+NS+CV 10015 11.7s  (경과 222s)
[118/180] v2_1c_s31 det+F8+NS+CV 10017 11.5s  (경과 222s)
[119/180] v2_1c_s31 det+F8+NS+CV 10018 11.4s  (경과 222s)
[120/180] v2_1c_s31 det+F8+NS+CV 10019 10.8s  (경과 225s)
[121/180] v2_1c_s33 det+CV 10000 11.1s  (경과 229s)
[122/180] v2_1c_s33 det+CV 10001 10.7s  (경과 231s)
[123/180] v2_1c_s33 det+CV 10002 10.6s  (경과 232s)
[124/180] v2_1c_s33 det+CV 10003 11.1s  (경과 233s)
[125/180] v2_1c_s33 det+CV 10004 11.0s  (경과 233s)
[126/180] v2_1c_s33 det+CV 10005 11.0s  (경과 236s)
[127/180] v2_1c_s33 det+CV 10006 11.6s  (경과 240s)
[128/180] v2_1c_s33 det+CV 10007 11.7s  (경과 243s)
[129/180] v2_1c_s33 det+CV 10008 11.1s  (경과 243s)
[130/180] v2_1c_s33 det+CV 10010 10.9s  (경과 244s)
[131/180] v2_1c_s33 det+CV 10009 11.1s  (경과 245s)
[132/180] v2_1c_s33 det+CV 10011 11.4s  (경과 247s)
[133/180] v2_1c_s33 det+CV 10012 11.1s  (경과 251s)
[134/180] v2_1c_s33 det+CV 10013 11.1s  (경과 254s)
[135/180] v2_1c_s33 det+CV 10014 11.1s  (경과 254s)
[136/180] v2_1c_s33 det+CV 10016 10.6s  (경과 255s)
[137/180] v2_1c_s33 det+CV 10015 11.5s  (경과 256s)
[138/180] v2_1c_s33 det+CV 10017 11.8s  (경과 259s)
[139/180] v2_1c_s33 det+CV 10018 11.6s  (경과 263s)
[140/180] v2_1c_s33 det+F8+CV 10000 10.9s  (경과 265s)
[141/180] v2_1c_s33 det+CV 10019 11.1s  (경과 265s)
[142/180] v2_1c_s33 det+F8+CV 10001 10.9s  (경과 266s)
[143/180] v2_1c_s33 det+F8+CV 10002 10.9s  (경과 267s)
[144/180] v2_1c_s33 det+F8+CV 10003 11.6s  (경과 270s)
[145/180] v2_1c_s33 det+F8+CV 10004 11.1s  (경과 274s)
[146/180] v2_1c_s33 det+F8+CV 10006 11.2s  (경과 277s)
[147/180] v2_1c_s33 det+F8+CV 10005 11.2s  (경과 277s)
[148/180] v2_1c_s33 det+F8+CV 10007 11.6s  (경과 278s)
[149/180] v2_1c_s33 det+F8+CV 10008 11.2s  (경과 278s)
[150/180] v2_1c_s33 det+F8+CV 10009 11.2s  (경과 281s)
[151/180] v2_1c_s33 det+F8+CV 10010 10.5s  (경과 285s)
[152/180] v2_1c_s33 det+F8+CV 10011 11.1s  (경과 288s)
[153/180] v2_1c_s33 det+F8+CV 10012 11.2s  (경과 288s)
[154/180] v2_1c_s33 det+F8+CV 10013 11.2s  (경과 289s)
[155/180] v2_1c_s33 det+F8+CV 10014 11.4s  (경과 289s)
[156/180] v2_1c_s33 det+F8+CV 10015 11.2s  (경과 293s)
[157/180] v2_1c_s33 det+F8+CV 10016 10.9s  (경과 295s)
[158/180] v2_1c_s33 det+F8+CV 10017 11.7s  (경과 299s)
[159/180] v2_1c_s33 det+F8+CV 10018 11.9s  (경과 300s)
[160/180] v2_1c_s33 det+F8+NS+CV 10000 10.8s  (경과 300s)
[161/180] v2_1c_s33 det+F8+CV 10019 11.7s  (경과 301s)
[162/180] v2_1c_s33 det+F8+NS+CV 10001 10.7s  (경과 303s)
[163/180] v2_1c_s33 det+F8+NS+CV 10002 10.6s  (경과 306s)
[164/180] v2_1c_s33 det+F8+NS+CV 10004 10.8s  (경과 310s)
[165/180] v2_1c_s33 det+F8+NS+CV 10003 11.3s  (경과 311s)
[166/180] v2_1c_s33 det+F8+NS+CV 10005 10.9s  (경과 311s)
[167/180] v2_1c_s33 det+F8+NS+CV 10006 11.3s  (경과 312s)
[168/180] v2_1c_s33 det+F8+NS+CV 10007 11.1s  (경과 314s)
[169/180] v2_1c_s33 det+F8+NS+CV 10008 11.0s  (경과 317s)
[170/180] v2_1c_s33 det+F8+NS+CV 10010 10.3s  (경과 321s)
[171/180] v2_1c_s33 det+F8+NS+CV 10009 10.7s  (경과 321s)
[172/180] v2_1c_s33 det+F8+NS+CV 10011 11.1s  (경과 322s)
[173/180] v2_1c_s33 det+F8+NS+CV 10012 10.9s  (경과 323s)
[174/180] v2_1c_s33 det+F8+NS+CV 10013 11.3s  (경과 326s)
[175/180] v2_1c_s33 det+F8+NS+CV 10014 11.1s  (경과 328s)
[176/180] v2_1c_s33 det+F8+NS+CV 10016 10.4s  (경과 332s)
[177/180] v2_1c_s33 det+F8+NS+CV 10015 11.4s  (경과 332s)
[178/180] v2_1c_s33 det+F8+NS+CV 10017 11.3s  (경과 333s)
[179/180] v2_1c_s33 det+F8+NS+CV 10018 11.0s  (경과 334s)
[180/180] v2_1c_s33 det+F8+NS+CV 10019 10.0s  (경과 336s)
