잡 300개 (워커 6)
[1/300] v2_2r_t0_s24 det+F8 10004 16.5s  (경과 17s)
[2/300] v2_2r_t0_s24 det+F8 10005 16.6s  (경과 17s)
[3/300] v2_2r_t0_s24 det+F8 10001 16.7s  (경과 17s)
[4/300] v2_2r_t0_s24 det+F8 10002 16.7s  (경과 17s)
[5/300] v2_2r_t0_s24 det+F8 10000 16.8s  (경과 17s)
[6/300] v2_2r_t0_s24 det+F8 10003 17.1s  (경과 17s)
[7/300] v2_2r_t0_s24 det+F8 10010 12.4s  (경과 29s)
[8/300] v2_2r_t0_s24 det+F8 10008 12.8s  (경과 30s)
[9/300] v2_2r_t0_s24 det+F8 10009 13.0s  (경과 30s)
[10/300] v2_2r_t0_s24 det+F8 10007 13.1s  (경과 30s)
[11/300] v2_2r_t0_s24 det+F8 10006 13.2s  (경과 30s)
[12/300] v2_2r_t0_s24 det+F8 10011 13.2s  (경과 31s)
[13/300] v2_2r_t0_s24 det+F8 10016 12.8s  (경과 43s)
[14/300] v2_2r_t0_s24 det+F8 10012 13.4s  (경과 43s)
[15/300] v2_2r_t0_s24 det+F8 10013 13.3s  (경과 43s)
[16/300] v2_2r_t0_s24 det+F8 10014 13.4s  (경과 43s)
[17/300] v2_2r_t0_s24 det+F8 10015 13.8s  (경과 44s)
[18/300] v2_2r_t0_s24 det+F8 10017 13.9s  (경과 44s)
[19/300] v2_2r_t0_s24 det+NS 10000 12.5s  (경과 56s)
[20/300] v2_2r_t0_s24 det+F8 10019 12.8s  (경과 56s)
[21/300] v2_2r_t0_s24 det+NS 10001 12.7s  (경과 56s)
[22/300] v2_2r_t0_s24 det+F8 10018 13.4s  (경과 56s)
[23/300] v2_2r_t0_s24 det+NS 10002 12.5s  (경과 56s)
[24/300] v2_2r_t0_s24 det+NS 10003 12.7s  (경과 57s)
[25/300] v2_2r_t0_s24 det+NS 10004 12.0s  (경과 68s)
[26/300] v2_2r_t0_s24 det+NS 10008 12.4s  (경과 69s)
[27/300] v2_2r_t0_s24 det+NS 10005 13.1s  (경과 69s)
[28/300] v2_2r_t0_s24 det+NS 10007 12.8s  (경과 69s)
[29/300] v2_2r_t0_s24 det+NS 10006 13.1s  (경과 69s)
[30/300] v2_2r_t0_s24 det+NS 10009 13.1s  (경과 70s)
[31/300] v2_2r_t0_s24 det+NS 10010 11.4s  (경과 79s)
[32/300] v2_2r_t0_s24 det+NS 10012 11.8s  (경과 81s)
[33/300] v2_2r_t0_s24 det+NS 10011 12.3s  (경과 81s)
[34/300] v2_2r_t0_s24 det+NS 10014 12.0s  (경과 81s)
[35/300] v2_2r_t0_s24 det+NS 10013 12.3s  (경과 81s)
[36/300] v2_2r_t0_s24 det+NS 10015 11.9s  (경과 82s)
[37/300] v2_2r_t0_s24 det+NS 10016 10.9s  (경과 90s)
[38/300] v2_2r_t0_s24 det+NS 10019 11.0s  (경과 92s)
[39/300] v2_2r_t0_s24 det+NS 10017 11.6s  (경과 92s)
[40/300] v2_2r_t0_s24 det+NS 10018 11.4s  (경과 92s)
[41/300] v2_2r_t0_s24 det+F8+NS 10000 11.5s  (경과 93s)
[42/300] v2_2r_t0_s24 det+F8+NS 10001 11.0s  (경과 93s)
[43/300] v2_2r_t0_s24 det+F8+NS 10002 11.0s  (경과 101s)
[44/300] v2_2r_t0_s24 det+F8+NS 10004 11.2s  (경과 103s)
[45/300] v2_2r_t0_s24 det+F8+NS 10005 11.5s  (경과 104s)
[46/300] v2_2r_t0_s24 det+F8+NS 10003 11.9s  (경과 104s)
[47/300] v2_2r_t0_s24 det+F8+NS 10006 11.6s  (경과 104s)
[48/300] v2_2r_t0_s24 det+F8+NS 10007 11.7s  (경과 105s)
[49/300] v2_2r_t0_s24 det+F8+NS 10008 11.0s  (경과 112s)
[50/300] v2_2r_t0_s24 det+F8+NS 10009 11.2s  (경과 115s)
[51/300] v2_2r_t0_s24 det+F8+NS 10010 11.0s  (경과 115s)
[52/300] v2_2r_t0_s24 det+F8+NS 10012 11.1s  (경과 115s)
[53/300] v2_2r_t0_s24 det+F8+NS 10011 11.6s  (경과 116s)
[54/300] v2_2r_t0_s24 det+F8+NS 10013 11.8s  (경과 117s)
[55/300] v2_2r_t0_s24 det+F8+NS 10014 11.3s  (경과 123s)
[56/300] v2_2r_t0_s24 det+F8+NS 10016 10.9s  (경과 126s)
[57/300] v2_2r_t0_s24 det+F8+NS 10015 11.4s  (경과 126s)
[58/300] v2_2r_t0_s24 det+F8+NS 10017 11.6s  (경과 127s)
[59/300] v2_2r_t0_s24 det+F8+NS 10018 11.8s  (경과 128s)
[60/300] v2_2r_t0_s24 det+F8+NS 10019 11.2s  (경과 128s)
[61/300] v2_1c_s30 det+F8 10000 11.2s  (경과 134s)
[62/300] v2_1c_s30 det+F8 10001 10.9s  (경과 137s)
[63/300] v2_1c_s30 det+F8 10002 10.9s  (경과 137s)
[64/300] v2_1c_s30 det+F8 10003 11.4s  (경과 138s)
[65/300] v2_1c_s30 det+F8 10004 11.3s  (경과 139s)
[66/300] v2_1c_s30 det+F8 10005 11.0s  (경과 139s)
[67/300] v2_1c_s30 det+F8 10006 11.3s  (경과 146s)
[68/300] v2_1c_s30 det+F8 10007 11.3s  (경과 148s)
[69/300] v2_1c_s30 det+F8 10008 11.4s  (경과 148s)
[70/300] v2_1c_s30 det+F8 10009 11.0s  (경과 149s)
[71/300] v2_1c_s30 det+F8 10010 10.7s  (경과 150s)
[72/300] v2_1c_s30 det+F8 10011 11.2s  (경과 150s)
[73/300] v2_1c_s30 det+F8 10012 11.1s  (경과 157s)
[74/300] v2_1c_s30 det+F8 10014 11.2s  (경과 159s)
[75/300] v2_1c_s30 det+F8 10013 11.8s  (경과 160s)
[76/300] v2_1c_s30 det+F8 10016 10.8s  (경과 160s)
[77/300] v2_1c_s30 det+F8 10015 11.5s  (경과 161s)
[78/300] v2_1c_s30 det+F8 10017 11.6s  (경과 162s)
[79/300] v2_1c_s30 det+F8 10018 12.0s  (경과 169s)
[80/300] v2_1c_s30 det+F8 10019 11.1s  (경과 171s)
[81/300] v2_1c_s30 det+NS 10000 11.3s  (경과 171s)
[82/300] v2_1c_s30 det+NS 10001 11.3s  (경과 172s)
[83/300] v2_1c_s30 det+NS 10002 11.0s  (경과 172s)
[84/300] v2_1c_s30 det+NS 10003 11.6s  (경과 173s)
[85/300] v2_1c_s30 det+NS 10004 11.0s  (경과 180s)
[86/300] v2_1c_s30 det+NS 10005 11.2s  (경과 182s)
[87/300] v2_1c_s30 det+NS 10006 11.6s  (경과 183s)
[88/300] v2_1c_s30 det+NS 10007 11.4s  (경과 183s)
[89/300] v2_1c_s30 det+NS 10008 11.1s  (경과 183s)
[90/300] v2_1c_s30 det+NS 10009 11.3s  (경과 185s)
[91/300] v2_1c_s30 det+NS 10010 10.5s  (경과 190s)
[92/300] v2_1c_s30 det+NS 10011 11.5s  (경과 193s)
[93/300] v2_1c_s30 det+NS 10012 11.5s  (경과 194s)
[94/300] v2_1c_s30 det+NS 10014 11.5s  (경과 195s)
[95/300] v2_1c_s30 det+NS 10013 11.6s  (경과 195s)
[96/300] v2_1c_s30 det+NS 10015 11.5s  (경과 196s)
[97/300] v2_1c_s30 det+NS 10016 11.0s  (경과 201s)
[98/300] v2_1c_s30 det+NS 10017 11.9s  (경과 205s)
[99/300] v2_1c_s30 det+NS 10019 10.9s  (경과 205s)
[100/300] v2_1c_s30 det+F8+NS 10000 11.0s  (경과 206s)
[101/300] v2_1c_s30 det+NS 10018 11.4s  (경과 206s)
[102/300] v2_1c_s30 det+F8+NS 10001 11.0s  (경과 207s)
[103/300] v2_1c_s30 det+F8+NS 10002 10.7s  (경과 212s)
[104/300] v2_1c_s30 det+F8+NS 10004 10.9s  (경과 216s)
[105/300] v2_1c_s30 det+F8+NS 10005 11.0s  (경과 217s)
[106/300] v2_1c_s30 det+F8+NS 10003 11.4s  (경과 217s)
[107/300] v2_1c_s30 det+F8+NS 10006 11.6s  (경과 217s)
[108/300] v2_1c_s30 det+F8+NS 10007 11.4s  (경과 219s)
[109/300] v2_1c_s30 det+F8+NS 10008 11.1s  (경과 223s)
[110/300] v2_1c_s30 det+F8+NS 10009 10.9s  (경과 227s)
[111/300] v2_1c_s30 det+F8+NS 10010 11.0s  (경과 228s)
[112/300] v2_1c_s30 det+F8+NS 10011 11.2s  (경과 228s)
[113/300] v2_1c_s30 det+F8+NS 10012 11.3s  (경과 229s)
[114/300] v2_1c_s30 det+F8+NS 10013 11.1s  (경과 230s)
[115/300] v2_1c_s30 det+F8+NS 10014 11.0s  (경과 234s)
[116/300] v2_1c_s30 det+F8+NS 10016 10.6s  (경과 238s)
[117/300] v2_1c_s30 det+F8+NS 10015 11.3s  (경과 239s)
[118/300] v2_1c_s30 det+F8+NS 10017 11.7s  (경과 240s)
[119/300] v2_1c_s30 det+F8+NS 10018 11.6s  (경과 240s)
[120/300] v2_1c_s30 det+F8+NS 10019 11.4s  (경과 241s)
[121/300] v2_1c_s31 det+F8 10000 11.4s  (경과 245s)
[122/300] v2_1c_s31 det+F8 10001 11.4s  (경과 250s)
[123/300] v2_1c_s31 det+F8 10002 11.2s  (경과 250s)
[124/300] v2_1c_s31 det+F8 10003 11.7s  (경과 251s)
[125/300] v2_1c_s31 det+F8 10004 11.4s  (경과 252s)
[126/300] v2_1c_s31 det+F8 10005 11.7s  (경과 253s)
[127/300] v2_1c_s31 det+F8 10006 12.7s  (경과 258s)
[128/300] v2_1c_s31 det+F8 10008 13.0s  (경과 263s)
[129/300] v2_1c_s31 det+F8 10007 13.3s  (경과 263s)
[130/300] v2_1c_s31 det+F8 10010 12.8s  (경과 264s)
[131/300] v2_1c_s31 det+F8 10009 13.5s  (경과 265s)
[132/300] v2_1c_s31 det+F8 10011 13.6s  (경과 266s)
[133/300] v2_1c_s31 det+F8 10012 13.1s  (경과 271s)
[134/300] v2_1c_s31 det+F8 10013 13.3s  (경과 276s)
[135/300] v2_1c_s31 det+F8 10014 13.1s  (경과 276s)
[136/300] v2_1c_s31 det+F8 10016 12.7s  (경과 278s)
[137/300] v2_1c_s31 det+F8 10015 13.5s  (경과 278s)
[138/300] v2_1c_s31 det+F8 10017 13.6s  (경과 280s)
[139/300] v2_1c_s31 det+F8 10018 13.9s  (경과 285s)
[140/300] v2_1c_s31 det+F8 10019 12.4s  (경과 288s)
[141/300] v2_1c_s31 det+NS 10000 12.5s  (경과 289s)
[142/300] v2_1c_s31 det+NS 10001 11.8s  (경과 289s)
[143/300] v2_1c_s31 det+NS 10002 11.7s  (경과 290s)
[144/300] v2_1c_s31 det+NS 10003 10.9s  (경과 291s)
[145/300] v2_1c_s31 det+NS 10004 8.8s  (경과 294s)
[146/300] v2_1c_s31 det+NS 10005 7.7s  (경과 296s)
[147/300] v2_1c_s31 det+NS 10006 7.9s  (경과 296s)
[148/300] v2_1c_s31 det+NS 10007 7.8s  (경과 297s)
[149/300] v2_1c_s31 det+NS 10008 7.7s  (경과 297s)
[150/300] v2_1c_s31 det+NS 10009 7.9s  (경과 299s)
[151/300] v2_1c_s31 det+NS 10010 7.7s  (경과 301s)
[152/300] v2_1c_s31 det+NS 10011 8.4s  (경과 304s)
[153/300] v2_1c_s31 det+NS 10012 8.3s  (경과 305s)
[154/300] v2_1c_s31 det+NS 10014 8.4s  (경과 306s)
[155/300] v2_1c_s31 det+NS 10013 8.5s  (경과 306s)
[156/300] v2_1c_s31 det+NS 10015 8.4s  (경과 307s)
[157/300] v2_1c_s31 det+NS 10016 8.0s  (경과 309s)
[158/300] v2_1c_s31 det+NS 10017 9.0s  (경과 313s)
[159/300] v2_1c_s31 det+NS 10018 9.0s  (경과 314s)
[160/300] v2_1c_s31 det+NS 10019 8.8s  (경과 314s)
[161/300] v2_1c_s31 det+F8+NS 10000 8.9s  (경과 315s)
[162/300] v2_1c_s31 det+F8+NS 10001 8.8s  (경과 316s)
[163/300] v2_1c_s31 det+F8+NS 10002 9.8s  (경과 319s)
[164/300] v2_1c_s31 det+F8+NS 10003 11.2s  (경과 325s)
[165/300] v2_1c_s31 det+F8+NS 10004 11.3s  (경과 325s)
[166/300] v2_1c_s31 det+F8+NS 10005 10.9s  (경과 325s)
[167/300] v2_1c_s31 det+F8+NS 10006 11.5s  (경과 326s)
[168/300] v2_1c_s31 det+F8+NS 10007 11.5s  (경과 327s)
[169/300] v2_1c_s31 det+F8+NS 10008 11.3s  (경과 331s)
[170/300] v2_1c_s31 det+F8+NS 10009 11.9s  (경과 337s)
[171/300] v2_1c_s31 det+F8+NS 10010 11.8s  (경과 337s)
[172/300] v2_1c_s31 det+F8+NS 10011 12.4s  (경과 338s)
[173/300] v2_1c_s31 det+F8+NS 10012 12.6s  (경과 339s)
[174/300] v2_1c_s31 det+F8+NS 10013 13.1s  (경과 341s)
[175/300] v2_1c_s31 det+F8+NS 10014 12.9s  (경과 343s)
[176/300] v2_1c_s31 det+F8+NS 10016 11.6s  (경과 348s)
[177/300] v2_1c_s31 det+F8+NS 10015 12.1s  (경과 349s)
[178/300] v2_1c_s31 det+F8+NS 10017 12.5s  (경과 350s)
[179/300] v2_1c_s31 det+F8+NS 10018 12.3s  (경과 351s)
[180/300] v2_1c_s31 det+F8+NS 10019 11.2s  (경과 352s)
[181/300] v2_1c_s33 det+F8 10000 11.2s  (경과 355s)
[182/300] v2_1c_s33 det+F8 10001 12.2s  (경과 361s)
[183/300] v2_1c_s33 det+F8 10002 12.1s  (경과 361s)
[184/300] v2_1c_s33 det+F8 10003 12.7s  (경과 363s)
[185/300] v2_1c_s33 det+F8 10004 12.5s  (경과 363s)
[186/300] v2_1c_s33 det+F8 10005 12.7s  (경과 364s)
[187/300] v2_1c_s33 det+F8 10006 13.5s  (경과 368s)
[188/300] v2_1c_s33 det+F8 10007 13.2s  (경과 374s)
[189/300] v2_1c_s33 det+F8 10008 13.0s  (경과 374s)
[190/300] v2_1c_s33 det+F8 10010 12.5s  (경과 376s)
[191/300] v2_1c_s33 det+F8 10009 13.2s  (경과 376s)
[192/300] v2_1c_s33 det+F8 10011 13.3s  (경과 378s)
[193/300] v2_1c_s33 det+F8 10012 12.7s  (경과 381s)
[194/300] v2_1c_s33 det+F8 10014 12.6s  (경과 386s)
[195/300] v2_1c_s33 det+F8 10013 12.8s  (경과 387s)
[196/300] v2_1c_s33 det+F8 10016 12.2s  (경과 388s)
[197/300] v2_1c_s33 det+F8 10015 13.1s  (경과 389s)
[198/300] v2_1c_s33 det+F8 10017 13.6s  (경과 391s)
[199/300] v2_1c_s33 det+F8 10018 13.2s  (경과 394s)
[200/300] v2_1c_s33 det+F8 10019 12.8s  (경과 399s)
[201/300] v2_1c_s33 det+NS 10000 13.0s  (경과 399s)
[202/300] v2_1c_s33 det+NS 10001 12.9s  (경과 401s)
[203/300] v2_1c_s33 det+NS 10002 12.4s  (경과 401s)
[204/300] v2_1c_s33 det+NS 10003 13.4s  (경과 405s)
[205/300] v2_1c_s33 det+NS 10004 12.4s  (경과 406s)
[206/300] v2_1c_s33 det+NS 10005 12.5s  (경과 412s)
[207/300] v2_1c_s33 det+NS 10006 13.0s  (경과 412s)
[208/300] v2_1c_s33 det+NS 10008 12.5s  (경과 414s)
[209/300] v2_1c_s33 det+NS 10007 13.2s  (경과 414s)
[210/300] v2_1c_s33 det+NS 10009 12.5s  (경과 417s)
[211/300] v2_1c_s33 det+NS 10010 11.8s  (경과 418s)
[212/300] v2_1c_s33 det+NS 10011 12.7s  (경과 424s)
[213/300] v2_1c_s33 det+NS 10012 12.7s  (경과 425s)
[214/300] v2_1c_s33 det+NS 10013 13.0s  (경과 427s)
[215/300] v2_1c_s33 det+NS 10014 12.8s  (경과 427s)
[216/300] v2_1c_s33 det+NS 10015 13.2s  (경과 430s)
[217/300] v2_1c_s33 det+NS 10016 12.4s  (경과 431s)
[218/300] v2_1c_s33 det+NS 10017 13.4s  (경과 438s)
[219/300] v2_1c_s33 det+NS 10018 13.3s  (경과 438s)
[220/300] v2_1c_s33 det+NS 10019 12.5s  (경과 440s)
[221/300] v2_1c_s33 det+F8+NS 10000 12.8s  (경과 440s)
[222/300] v2_1c_s33 det+F8+NS 10001 12.6s  (경과 443s)
[223/300] v2_1c_s33 det+F8+NS 10002 12.3s  (경과 443s)
[224/300] v2_1c_s33 det+F8+NS 10003 13.1s  (경과 451s)
[225/300] v2_1c_s33 det+F8+NS 10004 12.9s  (경과 451s)
[226/300] v2_1c_s33 det+F8+NS 10005 12.8s  (경과 452s)
[227/300] v2_1c_s33 det+F8+NS 10006 12.9s  (경과 453s)
[228/300] v2_1c_s33 det+F8+NS 10008 12.5s  (경과 455s)
[229/300] v2_1c_s33 det+F8+NS 10007 12.9s  (경과 456s)
[230/300] v2_1c_s33 det+F8+NS 10009 12.4s  (경과 463s)
[231/300] v2_1c_s33 det+F8+NS 10010 12.0s  (경과 463s)
[232/300] v2_1c_s33 det+F8+NS 10011 12.5s  (경과 465s)
[233/300] v2_1c_s33 det+F8+NS 10012 12.3s  (경과 465s)
[234/300] v2_1c_s33 det+F8+NS 10014 12.3s  (경과 468s)
[235/300] v2_1c_s33 det+F8+NS 10013 12.8s  (경과 468s)
[236/300] v2_1c_s33 det+F8+NS 10016 11.7s  (경과 475s)
[237/300] v2_1c_s33 det+F8+NS 10015 12.7s  (경과 476s)
[238/300] v2_1c_s33 det+F8+NS 10017 13.2s  (경과 478s)
[239/300] v2_1c_s33 det+F8+NS 10018 13.3s  (경과 478s)
[240/300] v2_2r_t0_s21 det+F8 10000 12.2s  (경과 481s)
[241/300] v2_1c_s33 det+F8+NS 10019 12.4s  (경과 481s)
[242/300] v2_2r_t0_s21 det+F8 10001 11.7s  (경과 487s)
[243/300] v2_2r_t0_s21 det+F8 10002 11.8s  (경과 488s)
[244/300] v2_2r_t0_s21 det+F8 10004 11.4s  (경과 490s)
[245/300] v2_2r_t0_s21 det+F8 10003 11.8s  (경과 490s)
[246/300] v2_2r_t0_s21 det+F8 10005 11.3s  (경과 492s)
[247/300] v2_2r_t0_s21 det+F8 10006 11.5s  (경과 492s)
[248/300] v2_2r_t0_s21 det+F8 10007 10.3s  (경과 497s)
[249/300] v2_2r_t0_s21 det+F8 10008 9.5s  (경과 497s)
[250/300] v2_2r_t0_s21 det+F8 10010 9.5s  (경과 499s)
[251/300] v2_2r_t0_s21 det+F8 10009 10.1s  (경과 500s)
[252/300] v2_2r_t0_s21 det+F8 10011 10.1s  (경과 502s)
[253/300] v2_2r_t0_s21 det+F8 10012 10.1s  (경과 502s)
[254/300] v2_2r_t0_s21 det+F8 10014 11.6s  (경과 509s)
[255/300] v2_2r_t0_s21 det+F8 10013 11.9s  (경과 509s)
[256/300] v2_2r_t0_s21 det+F8 10016 12.0s  (경과 512s)
[257/300] v2_2r_t0_s21 det+F8 10015 12.7s  (경과 512s)
[258/300] v2_2r_t0_s21 det+F8 10017 12.5s  (경과 514s)
[259/300] v2_2r_t0_s21 det+F8 10018 12.6s  (경과 515s)
[260/300] v2_2r_t0_s21 det+F8 10019 11.7s  (경과 521s)
[261/300] v2_2r_t0_s21 det+NS 10000 11.6s  (경과 521s)
[262/300] v2_2r_t0_s21 det+NS 10002 11.2s  (경과 523s)
[263/300] v2_2r_t0_s21 det+NS 10001 11.2s  (경과 523s)
[264/300] v2_2r_t0_s21 det+NS 10003 11.3s  (경과 526s)
[265/300] v2_2r_t0_s21 det+NS 10004 11.1s  (경과 526s)
[266/300] v2_2r_t0_s21 det+NS 10006 11.1s  (경과 532s)
[267/300] v2_2r_t0_s21 det+NS 10005 11.2s  (경과 532s)
[268/300] v2_2r_t0_s21 det+NS 10008 10.9s  (경과 534s)
[269/300] v2_2r_t0_s21 det+NS 10007 11.1s  (경과 534s)
[270/300] v2_2r_t0_s21 det+NS 10010 10.8s  (경과 537s)
[271/300] v2_2r_t0_s21 det+NS 10009 11.1s  (경과 537s)
[272/300] v2_2r_t0_s21 det+NS 10012 10.7s  (경과 542s)
[273/300] v2_2r_t0_s21 det+NS 10011 11.5s  (경과 543s)
[274/300] v2_2r_t0_s21 det+NS 10013 10.6s  (경과 545s)
[275/300] v2_2r_t0_s21 det+NS 10014 11.0s  (경과 545s)
[276/300] v2_2r_t0_s21 det+NS 10016 10.6s  (경과 547s)
[277/300] v2_2r_t0_s21 det+NS 10015 11.3s  (경과 548s)
[278/300] v2_2r_t0_s21 det+NS 10017 12.0s  (경과 554s)
[279/300] v2_2r_t0_s21 det+NS 10018 11.8s  (경과 555s)
[280/300] v2_2r_t0_s21 det+NS 10019 11.3s  (경과 556s)
[281/300] v2_2r_t0_s21 det+F8+NS 10000 10.9s  (경과 556s)
[282/300] v2_2r_t0_s21 det+F8+NS 10001 10.8s  (경과 558s)
[283/300] v2_2r_t0_s21 det+F8+NS 10002 10.6s  (경과 559s)
[284/300] v2_2r_t0_s21 det+F8+NS 10003 11.3s  (경과 566s)
[285/300] v2_2r_t0_s21 det+F8+NS 10004 11.1s  (경과 566s)
[286/300] v2_2r_t0_s21 det+F8+NS 10005 10.8s  (경과 567s)
[287/300] v2_2r_t0_s21 det+F8+NS 10006 11.3s  (경과 567s)
[288/300] v2_2r_t0_s21 det+F8+NS 10008 10.7s  (경과 569s)
[289/300] v2_2r_t0_s21 det+F8+NS 10007 11.2s  (경과 569s)
[290/300] v2_2r_t0_s21 det+F8+NS 10010 10.4s  (경과 576s)
[291/300] v2_2r_t0_s21 det+F8+NS 10009 11.0s  (경과 577s)
[292/300] v2_2r_t0_s21 det+F8+NS 10011 10.9s  (경과 578s)
[293/300] v2_2r_t0_s21 det+F8+NS 10012 10.9s  (경과 578s)
[294/300] v2_2r_t0_s21 det+F8+NS 10013 11.0s  (경과 580s)
[295/300] v2_2r_t0_s21 det+F8+NS 10014 11.1s  (경과 581s)
[296/300] v2_2r_t0_s21 det+F8+NS 10016 10.6s  (경과 587s)
[297/300] v2_2r_t0_s21 det+F8+NS 10015 11.6s  (경과 588s)
[298/300] v2_2r_t0_s21 det+F8+NS 10017 11.9s  (경과 590s)
[299/300] v2_2r_t0_s21 det+F8+NS 10018 11.6s  (경과 590s)
[300/300] v2_2r_t0_s21 det+F8+NS 10019 10.5s  (경과 591s)
잡 180개 (워커 6)
[1/180] v2_1_s0 det+F1 10002 15.7s  (경과 16s)
[2/180] v2_1_s0 det+F1 10004 15.7s  (경과 16s)
[3/180] v2_1_s0 det+F1 10001 15.8s  (경과 16s)
[4/180] v2_1_s0 det+F1 10005 15.8s  (경과 16s)
[5/180] v2_1_s0 det+F1 10000 16.0s  (경과 16s)
[6/180] v2_1_s0 det+F1 10003 16.4s  (경과 17s)
[7/180] v2_1_s0 det+F1 10010 10.9s  (경과 27s)
[8/180] v2_1_s0 det+F1 10009 11.2s  (경과 27s)
[9/180] v2_1_s0 det+F1 10006 11.5s  (경과 27s)
[10/180] v2_1_s0 det+F1 10008 11.5s  (경과 28s)
[11/180] v2_1_s0 det+F1 10007 11.8s  (경과 28s)
[12/180] v2_1_s0 det+F1 10011 11.7s  (경과 29s)
[13/180] v2_1_s0 det+F1 10012 11.3s  (경과 38s)
[14/180] v2_1_s0 det+F1 10014 11.4s  (경과 39s)
[15/180] v2_1_s0 det+F1 10013 11.6s  (경과 39s)
[16/180] v2_1_s0 det+F1 10016 11.4s  (경과 39s)
[17/180] v2_1_s0 det+F1 10015 11.6s  (경과 39s)
[18/180] v2_1_s0 det+F1 10017 11.9s  (경과 40s)
[19/180] v2_1_s0 det+F1 10019 11.1s  (경과 50s)
[20/180] v2_1_s1 det+F1 10000 11.0s  (경과 50s)
[21/180] v2_1_s1 det+F1 10002 10.9s  (경과 50s)
[22/180] v2_1_s0 det+F1 10018 11.8s  (경과 50s)
[23/180] v2_1_s1 det+F1 10001 11.1s  (경과 50s)
[24/180] v2_1_s1 det+F1 10003 11.6s  (경과 52s)
[25/180] v2_1_s1 det+F1 10005 10.8s  (경과 61s)
[26/180] v2_1_s1 det+F1 10004 11.3s  (경과 61s)
[27/180] v2_1_s1 det+F1 10007 11.2s  (경과 61s)
[28/180] v2_1_s1 det+F1 10008 11.1s  (경과 61s)
[29/180] v2_1_s1 det+F1 10006 11.4s  (경과 62s)
[30/180] v2_1_s1 det+F1 10009 11.3s  (경과 63s)
[31/180] v2_1_s1 det+F1 10010 10.2s  (경과 71s)
[32/180] v2_1_s1 det+F1 10011 11.1s  (경과 72s)
[33/180] v2_1_s1 det+F1 10012 10.9s  (경과 72s)
[34/180] v2_1_s1 det+F1 10014 11.0s  (경과 72s)
[35/180] v2_1_s1 det+F1 10013 11.1s  (경과 73s)
[36/180] v2_1_s1 det+F1 10015 11.3s  (경과 74s)
[37/180] v2_1_s1 det+F1 10016 10.9s  (경과 82s)
[38/180] v2_1_s1 det+F1 10017 11.5s  (경과 84s)
[39/180] v2_1_s1 det+F1 10018 11.4s  (경과 84s)
[40/180] v2_1_s2 det+F1 10000 11.3s  (경과 84s)
[41/180] v2_1_s1 det+F1 10019 11.5s  (경과 84s)
[42/180] v2_1_s2 det+F1 10001 11.0s  (경과 85s)
[43/180] v2_1_s2 det+F1 10002 10.9s  (경과 93s)
[44/180] v2_1_s2 det+F1 10004 10.9s  (경과 95s)
[45/180] v2_1_s2 det+F1 10005 10.9s  (경과 95s)
[46/180] v2_1_s2 det+F1 10006 11.2s  (경과 95s)
[47/180] v2_1_s2 det+F1 10003 12.0s  (경과 96s)
[48/180] v2_1_s2 det+F1 10007 11.1s  (경과 97s)
[49/180] v2_1_s2 det+F1 10008 11.0s  (경과 104s)
[50/180] v2_1_s2 det+F1 10010 10.2s  (경과 105s)
[51/180] v2_1_s2 det+F1 10009 10.8s  (경과 105s)
[52/180] v2_1_s2 det+F1 10011 11.1s  (경과 106s)
[53/180] v2_1_s2 det+F1 10012 10.9s  (경과 107s)
[54/180] v2_1_s2 det+F1 10013 10.9s  (경과 108s)
[55/180] v2_1_s2 det+F1 10014 11.0s  (경과 115s)
[56/180] v2_1_s2 det+F1 10016 10.8s  (경과 116s)
[57/180] v2_1_s2 det+F1 10015 11.6s  (경과 117s)
[58/180] v2_1_s2 det+F1 10018 11.6s  (경과 118s)
[59/180] v2_1_s2 det+F1 10017 12.0s  (경과 118s)
[60/180] v2_1_s2 det+F1 10019 11.1s  (경과 119s)
[61/180] v2_2r_t0_s20 det+F1 10000 10.8s  (경과 125s)
[62/180] v2_2r_t0_s20 det+F1 10001 10.8s  (경과 127s)
[63/180] v2_2r_t0_s20 det+F1 10002 10.6s  (경과 127s)
[64/180] v2_2r_t0_s20 det+F1 10004 10.9s  (경과 129s)
[65/180] v2_2r_t0_s20 det+F1 10003 11.4s  (경과 130s)
[66/180] v2_2r_t0_s20 det+F1 10005 11.4s  (경과 130s)
[67/180] v2_2r_t0_s20 det+F1 10006 11.3s  (경과 137s)
[68/180] v2_2r_t0_s20 det+F1 10008 10.9s  (경과 138s)
[69/180] v2_2r_t0_s20 det+F1 10007 11.6s  (경과 139s)
[70/180] v2_2r_t0_s20 det+F1 10009 11.3s  (경과 140s)
[71/180] v2_2r_t0_s20 det+F1 10010 11.0s  (경과 141s)
[72/180] v2_2r_t0_s20 det+F1 10011 11.1s  (경과 141s)
[73/180] v2_2r_t0_s20 det+F1 10012 11.3s  (경과 148s)
[74/180] v2_2r_t0_s20 det+F1 10013 11.7s  (경과 150s)
[75/180] v2_2r_t0_s20 det+F1 10014 11.5s  (경과 150s)
[76/180] v2_2r_t0_s20 det+F1 10016 11.2s  (경과 152s)
[77/180] v2_2r_t0_s20 det+F1 10015 11.7s  (경과 152s)
[78/180] v2_2r_t0_s20 det+F1 10017 12.1s  (경과 153s)
[79/180] v2_2r_t0_s20 det+F1 10018 11.6s  (경과 160s)
[80/180] v2_2r_t0_s20 det+F1 10019 11.2s  (경과 161s)
[81/180] v2_2r_t0_s22 det+F1 10000 11.0s  (경과 161s)
[82/180] v2_2r_t0_s22 det+F1 10002 10.6s  (경과 163s)
[83/180] v2_2r_t0_s22 det+F1 10001 10.9s  (경과 163s)
[84/180] v2_2r_t0_s22 det+F1 10003 11.5s  (경과 165s)
[85/180] v2_2r_t0_s22 det+F1 10004 11.3s  (경과 171s)
[86/180] v2_2r_t0_s22 det+F1 10005 11.3s  (경과 172s)
[87/180] v2_2r_t0_s22 det+F1 10006 11.5s  (경과 173s)
[88/180] v2_2r_t0_s22 det+F1 10008 11.2s  (경과 174s)
[89/180] v2_2r_t0_s22 det+F1 10007 11.6s  (경과 174s)
[90/180] v2_2r_t0_s22 det+F1 10009 11.4s  (경과 176s)
[91/180] v2_2r_t0_s22 det+F1 10010 10.9s  (경과 182s)
[92/180] v2_2r_t0_s22 det+F1 10012 10.9s  (경과 183s)
[93/180] v2_2r_t0_s22 det+F1 10011 11.3s  (경과 184s)
[94/180] v2_2r_t0_s22 det+F1 10013 11.5s  (경과 185s)
[95/180] v2_2r_t0_s22 det+F1 10014 11.4s  (경과 186s)
[96/180] v2_2r_t0_s22 det+F1 10015 11.4s  (경과 188s)
[97/180] v2_2r_t0_s22 det+F1 10016 10.9s  (경과 193s)
[98/180] v2_2r_t0_s22 det+F1 10017 11.5s  (경과 195s)
[99/180] v2_2r_t0_s22 det+F1 10018 11.3s  (경과 195s)
[100/180] v2_2r_t0_s23 det+F1 10000 11.0s  (경과 197s)
[101/180] v2_2r_t0_s22 det+F1 10019 11.6s  (경과 197s)
[102/180] v2_2r_t0_s23 det+F1 10001 11.3s  (경과 199s)
[103/180] v2_2r_t0_s23 det+F1 10002 10.9s  (경과 204s)
[104/180] v2_2r_t0_s23 det+F1 10004 11.0s  (경과 206s)
[105/180] v2_2r_t0_s23 det+F1 10003 11.3s  (경과 206s)
[106/180] v2_2r_t0_s23 det+F1 10005 10.7s  (경과 207s)
[107/180] v2_2r_t0_s23 det+F1 10006 11.2s  (경과 208s)
[108/180] v2_2r_t0_s23 det+F1 10007 11.0s  (경과 210s)
[109/180] v2_2r_t0_s23 det+F1 10008 10.9s  (경과 215s)
[110/180] v2_2r_t0_s23 det+F1 10009 10.7s  (경과 217s)
[111/180] v2_2r_t0_s23 det+F1 10010 10.6s  (경과 217s)
[112/180] v2_2r_t0_s23 det+F1 10011 11.3s  (경과 219s)
[113/180] v2_2r_t0_s23 det+F1 10012 10.9s  (경과 219s)
[114/180] v2_2r_t0_s23 det+F1 10013 11.4s  (경과 221s)
[115/180] v2_2r_t0_s23 det+F1 10014 10.9s  (경과 225s)
[116/180] v2_2r_t0_s23 det+F1 10016 10.8s  (경과 228s)
[117/180] v2_2r_t0_s23 det+F1 10015 11.3s  (경과 228s)
[118/180] v2_2r_t0_s23 det+F1 10017 11.5s  (경과 230s)
[119/180] v2_2r_t0_s23 det+F1 10018 11.5s  (경과 231s)
[120/180] v2_2r_t0_s23 det+F1 10019 11.1s  (경과 232s)
[121/180] v2_2r_t0_s25 det+F1 10000 11.2s  (경과 237s)
[122/180] v2_2r_t0_s25 det+F1 10002 10.6s  (경과 239s)
[123/180] v2_2r_t0_s25 det+F1 10001 11.1s  (경과 239s)
[124/180] v2_2r_t0_s25 det+F1 10003 10.9s  (경과 241s)
[125/180] v2_2r_t0_s25 det+F1 10004 10.9s  (경과 242s)
[126/180] v2_2r_t0_s25 det+F1 10005 10.6s  (경과 243s)
[127/180] v2_2r_t0_s25 det+F1 10006 11.1s  (경과 248s)
[128/180] v2_2r_t0_s25 det+F1 10007 11.2s  (경과 250s)
[129/180] v2_2r_t0_s25 det+F1 10008 11.1s  (경과 250s)
[130/180] v2_2r_t0_s25 det+F1 10009 11.1s  (경과 252s)
[131/180] v2_2r_t0_s25 det+F1 10010 10.8s  (경과 252s)
[132/180] v2_2r_t0_s25 det+F1 10011 11.2s  (경과 254s)
[133/180] v2_2r_t0_s25 det+F1 10012 11.0s  (경과 259s)
[134/180] v2_2r_t0_s25 det+F1 10014 11.2s  (경과 261s)
[135/180] v2_2r_t0_s25 det+F1 10013 11.4s  (경과 261s)
[136/180] v2_2r_t0_s25 det+F1 10016 10.7s  (경과 263s)
[137/180] v2_2r_t0_s25 det+F1 10015 11.4s  (경과 264s)
[138/180] v2_2r_t0_s25 det+F1 10017 11.7s  (경과 266s)
[139/180] v2_2r_t0_s25 det+F1 10018 11.5s  (경과 270s)
[140/180] v2_2r_t0_s25 det+F1 10019 11.0s  (경과 272s)
[141/180] v2_1c_s32 det+F1 10000 11.1s  (경과 272s)
[142/180] v2_1c_s32 det+F1 10001 11.1s  (경과 274s)
[143/180] v2_1c_s32 det+F1 10002 10.7s  (경과 274s)
[144/180] v2_1c_s32 det+F1 10003 11.3s  (경과 277s)
[145/180] v2_1c_s32 det+F1 10004 11.0s  (경과 281s)
[146/180] v2_1c_s32 det+F1 10005 10.8s  (경과 283s)
[147/180] v2_1c_s32 det+F1 10006 11.2s  (경과 283s)
[148/180] v2_1c_s32 det+F1 10007 11.1s  (경과 285s)
[149/180] v2_1c_s32 det+F1 10008 11.2s  (경과 286s)
[150/180] v2_1c_s32 det+F1 10009 11.1s  (경과 288s)
[151/180] v2_1c_s32 det+F1 10010 10.9s  (경과 292s)
[152/180] v2_1c_s32 det+F1 10011 11.5s  (경과 294s)
[153/180] v2_1c_s32 det+F1 10012 11.1s  (경과 295s)
[154/180] v2_1c_s32 det+F1 10013 11.3s  (경과 296s)
[155/180] v2_1c_s32 det+F1 10014 11.0s  (경과 297s)
[156/180] v2_1c_s32 det+F1 10015 11.5s  (경과 300s)
[157/180] v2_1c_s32 det+F1 10016 10.7s  (경과 303s)
[158/180] v2_1c_s32 det+F1 10018 11.2s  (경과 306s)
[159/180] v2_1c_s32 det+F1 10017 11.7s  (경과 306s)
[160/180] v2_1c_s34 det+F1 10000 10.8s  (경과 307s)
[161/180] v2_1c_s32 det+F1 10019 11.0s  (경과 307s)
[162/180] v2_1c_s34 det+F1 10001 10.6s  (경과 310s)
[163/180] v2_1c_s34 det+F1 10002 11.0s  (경과 314s)
[164/180] v2_1c_s34 det+F1 10004 11.2s  (경과 317s)
[165/180] v2_1c_s34 det+F1 10003 11.6s  (경과 317s)
[166/180] v2_1c_s34 det+F1 10005 11.1s  (경과 318s)
[167/180] v2_1c_s34 det+F1 10006 11.3s  (경과 319s)
[168/180] v2_1c_s34 det+F1 10007 11.3s  (경과 322s)
[169/180] v2_1c_s34 det+F1 10008 10.9s  (경과 325s)
[170/180] v2_1c_s34 det+F1 10009 10.9s  (경과 328s)
[171/180] v2_1c_s34 det+F1 10010 10.7s  (경과 328s)
[172/180] v2_1c_s34 det+F1 10011 11.3s  (경과 330s)
[173/180] v2_1c_s34 det+F1 10012 11.1s  (경과 330s)
[174/180] v2_1c_s34 det+F1 10013 11.0s  (경과 333s)
[175/180] v2_1c_s34 det+F1 10014 10.6s  (경과 335s)
[176/180] v2_1c_s34 det+F1 10016 10.7s  (경과 339s)
[177/180] v2_1c_s34 det+F1 10015 11.3s  (경과 339s)
[178/180] v2_1c_s34 det+F1 10017 11.1s  (경과 341s)
[179/180] v2_1c_s34 det+F1 10018 11.1s  (경과 341s)
[180/180] v2_1c_s34 det+F1 10019 9.8s  (경과 342s)
