# v3 R1 판정 — s2

**결론: 통과** (PREREG 4절 다섯 조건 모두 만족해야 통과)

- 모델 `ckpt/v3/v3_r1_g995_s2_20m.zip`, 판정 세계 `configs/v3_r1_on.yaml`(digest 51da294743a0), 목록 graze, flee, hide, freeze, FREEZE 판 near, 지표 정의 r1b
- 평가 시드 10100~10119 (20개) × 10000스텝, 정책은 모두 argmax·결정적, G_γ γ 0.9916661555611042 tail 600

## 판정 (PREREG 4절)

| 조건 | 값 | 문턱 | 결과 |
|---|---|---|---|
| 1. 성과: RL − FSM G_γ 짝 t | 평균 차 +0.2553, t +3.79 | t ≥ −2.093 | 통과 — FSM 을 이김 |
| 2. 맞는 때: U_ESC | 0.560 | ≥ 0.18 | 통과 |
| 2. 맞는 때: U_HIDE | 0.770 | ≥ 0.2 | 통과 |
| 2. 맞는 때: U_FREEZE | 0.325 | ≥ 0.1 | 통과 |
| 3. 쓰임: graze 사용 비중 | 95.60% | ≥ 0.5% | 통과 |
| 3. 쓰임: flee 사용 비중 | 0.95% | ≥ 0.5% | 통과 |
| 3. 쓰임: hide 사용 비중 | 0.94% | ≥ 0.5% | 통과 |
| 3. 쓰임: freeze 사용 비중 | 2.51% | ≥ 0.5% | 통과 |
| 3. 쓰임: 깜빡임(3초 안 A-B-A) | 31.97% | ≤ 65% | 통과 |
| 4. 입력 의존(보고만): 접근 0.5 고정 → U_FREEZE 하락률 | — | ≥ 0.5 | 실패 |
| 5. 굶음: 아사율 RL / FSM | 0.00028 / 0.00031 (비 0.90) | ≤ 1.5 × FSM | 통과 |

## 정책별 지표

사용 비중 = 실행한 행동의 개체-스텝 비율(G 먹기·F 도망·H 숨기·Z 얼기·S 잠). U 는 결정 시점 표본, 평가 시드를 합친 값.

| 정책 | G_γ | 피식률 | 아사율 | 사용 G/F/H/Z/S | 깜빡임 | 결정 비율 | U_ESC | U_HIDE | U_FREEZE | U_SLEEP |
|---|---|---|---|---|---|---|---|---|---|---|
| rl | 3.1997 | 0.00137 | 0.00028 | 0.956/0.010/0.009/0.025/0.000 | 0.320 | 0.916 | 0.560 | 0.770 | 0.325 | 0.000 |
| fsm | 2.9444 | 0.00144 | 0.00031 | 0.904/0.000/0.079/0.017/0.000 | 0.522 | 0.910 | 0.699 | 0.000 | 1.000 | 0.000 |
| rbase | 3.3169 | 0.00140 | 0.00028 | 0.976/0.024/0.000/0.000/0.000 | 0.627 | 0.936 | 0.279 | 0.000 | 0.000 | 0.000 |
| c_graze | 2.8437 | 0.00169 | 0.00031 | 1.000/0.000/0.000/0.000/0.000 | — | 0.976 | 0.000 | 0.000 | 0.000 | 0.000 |
| c1p | 2.9016 | 0.00164 | 0.00031 | 0.989/0.002/0.005/0.004/0.000 | 0.466 | 0.957 | 0.007 | 0.000 | 0.000 | 0.000 |

## 위험 할당 (보고만)

RL 의 FLEE 진입 때 가장 가까운 보이는 위협 거리 중앙값: 배부름(E > 0.7) 5.18 (n 19530), 배고픔(E < 0.35) 3.79 (n 3139), 차(배부름 − 배고픔) +1.39. 양수면 배고플 때 위협을 더 가까이까지 참는다.

