# v3 R0 행동별 통과 시험 (손 규칙 소수 침입)

설정 results/v3/r0/cal1/v3_r0_on_cal1_freeze.yaml + obs_extra, 시드 12000~12039 (40개) × 3000스텝, 거주 규칙 R_base(θ 4, a 0.9). 값 = 침입 16 − 거주 112, 개체-스텝당. 짝 t 임계 2.023.

## 판정 (PREREG 3절)

| 행동 | (1) 니치 양수 칸 / 유의 음수 칸 | (2) 니치 밖 유의 음수 칸 | (3) 교차 유의 음수 칸 | 교차 X 사용(침입) | 판정 | 이중차 판정(보고만) |
|---|---|---|---|---|---|---|
| freeze | 0 / 2 × | 8 ○ | 0 × | 0.044 | 실패 | 실패 |
| hide | — | — | — | — | (칸 부족) | — |
| sleep | — | — | — | — | (칸 부족) | — |

판정 불능 = (1)·(2) 통과, (3)만 실패, 교차 칸 침입 X 사용 비율 평균 < 0.05 (통과가 아니다. R1 포함은 사람이 정한다). 이중차 판정은 같은 규칙을 보상 이중차로 잰 강건성 확인이다.

## 칸별 값

이중차(보고만) = 침입 차 − 같은 시드·칸에서 X 없이 돌린 슬롯 0~15 − 나머지 차(배치 운을 뺀다). 판정은 PREREG 대로 침입 차다. 사건 조건 = X 규칙의 조건에 들어선 순간부터 60스텝 창의 보상 합·피식 비율, 침입 − 거주(창 수 침입·거주). MDE80 = 80% 검정력 최소 차. 희석 보정 = 보상 차 / 침입 X 사용 비율.

| 행동 | 모드 | 칸 | 보상 (t) | MDE80 | 희석 보정 | 보상 이중차 (t) | 피식 (t) | 아사 (t) | X 사용 침입·거주 | 사건 조건 보상 (t) | 사건 조건 피식 (t) | 창 수 | 깜빡임 침입·거주 | 초당 전환 침입·거주 |
|---|---|---|---|---|---|---|---|---|---|---|---|---|---|---|
| freeze | cross | ps0.3_np_T1800 | +0.00133 (+2.27) | 0.00168 | +0.0338 | +0.00064 (+0.85) | -0.00015 (-4.10) | +0.00000 (+0.29) | 0.039 · 0.000 | +0.954 (+6.39) | -0.0602 (-5.99) | 4405 · 31159 | 0.544 · 0.637 | 0.043 · 0.053 |
| freeze | cross | ps0.3_np_T600 | +0.00320 (+4.51) | 0.00204 | +0.0809 | +0.00356 (+4.13) | -0.00021 (-5.21) | -0.00004 (-2.16) | 0.040 · 0.000 | +1.103 (+8.11) | -0.0694 (-5.91) | 4508 · 31744 | 0.556 · 0.636 | 0.045 · 0.053 |
| freeze | cross | ps0.3_pl_T1800 | +0.00324 (+5.03) | 0.00185 | +0.0717 | +0.00362 (+3.93) | -0.00015 (-3.96) | -0.00006 (-3.48) | 0.045 · 0.000 | +0.932 (+6.91) | -0.0516 (-5.21) | 4782 · 33957 | 0.533 · 0.642 | 0.047 · 0.058 |
| freeze | cross | ps0.3_pl_T600 | +0.00283 (+4.72) | 0.00172 | +0.0605 | +0.00310 (+3.94) | -0.00013 (-4.24) | -0.00005 (-3.19) | 0.047 · 0.000 | +0.757 (+6.28) | -0.0504 (-6.03) | 5160 · 35688 | 0.532 · 0.639 | 0.050 · 0.060 |
| freeze | cross | ps0.7_np_T1800 | +0.00369 (+4.66) | 0.00227 | +0.0862 | +0.00371 (+3.86) | -0.00025 (-5.44) | -0.00001 (-0.91) | 0.043 · 0.000 | +1.301 (+10.69) | -0.0836 (-9.19) | 4888 · 34518 | 0.582 · 0.639 | 0.052 · 0.059 |
| freeze | cross | ps0.7_np_T600 | +0.00394 (+6.10) | 0.00186 | +0.0888 | +0.00323 (+4.27) | -0.00024 (-6.86) | -0.00002 (-1.65) | 0.044 · 0.000 | +1.266 (+11.87) | -0.0765 (-8.56) | 5136 · 35791 | 0.585 · 0.640 | 0.054 · 0.061 |
| freeze | cross | ps0.7_pl_T1800 | +0.00287 (+4.77) | 0.00173 | +0.0596 | +0.00290 (+3.68) | -0.00021 (-5.35) | -0.00002 (-1.80) | 0.048 · 0.000 | +0.938 (+7.91) | -0.0598 (-7.25) | 5264 · 37396 | 0.568 · 0.642 | 0.055 · 0.064 |
| freeze | cross | ps0.7_pl_T600 | +0.00357 (+5.57) | 0.00184 | +0.0724 | +0.00309 (+3.94) | -0.00022 (-6.14) | -0.00003 (-1.76) | 0.049 · 0.000 | +1.035 (+11.81) | -0.0676 (-10.89) | 5569 · 38459 | 0.564 · 0.638 | 0.057 · 0.065 |
| freeze | niche | ps0.3_np_T1800 | -0.00102 (-1.35) | 0.00218 | -0.0168 | -0.00171 (-1.97) | -0.00018 (-4.37) | +0.00006 (+2.82) | 0.061 · 0.000 | -0.390 (-3.13) | -0.0354 (-4.44) | 4300 · 30964 | 0.445 · 0.639 | 0.087 · 0.054 |
| freeze | niche | ps0.3_np_T600 | -0.00069 (-1.22) | 0.00162 | -0.0119 | -0.00033 (-0.47) | -0.00013 (-3.30) | +0.00002 (+1.14) | 0.058 · 0.000 | -0.361 (-3.39) | -0.0322 (-4.10) | 4568 · 31650 | 0.445 · 0.634 | 0.091 · 0.054 |
| freeze | niche | ps0.3_pl_T1800 | -0.00140 (-2.17) | 0.00186 | -0.0194 | -0.00102 (-1.07) | -0.00013 (-3.61) | +0.00003 (+1.79) | 0.073 · 0.000 | -0.123 (-1.16) | -0.0409 (-6.61) | 4653 · 33921 | 0.440 · 0.636 | 0.093 · 0.057 |
| freeze | niche | ps0.3_pl_T600 | -0.00063 (-1.14) | 0.00159 | -0.0093 | -0.00036 (-0.60) | -0.00017 (-5.78) | +0.00001 (+0.69) | 0.068 · 0.000 | -0.325 (-3.14) | -0.0344 (-4.73) | 4740 · 34779 | 0.443 · 0.639 | 0.093 · 0.059 |
| freeze | niche | ps0.7_np_T1800 | -0.00139 (-2.39) | 0.00167 | -0.0250 | -0.00137 (-2.04) | -0.00013 (-3.58) | +0.00003 (+1.55) | 0.056 · 0.000 | -0.254 (-2.37) | -0.0475 (-6.49) | 4395 · 30306 | 0.422 · 0.638 | 0.093 · 0.058 |
| freeze | niche | ps0.7_np_T600 | -0.00061 (-1.08) | 0.00163 | -0.0114 | -0.00132 (-1.83) | -0.00017 (-4.35) | +0.00001 (+0.86) | 0.054 · 0.000 | -0.254 (-2.27) | -0.0357 (-4.52) | 4593 · 32682 | 0.420 · 0.638 | 0.094 · 0.060 |
| freeze | niche | ps0.7_pl_T1800 | -0.00075 (-1.11) | 0.00194 | -0.0109 | -0.00072 (-0.70) | -0.00019 (-5.20) | +0.00004 (+2.11) | 0.069 · 0.000 | -0.120 (-1.35) | -0.0522 (-8.15) | 4743 · 34733 | 0.417 · 0.638 | 0.098 · 0.064 |
| freeze | niche | ps0.7_pl_T600 | -0.00090 (-1.52) | 0.00170 | -0.0140 | -0.00137 (-1.70) | -0.00015 (-4.96) | +0.00001 (+0.67) | 0.064 · 0.000 | -0.295 (-3.05) | -0.0412 (-7.54) | 4873 · 35211 | 0.421 · 0.638 | 0.099 · 0.065 |
| freeze | out | ps0.3_np_T1800 | -0.03562 (-16.32) | 0.00627 | -0.0449 | -0.03631 (-15.85) | -0.00041 (-9.99) | +0.00132 (+21.41) | 0.793 · 0.000 | -0.421 (-5.21) | -0.0808 (-15.11) | 12973 · 64395 | 0.600 · 0.635 | 0.221 · 0.051 |
| freeze | out | ps0.3_np_T600 | -0.03326 (-13.52) | 0.00707 | -0.0420 | -0.03290 (-13.06) | -0.00035 (-7.65) | +0.00102 (+13.37) | 0.792 · 0.000 | -0.449 (-4.77) | -0.0657 (-13.14) | 13004 · 66932 | 0.604 · 0.632 | 0.226 · 0.052 |
| freeze | out | ps0.3_pl_T1800 | -0.03364 (-18.59) | 0.00520 | -0.0441 | -0.03326 (-17.10) | -0.00035 (-8.14) | +0.00124 (+22.55) | 0.763 · 0.000 | -0.468 (-6.44) | -0.0710 (-16.18) | 14169 · 68345 | 0.617 · 0.639 | 0.252 · 0.056 |
| freeze | out | ps0.3_pl_T600 | -0.03040 (-14.16) | 0.00617 | -0.0396 | -0.03013 (-13.81) | -0.00040 (-8.18) | +0.00092 (+14.47) | 0.768 · 0.000 | -0.379 (-5.30) | -0.0665 (-12.54) | 13889 · 71976 | 0.613 · 0.640 | 0.249 · 0.058 |
| freeze | out | ps0.7_np_T1800 | -0.03692 (-16.58) | 0.00640 | -0.0461 | -0.03690 (-15.63) | -0.00041 (-8.77) | +0.00138 (+22.83) | 0.801 · 0.000 | -0.587 (-6.47) | -0.0812 (-20.93) | 13306 · 66445 | 0.569 · 0.637 | 0.223 · 0.059 |
| freeze | out | ps0.7_np_T600 | -0.03564 (-14.79) | 0.00693 | -0.0443 | -0.03635 (-15.86) | -0.00036 (-6.68) | +0.00110 (+15.58) | 0.805 · 0.000 | -0.657 (-7.64) | -0.0674 (-16.43) | 13087 · 67867 | 0.566 · 0.633 | 0.220 · 0.059 |
| freeze | out | ps0.7_pl_T1800 | -0.03570 (-18.76) | 0.00547 | -0.0460 | -0.03567 (-19.35) | -0.00030 (-7.77) | +0.00128 (+23.53) | 0.777 · 0.000 | -0.594 (-7.85) | -0.0696 (-16.48) | 14185 · 68133 | 0.587 · 0.639 | 0.246 · 0.061 |
| freeze | out | ps0.7_pl_T600 | -0.03326 (-16.76) | 0.00570 | -0.0429 | -0.03373 (-16.63) | -0.00033 (-7.16) | +0.00099 (+15.58) | 0.776 · 0.000 | -0.579 (-7.05) | -0.0642 (-13.96) | 14222 · 72051 | 0.588 · 0.638 | 0.253 · 0.064 |

