# v3 R0 행동별 통과 시험 (손 규칙 소수 침입)

설정 results/v3/r0/cal1/v3_r0_on_cal1_sleep.yaml + obs_extra, 시드 12000~12039 (40개) × 3000스텝, 거주 규칙 R_base(θ 4, a 0.9). 값 = 침입 16 − 거주 112, 개체-스텝당. 짝 t 임계 2.023.

## 판정 (PREREG 3절)

| 행동 | (1) 니치 양수 칸 / 유의 음수 칸 | (2) 니치 밖 유의 음수 칸 | (3) 교차 유의 음수 칸 | 교차 X 사용(침입) | 판정 | 이중차 판정(보고만) |
|---|---|---|---|---|---|---|
| freeze | — | — | — | — | (칸 부족) | — |
| hide | — | — | — | — | (칸 부족) | — |
| sleep | 1 / 5 × | 8 ○ | 8 ○ | 0.211 | 실패 | 실패 |

판정 불능 = (1)·(2) 통과, (3)만 실패, 교차 칸 침입 X 사용 비율 평균 < 0.05 (통과가 아니다. R1 포함은 사람이 정한다). 이중차 판정은 같은 규칙을 보상 이중차로 잰 강건성 확인이다.

## 칸별 값

이중차(보고만) = 침입 차 − 같은 시드·칸에서 X 없이 돌린 슬롯 0~15 − 나머지 차(배치 운을 뺀다). 판정은 PREREG 대로 침입 차다. 사건 조건 = X 규칙의 조건에 들어선 순간부터 60스텝 창의 보상 합·피식 비율, 침입 − 거주(창 수 침입·거주). MDE80 = 80% 검정력 최소 차. 희석 보정 = 보상 차 / 침입 X 사용 비율.

| 행동 | 모드 | 칸 | 보상 (t) | MDE80 | 희석 보정 | 보상 이중차 (t) | 피식 (t) | 아사 (t) | X 사용 침입·거주 | 사건 조건 보상 (t) | 사건 조건 피식 (t) | 창 수 | 깜빡임 침입·거주 | 초당 전환 침입·거주 |
|---|---|---|---|---|---|---|---|---|---|---|---|---|---|---|
| sleep | cross | ps0.3_np_T1800 | -0.00885 (-11.85) | 0.00215 | -0.0472 | -0.00954 (-10.72) | -0.00007 (-2.52) | -0.00001 (-1.13) | 0.188 · 0.000 | -0.549 (-6.47) | -0.0199 (-4.73) | 4949 · 13958 | 0.401 · 0.637 | 0.086 · 0.053 |
| sleep | cross | ps0.3_np_T600 | -0.00903 (-12.17) | 0.00213 | -0.0374 | -0.00868 (-9.45) | -0.00002 (-0.64) | +0.00002 (+1.16) | 0.241 · 0.000 | -0.497 (-7.71) | -0.0069 (-2.08) | 4552 · 23091 | 0.430 · 0.639 | 0.082 · 0.053 |
| sleep | cross | ps0.3_pl_T1800 | -0.00888 (-10.07) | 0.00254 | -0.0498 | -0.00850 (-7.03) | -0.00002 (-0.69) | +0.00000 (+0.11) | 0.178 · 0.000 | -0.655 (-7.00) | -0.0210 (-4.58) | 4792 · 14633 | 0.424 · 0.641 | 0.089 · 0.057 |
| sleep | cross | ps0.3_pl_T600 | -0.00779 (-10.56) | 0.00212 | -0.0334 | -0.00752 (-8.49) | -0.00007 (-2.47) | +0.00001 (+0.59) | 0.234 · 0.000 | -0.445 (-7.65) | -0.0115 (-3.55) | 4652 · 23981 | 0.447 · 0.643 | 0.090 · 0.061 |
| sleep | cross | ps0.7_np_T1800 | -0.00955 (-10.69) | 0.00257 | -0.0523 | -0.00953 (-9.00) | -0.00002 (-0.53) | +0.00001 (+0.56) | 0.182 · 0.000 | -0.640 (-7.02) | -0.0180 (-4.12) | 4871 · 14164 | 0.421 · 0.639 | 0.090 · 0.059 |
| sleep | cross | ps0.7_np_T600 | -0.00877 (-10.42) | 0.00242 | -0.0361 | -0.00947 (-11.21) | -0.00007 (-1.65) | +0.00002 (+1.62) | 0.243 · 0.000 | -0.550 (-7.62) | -0.0060 (-1.66) | 4615 · 23091 | 0.438 · 0.639 | 0.089 · 0.059 |
| sleep | cross | ps0.7_pl_T1800 | -0.00948 (-12.35) | 0.00221 | -0.0530 | -0.00946 (-10.22) | +0.00001 (+0.29) | +0.00002 (+1.18) | 0.179 · 0.000 | -0.622 (-7.17) | -0.0197 (-4.20) | 4814 · 14654 | 0.433 · 0.641 | 0.094 · 0.063 |
| sleep | cross | ps0.7_pl_T600 | -0.00772 (-8.59) | 0.00258 | -0.0320 | -0.00819 (-8.40) | -0.00004 (-1.18) | -0.00002 (-0.98) | 0.241 · 0.000 | -0.478 (-7.72) | -0.0087 (-2.57) | 4516 · 23719 | 0.455 · 0.639 | 0.092 · 0.064 |
| sleep | niche | ps0.3_np_T1800 | -0.00155 (-2.21) | 0.00202 | -0.0325 | -0.00224 (-3.77) | +0.00001 (+0.23) | -0.00001 (-0.52) | 0.048 · 0.000 | -0.371 (-3.71) | -0.0139 (-2.46) | 1174 · 3324 | 0.606 · 0.635 | 0.061 · 0.053 |
| sleep | niche | ps0.3_np_T600 | -0.00213 (-3.28) | 0.00187 | -0.0450 | -0.00178 (-2.16) | +0.00002 (+0.59) | +0.00001 (+0.41) | 0.047 · 0.000 | -0.427 (-4.37) | -0.0076 (-1.67) | 1101 · 4882 | 0.593 · 0.637 | 0.061 · 0.054 |
| sleep | niche | ps0.3_pl_T1800 | -0.00159 (-2.56) | 0.00178 | -0.0308 | -0.00121 (-1.59) | -0.00002 (-0.85) | -0.00000 (-0.36) | 0.052 · 0.000 | -0.499 (-4.61) | -0.0092 (-1.28) | 1172 · 3473 | 0.606 · 0.642 | 0.065 · 0.057 |
| sleep | niche | ps0.3_pl_T600 | -0.00050 (-0.94) | 0.00154 | -0.0106 | -0.00023 (-0.35) | -0.00006 (-2.05) | -0.00001 (-0.34) | 0.047 · 0.000 | -0.488 (-4.44) | -0.0020 (-0.26) | 1118 · 4813 | 0.597 · 0.639 | 0.066 · 0.059 |
| sleep | niche | ps0.7_np_T1800 | -0.00093 (-2.32) | 0.00115 | -0.0198 | -0.00090 (-1.33) | -0.00003 (-1.24) | -0.00001 (-0.48) | 0.047 · 0.000 | -0.593 (-3.73) | -0.0014 (-0.12) | 1083 · 3261 | 0.608 · 0.639 | 0.065 · 0.060 |
| sleep | niche | ps0.7_np_T600 | -0.00053 (-0.85) | 0.00179 | -0.0114 | -0.00123 (-1.58) | -0.00004 (-1.37) | +0.00000 (+0.20) | 0.046 · 0.000 | -0.237 (-2.06) | -0.0175 (-3.29) | 1064 · 4757 | 0.596 · 0.638 | 0.066 · 0.060 |
| sleep | niche | ps0.7_pl_T1800 | -0.00176 (-2.49) | 0.00203 | -0.0339 | -0.00173 (-2.49) | -0.00004 (-1.22) | +0.00002 (+1.37) | 0.052 · 0.000 | -0.525 (-3.99) | -0.0081 (-0.97) | 1161 · 3553 | 0.609 · 0.637 | 0.069 · 0.063 |
| sleep | niche | ps0.7_pl_T600 | +0.00038 (+0.71) | 0.00154 | +0.0080 | -0.00010 (-0.14) | -0.00005 (-1.63) | -0.00002 (-1.56) | 0.047 · 0.000 | -0.432 (-4.30) | +0.0150 (+1.05) | 1109 · 4820 | 0.605 · 0.643 | 0.071 · 0.065 |
| sleep | out | ps0.3_np_T1800 | -0.01978 (-12.69) | 0.00448 | -0.0454 | -0.02047 (-11.62) | -0.00054 (-11.15) | +0.00058 (+17.21) | 0.436 · 0.000 | -1.092 (-7.18) | -0.0913 (-15.23) | 5029 · 44704 | 0.296 · 0.633 | 0.041 · 0.052 |
| sleep | out | ps0.3_np_T600 | -0.01902 (-17.87) | 0.00306 | -0.0438 | -0.01866 (-16.42) | -0.00053 (-11.42) | +0.00023 (+6.95) | 0.434 · 0.000 | -1.340 (-9.08) | -0.0762 (-16.81) | 6444 · 56771 | 0.233 · 0.632 | 0.057 · 0.053 |
| sleep | out | ps0.3_pl_T1800 | -0.01876 (-12.33) | 0.00437 | -0.0431 | -0.01838 (-11.06) | -0.00053 (-9.84) | +0.00054 (+15.86) | 0.435 · 0.000 | -1.016 (-6.67) | -0.0890 (-14.87) | 5295 · 46922 | 0.318 · 0.639 | 0.046 · 0.058 |
| sleep | out | ps0.3_pl_T600 | -0.01862 (-17.28) | 0.00310 | -0.0429 | -0.01835 (-15.89) | -0.00051 (-10.81) | +0.00021 (+6.56) | 0.434 · 0.000 | -1.399 (-9.12) | -0.0668 (-13.01) | 6565 · 58062 | 0.248 · 0.638 | 0.060 · 0.059 |
| sleep | out | ps0.7_np_T1800 | -0.01896 (-11.70) | 0.00466 | -0.0436 | -0.01894 (-11.30) | -0.00054 (-8.78) | +0.00054 (+14.38) | 0.435 · 0.000 | -1.195 (-7.90) | -0.0808 (-11.19) | 5318 · 48111 | 0.293 · 0.631 | 0.043 · 0.058 |
| sleep | out | ps0.7_np_T600 | -0.01782 (-15.75) | 0.00325 | -0.0412 | -0.01853 (-16.61) | -0.00054 (-10.70) | +0.00019 (+6.48) | 0.433 · 0.000 | -1.323 (-8.46) | -0.0759 (-16.65) | 6724 · 59332 | 0.229 · 0.634 | 0.058 · 0.058 |
| sleep | out | ps0.7_pl_T1800 | -0.01829 (-11.12) | 0.00473 | -0.0420 | -0.01826 (-11.97) | -0.00059 (-9.65) | +0.00055 (+14.13) | 0.435 · 0.000 | -1.034 (-6.90) | -0.0933 (-14.24) | 5488 · 49294 | 0.313 · 0.635 | 0.046 · 0.063 |
| sleep | out | ps0.7_pl_T600 | -0.01847 (-16.66) | 0.00319 | -0.0426 | -0.01894 (-16.92) | -0.00055 (-10.71) | +0.00021 (+7.27) | 0.433 · 0.000 | -1.293 (-8.69) | -0.0797 (-17.85) | 6725 · 60068 | 0.249 · 0.638 | 0.061 · 0.064 |

