[R2] 후보 6개 × 정책 3 × 시드 3 = 54잡, 30000스텝, 워커 5, F4 정의 r10
  α 0.03 · 하한 0.1 · h 693 | C2      s20000 수명 386 아사비중 0.012 | V 0.814 하한 0.000 반감기 605(0.87배) 진폭 0.162 600뒤 0.087 (자연 1건) 실패 (600뒤 예측 0.087) (32s)
  α 0.03 · 하한 0.1 · h 693 | C2      s20001 수명 179 아사비중 0.188 | V 0.579 하한 0.000 반감기 1115(1.61배) 진폭 0.008 600뒤 0.004 (자연 0건) 실패 (600뒤 예측 0.004) [먹이 부족 0.54배, 판정 제외] (32s)
  α 0.03 · 하한 0.1 · h 693 | C2      s20002 수명 371 아사비중 0.116 | V 0.707 하한 0.000 반감기 590(0.85배) 진폭 0.251 600뒤 0.093 (자연 0건) 실패 (600뒤 예측 0.093) (32s)
  α 0.03 · 하한 0.1 · h 693 | learned s20000 수명 639 아사비중 0.090 | V 0.841 하한 0.000 반감기 700(1.01배) 진폭 0.188 600뒤 0.107 (자연 1건) 실패 (600뒤 예측 0.107) (44s)
  α 0.03 · 하한 0.1 · h 693 | learned s20001 수명 211 아사비중 0.343 | V 0.622 하한 0.000 반감기 475(0.69배) 진폭 0.064 600뒤 0.032 (자연 0건) 실패 (600뒤 예측 0.032) [먹이 부족 0.54배, 판정 제외] (44s)
  α 0.03 · 하한 0.1 · h 693 | learned s20002 수명 369 아사비중 0.213 | V 0.740 하한 0.000 반감기 655(0.95배) 진폭 0.276 600뒤 0.153 (자연 0건) 통과 (600뒤 예측 0.153) (42s)
  α 0.03 · 하한 0.1 · h 693 | utility s20000 수명 563 아사비중 0.064 | V 0.836 하한 0.000 반감기 640(0.92배) 진폭 0.186 600뒤 0.096 (자연 3건) 실패 (600뒤 예측 0.096) (29s)
  α 0.03 · 하한 0.1 · h 693 | utility s20001 수명 216 아사비중 0.379 | V 0.632 하한 0.000 반감기 690(1.00배) 진폭 0.077 600뒤 0.057 (자연 0건) 실패 (600뒤 예측 0.057) [먹이 부족 0.54배, 판정 제외] (29s)
  α 0.03 · 하한 0.1 · h 693 | utility s20002 수명 370 아사비중 0.227 | V 0.736 하한 0.000 반감기 655(0.95배) 진폭 0.269 600뒤 0.149 (자연 0건) 통과 (600뒤 예측 0.149) (35s)
  α 0.03 · 하한 0.1 · h 1386 | C2      s20000 수명 404 아사비중 0.022 | V 0.662 하한 0.000 반감기 695(0.50배) 진폭 0.184 600뒤 0.144 (자연 0건) 실패 (600뒤 예측 0.144) (34s)
  α 0.03 · 하한 0.1 · h 1386 | C2      s20001 수명 172 아사비중 0.209 | V 0.409 하한 0.000 반감기 625(0.45배) 진폭 0.007 600뒤 0.006 (자연 0건) 실패 (600뒤 예측 0.006) [먹이 부족 0.54배, 판정 제외] (35s)
  α 0.03 · 하한 0.1 · h 1386 | C2      s20002 수명 352 아사비중 0.196 | V 0.527 하한 0.000 반감기 1205(0.87배) 진폭 0.213 600뒤 0.177 (자연 0건) 통과 (600뒤 예측 0.177) (35s)
  α 0.03 · 하한 0.1 · h 1386 | learned s20000 수명 609 아사비중 0.089 | V 0.710 하한 0.000 반감기 1065(0.77배) 진폭 0.259 600뒤 0.196 (자연 1건) 통과 (600뒤 예측 0.196) (60s)
  α 0.03 · 하한 0.1 · h 1386 | learned s20001 수명 204 아사비중 0.375 | V 0.445 하한 0.000 반감기 440(0.32배) 진폭 0.052 600뒤 0.029 (자연 0건) 실패 (600뒤 예측 0.029) [먹이 부족 0.54배, 판정 제외] (62s)
  α 0.03 · 하한 0.1 · h 1386 | learned s20002 수명 345 아사비중 0.251 | V 0.571 하한 0.000 반감기 870(0.63배) 진폭 0.327 600뒤 0.252 (자연 0건) 통과 (600뒤 예측 0.252) (63s)
  α 0.03 · 하한 0.1 · h 1386 | utility s20000 수명 524 아사비중 0.080 | V 0.706 하한 0.000 반감기 960(0.69배) 진폭 0.262 600뒤 0.215 (자연 1건) 통과 (600뒤 예측 0.215) (49s)
  α 0.03 · 하한 0.1 · h 1386 | utility s20001 수명 208 아사비중 0.387 | V 0.451 하한 0.000 반감기 635(0.46배) 진폭 0.057 600뒤 0.055 (자연 0건) 실패 (600뒤 예측 0.055) [먹이 부족 0.54배, 판정 제외] (50s)
  α 0.03 · 하한 0.1 · h 1386 | utility s20002 수명 347 아사비중 0.257 | V 0.572 하한 0.000 반감기 945(0.68배) 진폭 0.328 600뒤 0.239 (자연 0건) 통과 (600뒤 예측 0.239) (52s)
  α 0.03 · 하한 0.1 · h 2079 | C2      s20000 수명 434 아사비중 0.031 | V 0.551 하한 0.000 반감기 1350(0.65배) 진폭 0.144 600뒤 0.130 (자연 0건) 실패 (600뒤 예측 0.130) (52s)
  α 0.03 · 하한 0.1 · h 2079 | C2      s20001 수명 167 아사비중 0.219 | V 0.316 하한 0.000 반감기 585(0.28배) 진폭 0.006 600뒤 0.005 (자연 0건) 실패 (600뒤 예측 0.005) [먹이 부족 0.54배, 판정 제외] (52s)
  α 0.03 · 하한 0.1 · h 2079 | C2      s20002 수명 322 아사비중 0.222 | V 0.400 하한 0.000 반감기 850(0.41배) 진폭 0.083 600뒤 0.122 (자연 1건) 실패 (600뒤 예측 0.122) (51s)
  α 0.03 · 하한 0.1 · h 2079 | learned s20000 수명 561 아사비중 0.134 | V 0.615 하한 0.000 반감기 1810(0.87배) 진폭 0.287 600뒤 0.236 (자연 0건) 통과 (600뒤 예측 0.236) (74s)
  α 0.03 · 하한 0.1 · h 2079 | learned s20001 수명 198 아사비중 0.373 | V 0.348 하한 0.000 반감기 730(0.35배) 진폭 0.037 600뒤 0.031 (자연 0건) 실패 (600뒤 예측 0.031) [먹이 부족 0.54배, 판정 제외] (69s)
  α 0.03 · 하한 0.1 · h 2079 | learned s20002 수명 318 아사비중 0.291 | V 0.461 하한 0.000 반감기 1165(0.56배) 진폭 0.314 600뒤 0.303 (자연 0건) 통과 (600뒤 예측 0.303) (70s)
  α 0.03 · 하한 0.1 · h 2079 | utility s20000 수명 501 아사비중 0.123 | V 0.605 하한 0.000 반감기 1400(0.67배) 진폭 0.281 600뒤 0.231 (자연 0건) 통과 (600뒤 예측 0.231) (50s)
  α 0.03 · 하한 0.1 · h 2079 | utility s20001 수명 203 아사비중 0.408 | V 0.359 하한 0.000 반감기 900(0.43배) 진폭 0.051 600뒤 0.050 (자연 0건) 실패 (600뒤 예측 0.050) [먹이 부족 0.54배, 판정 제외] (50s)
  α 0.03 · 하한 0.1 · h 2079 | utility s20002 수명 316 아사비중 0.289 | V 0.468 하한 0.000 반감기 1310(0.63배) 진폭 0.347 600뒤 0.262 (자연 0건) 통과 (600뒤 예측 0.262) (51s)
  α 0.05 · 하한 0.1 · h 693 | C2      s20000 수명 418 아사비중 0.022 | V 0.713 하한 0.000 반감기 545(0.79배) 진폭 0.198 600뒤 0.119 (자연 0건) 실패 (600뒤 예측 0.119) (51s)
  α 0.05 · 하한 0.1 · h 693 | C2      s20001 수명 173 아사비중 0.207 | V 0.453 하한 0.000 반감기 460(0.66배) 진폭 0.008 600뒤 0.004 (자연 0건) 실패 (600뒤 예측 0.004) [먹이 부족 0.54배, 판정 제외] (50s)
  α 0.05 · 하한 0.1 · h 693 | C2      s20002 수명 364 아사비중 0.161 | V 0.578 하한 0.000 반감기 600(0.87배) 진폭 0.242 600뒤 0.123 (자연 0건) 통과 (600뒤 예측 0.123) (50s)
  α 0.05 · 하한 0.1 · h 693 | learned s20000 수명 631 아사비중 0.091 | V 0.749 하한 0.000 반감기 650(0.94배) 진폭 0.239 600뒤 0.122 (자연 3건) 통과 (600뒤 예측 0.122) (67s)
  α 0.05 · 하한 0.1 · h 693 | learned s20001 수명 205 아사비중 0.357 | V 0.495 하한 0.000 반감기 245(0.35배) 진폭 0.055 600뒤 0.034 (자연 0건) 실패 (600뒤 예측 0.034) [먹이 부족 0.54배, 판정 제외] (67s)
  α 0.05 · 하한 0.1 · h 693 | learned s20002 수명 346 아사비중 0.273 | V 0.626 하한 0.000 반감기 615(0.89배) 진폭 0.327 600뒤 0.192 (자연 0건) 통과 (600뒤 예측 0.192) (66s)
  α 0.05 · 하한 0.1 · h 693 | utility s20000 수명 543 아사비중 0.078 | V 0.745 하한 0.000 반감기 725(1.05배) 진폭 0.243 600뒤 0.132 (자연 0건) 통과 (600뒤 예측 0.132) (47s)
  α 0.05 · 하한 0.1 · h 693 | utility s20001 수명 211 아사비중 0.378 | V 0.496 하한 0.000 반감기 285(0.41배) 진폭 0.052 600뒤 0.017 (자연 0건) 실패 (600뒤 예측 0.017) [먹이 부족 0.54배, 판정 제외] (48s)
  α 0.05 · 하한 0.1 · h 693 | utility s20002 수명 349 아사비중 0.246 | V 0.619 하한 0.000 반감기 545(0.79배) 진폭 0.335 600뒤 0.189 (자연 0건) 통과 (600뒤 예측 0.189) (53s)
  α 0.05 · 하한 0.1 · h 1386 | C2      s20000 수명 410 아사비중 0.031 | V 0.519 하한 0.000 반감기 995(0.72배) 진폭 0.152 600뒤 0.099 (자연 0건) 실패 (600뒤 예측 0.099) (53s)
  α 0.05 · 하한 0.1 · h 1386 | C2      s20001 수명 168 아사비중 0.235 | V 0.295 하한 0.000 반감기 465(0.34배) 진폭 0.007 600뒤 0.003 (자연 0건) 실패 (600뒤 예측 0.003) [먹이 부족 0.54배, 판정 제외] (53s)
  α 0.05 · 하한 0.1 · h 1386 | C2      s20002 수명 319 아사비중 0.242 | V 0.372 하한 0.000 반감기 665(0.48배) 진폭 0.079 600뒤 0.058 (자연 0건) 실패 (600뒤 예측 0.058) (54s)
  α 0.05 · 하한 0.1 · h 1386 | learned s20000 수명 547 아사비중 0.137 | V 0.584 하한 0.000 반감기 1090(0.79배) 진폭 0.290 600뒤 0.220 (자연 1건) 통과 (600뒤 예측 0.220) (75s)
  α 0.05 · 하한 0.1 · h 1386 | learned s20001 수명 197 아사비중 0.383 | V 0.325 하한 0.000 반감기 420(0.30배) 진폭 0.043 600뒤 0.013 (자연 0건) 실패 (600뒤 예측 0.013) [먹이 부족 0.54배, 판정 제외] (72s)
  α 0.05 · 하한 0.1 · h 1386 | learned s20002 수명 313 아사비중 0.307 | V 0.433 하한 0.000 반감기 705(0.51배) 진폭 0.294 600뒤 0.235 (자연 0건) 통과 (600뒤 예측 0.235) (73s)
  α 0.05 · 하한 0.1 · h 1386 | utility s20000 수명 498 아사비중 0.121 | V 0.575 하한 0.000 반감기 960(0.69배) 진폭 0.282 600뒤 0.207 (자연 0건) 통과 (600뒤 예측 0.207) (52s)
  α 0.05 · 하한 0.1 · h 1386 | utility s20001 수명 202 아사비중 0.408 | V 0.331 하한 0.000 반감기 455(0.33배) 진폭 0.041 600뒤 0.014 (자연 0건) 실패 (600뒤 예측 0.014) [먹이 부족 0.54배, 판정 제외] (52s)
  α 0.05 · 하한 0.1 · h 1386 | utility s20002 수명 306 아사비중 0.320 | V 0.443 하한 0.000 반감기 850(0.61배) 진폭 0.333 600뒤 0.259 (자연 0건) 통과 (600뒤 예측 0.259) (52s)
  α 0.05 · 하한 0.1 · h 2079 | C2      s20000 수명 421 아사비중 0.064 | V 0.415 하한 0.000 반감기 1100(0.53배) 진폭 0.117 600뒤 0.103 (자연 0건) 실패 (600뒤 예측 0.103) (48s)
  α 0.05 · 하한 0.1 · h 2079 | C2      s20001 수명 162 아사비중 0.247 | V 0.219 하한 0.000 반감기 625(0.30배) 진폭 0.005 600뒤 0.004 (자연 0건) 실패 (600뒤 예측 0.004) [먹이 부족 0.54배, 판정 제외] (50s)
  α 0.05 · 하한 0.1 · h 2079 | C2      s20002 수명 294 아사비중 0.305 | V 0.275 하한 0.000 반감기 645(0.31배) 진폭 0.017 600뒤 0.025 (자연 0건) 실패 (600뒤 예측 0.025) (50s)
  α 0.05 · 하한 0.1 · h 2079 | learned s20000 수명 496 아사비중 0.161 | V 0.458 하한 0.000 반감기 1880(0.90배) 진폭 0.214 600뒤 0.203 (자연 0건) 통과 (600뒤 예측 0.203) (68s)
  α 0.05 · 하한 0.1 · h 2079 | learned s20001 수명 191 아사비중 0.405 | V 0.245 하한 0.000 반감기 570(0.27배) 진폭 0.034 600뒤 0.029 (자연 0건) 실패 (600뒤 예측 0.029) [먹이 부족 0.54배, 판정 제외] (67s)
  α 0.05 · 하한 0.1 · h 2079 | learned s20002 수명 284 아사비중 0.341 | V 0.309 하한 0.000 반감기 1250(0.60배) 진폭 0.068 600뒤 0.057 (자연 0건) 실패 (600뒤 예측 0.057) (69s)
  α 0.05 · 하한 0.1 · h 2079 | utility s20000 수명 452 아사비중 0.146 | V 0.458 하한 0.000 반감기 1165(0.56배) 진폭 0.247 600뒤 0.220 (자연 6건) 통과 (600뒤 예측 0.220) (49s)
  α 0.05 · 하한 0.1 · h 2079 | utility s20001 수명 197 아사비중 0.422 | V 0.249 하한 0.000 반감기 495(0.24배) 진폭 0.038 600뒤 0.015 (자연 0건) 실패 (600뒤 예측 0.015) [먹이 부족 0.54배, 판정 제외] (48s)
  α 0.05 · 하한 0.1 · h 2079 | utility s20002 수명 284 아사비중 0.361 | V 0.325 하한 0.000 반감기 980(0.47배) 진폭 0.185 600뒤 0.165 (자연 0건) 실패 (600뒤 예측 0.165) (45s)
저장: C:\kwon\univ\3-1\GameContentsCapstoneDesign\AdaptiveEcosystem\herbivore_rl\results\v2\gate_f_r10\rounds\R2.json  (593s)
보고서: C:\kwon\univ\3-1\GameContentsCapstoneDesign\AdaptiveEcosystem\herbivore_rl\results\v2\gate_f_r10\report.md
        C:\kwon\univ\3-1\GameContentsCapstoneDesign\AdaptiveEcosystem\herbivore_rl\results\v2\gate_f_r10\report.json
