[constsearch] report_v2_4s → results\v2\v2_4\s\c2  (γ=0.9916661555611042, 꼬리 600스텝, 워커 6)
  7/112  best 1.318 [0.118, 0.64, 0.143, 0.945, 0.522, 0.415, 0.265, 0.774, 0.456, 0.568, 0.019, 0.618]  (96s)
  14/112  best 1.318 [0.118, 0.64, 0.143, 0.945, 0.522, 0.415, 0.265, 0.774, 0.456, 0.568, 0.019, 0.618]  (190s)
  21/112  best 1.504 [0.202, 0.245, 0.121, 0.461, 0.445, 0.285, 0.281, 0.647, 0.408, 0.321, 0.216, 0.677]  (282s)
  28/112  best 1.550 [0.078, 0.225, 0.043, 0.876, 0.505, 0.182, 0.153, 0.958, 0.36, 0.411, 0.128, 0.766]  (374s)
  35/112  best 1.550 [0.078, 0.225, 0.043, 0.876, 0.505, 0.182, 0.153, 0.958, 0.36, 0.411, 0.128, 0.766]  (465s)
  42/112  best 1.550 [0.078, 0.225, 0.043, 0.876, 0.505, 0.182, 0.153, 0.958, 0.36, 0.411, 0.128, 0.766]  (555s)
  49/112  best 1.598 [0.079, 0.015, 0.122, 0.963, 0.622, 0.088, 0.031, 0.929, 0.398, 0.241, 0.271, 0.694]  (646s)
  56/112  best 1.636 [0.134, 0.184, 0.27, 0.898, 0.523, 0.164, 0.104, 0.87, 0.551, 0.359, 0.111, 0.68]  (737s)
  63/112  best 1.667 [0.117, 0.0, 0.126, 0.84, 0.579, 0.2, 0.156, 0.907, 0.455, 0.236, 0.435, 0.681]  (829s)
  70/112  best 1.746 [0.128, 0.117, 0.202, 0.961, 0.576, 0.29, 0.16, 0.94, 0.385, 0.22, 0.393, 0.628]  (919s)
  77/112  best 1.788 [0.153, 0.007, 0.272, 0.785, 0.533, 0.122, 0.147, 0.991, 0.558, 0.148, 0.382, 0.684]  (1013s)
  84/112  best 1.788 [0.153, 0.007, 0.272, 0.785, 0.533, 0.122, 0.147, 0.991, 0.558, 0.148, 0.382, 0.684]  (1125s)
  91/112  best 1.902 [0.151, 0.095, 0.194, 0.998, 0.543, 0.126, 0.0, 0.927, 0.54, 0.134, 0.414, 0.58]  (1236s)
  98/112  best 1.949 [0.118, 0.036, 0.117, 0.926, 0.517, 0.141, 0.002, 0.899, 0.632, 0.106, 0.436, 0.542]  (1350s)
  105/112  best 1.949 [0.118, 0.036, 0.117, 0.926, 0.517, 0.141, 0.002, 0.899, 0.632, 0.106, 0.436, 0.542]  (1464s)
  112/112  best 1.949 [0.118, 0.036, 0.117, 0.926, 0.517, 0.141, 0.002, 0.899, 0.632, 0.106, 0.436, 0.542]  (1580s)
  재측정 {'t95': 1.398, 't107': 1.321, 't87': 1.244, 't100': 1.419, 't86': 1.131} → t100 [0.035, 0.052, 0.11, 0.973, 0.585, 0.117, 0.044, 0.903, 0.554, 0.043, 0.474, 0.593]
저장: results\v2\v2_4\s\c2\constsearch_seg.json
      results\v2\v2_4\s\c2\constsearch_seg.md
  C2-seg vs C2: mean_return 79.91(t=+8.48, 유의)  g_gamma 1.764(t=+7.41, 유의)  survival 569.1(t=-0.24, 유의 아님)  repro 12.57(t=+7.57, 유의)  predation_rate 0.00151(t=-1.54, 유의 아님)  starve_rate 0.00051(t=+0.22, 유의 아님)
