[constsearch] report_v2_4s → results\v2\v2_4\s\c2  (γ=0.9916661555611042, 꼬리 600스텝, 워커 8)
  7/112  best 1.240 [0.971, 0.785, 0.218, 0.034, 0.491]  (92s)
  14/112  best 1.240 [0.971, 0.785, 0.218, 0.034, 0.491]  (186s)
  21/112  best 1.240 [0.971, 0.785, 0.218, 0.034, 0.491]  (296s)
  28/112  best 1.240 [0.971, 0.785, 0.218, 0.034, 0.491]  (408s)
  35/112  best 1.240 [0.971, 0.785, 0.218, 0.034, 0.491]  (514s)
  42/112  best 1.278 [0.827, 0.853, 0.407, 0.066, 0.482]  (617s)
  49/112  best 1.278 [0.827, 0.853, 0.407, 0.066, 0.482]  (720s)
  56/112  best 1.278 [0.827, 0.853, 0.407, 0.066, 0.482]  (811s)
  63/112  best 1.278 [0.827, 0.853, 0.407, 0.066, 0.482]  (909s)
  70/112  best 1.278 [0.827, 0.853, 0.407, 0.066, 0.482]  (1019s)
  77/112  best 1.296 [0.826, 0.714, 0.269, 0.01, 0.346]  (1131s)
  84/112  best 1.296 [0.826, 0.714, 0.269, 0.01, 0.346]  (1241s)
  91/112  best 1.296 [0.826, 0.714, 0.269, 0.01, 0.346]  (1348s)
  98/112  best 1.296 [0.826, 0.714, 0.269, 0.01, 0.346]  (1457s)
  105/112  best 1.296 [0.826, 0.714, 0.269, 0.01, 0.346]  (1553s)
  112/112  best 1.296 [0.826, 0.714, 0.269, 0.01, 0.346]  (1608s)
  재측정 {'t75': 1.009, 't80': 0.94, 't37': 0.947, 't79': 0.834, 't64': 0.84} → t75 [0.826, 0.714, 0.269, 0.01, 0.346]
저장: results\v2\v2_4\s\c2\constsearch.json
      results\v2\v2_4\s\c2\constsearch.md
