
$ python diagnose_v2.py constsearch --config results/v2/e2/configs/V0_d0_95.yaml --workers 18 --out results/v2/e2/V0/c2 --enqueue 0.9709889334578663 0.7849404966375042 0.2182330585135458 0.03358694847233987 0.4913744307309694 0.25 --enqueue 0.4207 0.8656 0.1054 0.0044 0.5 0.25 --enqueue 0.39 0.99 0.92 0.15 0.5 0.25
[constsearch] report_v2_2 → results\v2\e2\V0\c2  (γ=0.9916661555611042, 꼬리 600스텝, 워커 18)
  7/112  best 1.531 [0.971, 0.785, 0.218, 0.034, 0.491, 0.25]  (25s)
  14/112  best 1.531 [0.971, 0.785, 0.218, 0.034, 0.491, 0.25]  (46s)
  21/112  best 1.531 [0.971, 0.785, 0.218, 0.034, 0.491, 0.25]  (69s)
  28/112  best 1.531 [0.971, 0.785, 0.218, 0.034, 0.491, 0.25]  (92s)
  35/112  best 1.531 [0.971, 0.785, 0.218, 0.034, 0.491, 0.25]  (115s)
  42/112  best 1.531 [0.971, 0.785, 0.218, 0.034, 0.491, 0.25]  (136s)
  49/112  best 1.561 [0.937, 0.727, 0.35, 0.118, 0.637, 0.073]  (158s)
  56/112  best 1.561 [0.937, 0.727, 0.35, 0.118, 0.637, 0.073]  (179s)
  63/112  best 1.561 [0.937, 0.727, 0.35, 0.118, 0.637, 0.073]  (201s)
  70/112  best 1.561 [0.937, 0.727, 0.35, 0.118, 0.637, 0.073]  (222s)
  77/112  best 1.561 [0.937, 0.727, 0.35, 0.118, 0.637, 0.073]  (244s)
  84/112  best 1.561 [0.937, 0.727, 0.35, 0.118, 0.637, 0.073]  (265s)
  91/112  best 1.561 [0.937, 0.727, 0.35, 0.118, 0.637, 0.073]  (287s)
  98/112  best 1.561 [0.937, 0.727, 0.35, 0.118, 0.637, 0.073]  (308s)
  105/112  best 1.561 [0.937, 0.727, 0.35, 0.118, 0.637, 0.073]  (330s)
  112/112  best 1.561 [0.937, 0.727, 0.35, 0.118, 0.637, 0.073]  (351s)
  재측정 {'t45': 0.765, 't0': 0.963, 't70': 0.893, 't21': 0.698, 't47': 0.706} → t0 [0.971, 0.785, 0.218, 0.034, 0.491, 0.25]
저장: results\v2\e2\V0\c2\constsearch.json
      results\v2\e2\V0\c2\constsearch.md
