
$ python diagnose_v2.py constsearch --config results/v2/e1/configs/B1_r4_5_ew0_5.yaml --workers 6 --out results/v2/e1/B1/r4_5_ew0_5 --enqueue 0.4207 0.8656 0.1054 0.0044 0.1667 --enqueue 0.4207 0.8656 0.1054 0.0044 0.5 --enqueue 0.4207 0.8656 0.1054 0.0044 0.8333 --enqueue 0.39 0.99 0.92 0.15 0.5
[constsearch] report_v2_1 → results\v2\e1\B1\r4_5_ew0_5  (γ=0.9916661555611042, 꼬리 600스텝, 워커 6)
  7/112  best 1.268 [0.421, 0.866, 0.105, 0.004, 0.5]  (58s)
  14/112  best 1.268 [0.421, 0.866, 0.105, 0.004, 0.5]  (112s)
  21/112  best 1.302 [0.709, 0.699, 0.132, 0.22, 0.504]  (167s)
  28/112  best 1.449 [0.779, 0.87, 0.222, 0.097, 0.597]  (219s)
  35/112  best 1.449 [0.779, 0.87, 0.222, 0.097, 0.597]  (273s)
  42/112  best 1.510 [0.868, 0.917, 0.062, 0.069, 0.512]  (330s)
  49/112  best 1.567 [0.768, 0.922, 0.216, 0.021, 0.554]  (381s)
  56/112  best 1.567 [0.768, 0.922, 0.216, 0.021, 0.554]  (432s)
  63/112  best 1.567 [0.768, 0.922, 0.216, 0.021, 0.554]  (483s)
  70/112  best 1.567 [0.768, 0.922, 0.216, 0.021, 0.554]  (532s)
  77/112  best 1.567 [0.768, 0.922, 0.216, 0.021, 0.554]  (585s)
  84/112  best 1.567 [0.768, 0.922, 0.216, 0.021, 0.554]  (635s)
  91/112  best 1.567 [0.768, 0.922, 0.216, 0.021, 0.554]  (685s)
  98/112  best 1.567 [0.768, 0.922, 0.216, 0.021, 0.554]  (735s)
  105/112  best 1.567 [0.768, 0.922, 0.216, 0.021, 0.554]  (784s)
  112/112  best 1.567 [0.768, 0.922, 0.216, 0.021, 0.554]  (834s)
  재측정 {'t45': 0.92, 't105': 0.858, 't38': 0.645, 't60': 0.654, 't94': 0.795} → t45 [0.768, 0.922, 0.216, 0.021, 0.554]
저장: results\v2\e1\B1\r4_5_ew0_5\constsearch.json
      results\v2\e1\B1\r4_5_ew0_5\constsearch.md

$ python diagnose_v2.py constsearch --config results/v2/e1/configs/B1_r4_5_ew0_5.yaml --workers 6 --out results/v2/e1/B1/r4_5_ew0_5 --seg-bins 2:0.5 4:0.5 --seg-dims speed
[constsearch] report_v2_1 → results\v2\e1\B1\r4_5_ew0_5  (γ=0.9916661555611042, 꼬리 600스텝, 워커 6)
  7/112  best 1.567 [0.554, 0.554, 0.554, 0.554]  (57s)
  14/112  best 1.613 [0.315, 0.364, 0.57, 0.439]  (110s)
  21/112  best 1.735 [0.102, 0.208, 0.634, 0.412]  (163s)
  28/112  best 1.735 [0.102, 0.208, 0.634, 0.412]  (215s)
  35/112  best 1.735 [0.102, 0.208, 0.634, 0.412]  (268s)
  42/112  best 1.735 [0.102, 0.208, 0.634, 0.412]  (321s)
  49/112  best 1.735 [0.102, 0.208, 0.634, 0.412]  (374s)
  56/112  best 1.735 [0.102, 0.208, 0.634, 0.412]  (426s)
  63/112  best 1.735 [0.102, 0.208, 0.634, 0.412]  (479s)
  70/112  best 1.735 [0.102, 0.208, 0.634, 0.412]  (532s)
  77/112  best 1.735 [0.102, 0.208, 0.634, 0.412]  (585s)
  84/112  best 1.735 [0.102, 0.208, 0.634, 0.412]  (638s)
  91/112  best 1.735 [0.102, 0.208, 0.634, 0.412]  (691s)
  98/112  best 1.735 [0.102, 0.208, 0.634, 0.412]  (743s)
  105/112  best 1.735 [0.102, 0.208, 0.634, 0.412]  (795s)
  112/112  best 1.735 [0.102, 0.208, 0.634, 0.412]  (848s)
  재측정 {'t18': 1.097, 't25': 1.097, 't27': 1.097, 't28': 1.097, 't29': 1.097} → t18 [0.102, 0.208, 0.634, 0.412]
저장: results\v2\e1\B1\r4_5_ew0_5\constsearch_seg.json
      results\v2\e1\B1\r4_5_ew0_5\constsearch_seg.md
  C2-seg vs C2: mean_return 101.70(t=+3.54, 유의)  g_gamma 2.129(t=+3.82, 유의)  survival 449.3(t=+1.34, 유의 아님)  repro 17.19(t=+3.52, 유의)  predation_rate 0.00240(t=+0.71, 유의 아님)  starve_rate 0.00019(t=-3.43, 유의)

$ python diagnose_v2.py constsearch --config results/v2/e1/configs/B1_r4_5_ew0_5.yaml --workers 6 --out results/v2/e1/B1/r4_5_ew0_5 --tag fixed_stop --const-action 0.7682948980991011 0.9216841923808368 0.2159122493787158 0.020698426383369828 0.0
[constsearch] report_v2_1 → results\v2\e1\B1\r4_5_ew0_5  (γ=0.9916661555611042, 꼬리 600스텝, 워커 6)
저장: results\v2\e1\B1\r4_5_ew0_5\fixed_stop.json
      results\v2\e1\B1\r4_5_ew0_5\fixed_stop.md

$ python diagnose_v2.py constsearch --config results/v2/e1/configs/B1_r4_5_ew0_5.yaml --workers 6 --out results/v2/e1/B1/r4_5_ew0_5 --tag fixed_walk --const-action 0.7682948980991011 0.9216841923808368 0.2159122493787158 0.020698426383369828 0.5
[constsearch] report_v2_1 → results\v2\e1\B1\r4_5_ew0_5  (γ=0.9916661555611042, 꼬리 600스텝, 워커 6)
저장: results\v2\e1\B1\r4_5_ew0_5\fixed_walk.json
      results\v2\e1\B1\r4_5_ew0_5\fixed_walk.md

$ python diagnose_v2.py constsearch --config results/v2/e1/configs/B1_r4_5_ew0_5.yaml --workers 6 --out results/v2/e1/B1/r4_5_ew0_5 --tag fixed_run --const-action 0.7682948980991011 0.9216841923808368 0.2159122493787158 0.020698426383369828 1.0
[constsearch] report_v2_1 → results\v2\e1\B1\r4_5_ew0_5  (γ=0.9916661555611042, 꼬리 600스텝, 워커 6)
저장: results\v2\e1\B1\r4_5_ew0_5\fixed_run.json
      results\v2\e1\B1\r4_5_ew0_5\fixed_run.md

$ python diagnose_v2.py constsearch --config results/v2/e1/configs/B1_r4_5_ew0_5.yaml --workers 6 --out results/v2/e1/B1/r4_5_ew0_5/g998 --tag c2seg_g998 --g998 --seg-bins 2:0.5 4:0.5 --seg-dims speed --base-action 0.7682948980991011 0.9216841923808368 0.2159122493787158 0.020698426383369828 0.5536489064824605 --const-action 0.10233105379346588 0.2076082497126884 0.6340997197455132 0.4116220874825391
[constsearch] report_v2_1_g998 → results\v2\e1\B1\r4_5_ew0_5\g998  (γ=0.998, 꼬리 2500스텝, 앞 500스텝, 워커 6)
저장: results\v2\e1\B1\r4_5_ew0_5\g998\c2seg_g998.json
      results\v2\e1\B1\r4_5_ew0_5\g998\c2seg_g998.md
  C2-seg vs C2: mean_return 198.27(t=+4.43, 유의)  g_gamma 6.249(t=+3.25, 유의)  survival 469.3(t=+1.71, 유의 아님)  repro 34.08(t=+4.46, 유의)  predation_rate 0.00241(t=+1.18, 유의 아님)  starve_rate 0.00020(t=-3.74, 유의)
