[constsearch] report_v2_4 → results\v2\v2_4\c2\night_speed\T1800  (γ=0.9916661555611042, 꼬리 600스텝, 워커 7)
  7/112  best 1.465 [0.534, 0.534, 0.534]  (94s)
  14/112  best 1.465 [0.534, 0.534, 0.534]  (186s)
  21/112  best 1.465 [0.534, 0.534, 0.534]  (279s)
  28/112  best 1.465 [0.534, 0.534, 0.534]  (370s)
  35/112  best 1.465 [0.534, 0.534, 0.534]  (462s)
  42/112  best 1.465 [0.534, 0.534, 0.534]  (554s)
  49/112  best 1.465 [0.534, 0.534, 0.534]  (645s)
  56/112  best 1.465 [0.534, 0.534, 0.534]  (737s)
  63/112  best 1.465 [0.534, 0.534, 0.534]  (828s)
  70/112  best 1.465 [0.534, 0.534, 0.534]  (919s)
  77/112  best 1.465 [0.534, 0.534, 0.534]  (1011s)
  84/112  best 1.465 [0.534, 0.534, 0.534]  (1102s)
  91/112  best 1.465 [0.534, 0.534, 0.534]  (1192s)
  98/112  best 1.465 [0.534, 0.534, 0.534]  (1282s)
  105/112  best 1.465 [0.534, 0.534, 0.534]  (1372s)
  112/112  best 1.465 [0.534, 0.534, 0.534]  (1462s)
  재측정 {'t0': 0.878, 't2': 0.878, 't22': 0.878, 't29': 0.878, 't32': 0.878} → t0 [0.534, 0.534, 0.534]
저장: results\v2\v2_4\c2\night_speed\T1800\constsearch_seg.json
      results\v2\v2_4\c2\night_speed\T1800\constsearch_seg.md
  C2-seg vs C2: mean_return 61.00(t=—, 유의 아님)  g_gamma 1.221(t=—, 유의 아님)  survival 383.6(t=—, 유의 아님)  repro 16.31(t=—, 유의 아님)  predation_rate 0.00278(t=—, 유의 아님)  starve_rate 0.00044(t=—, 유의 아님)
