[constsearch] report_v2_4 → results\v2\v2_4\c2\night_speed\T600_900  (γ=0.9916661555611042, 꼬리 600스텝, 워커 7)
  7/112  best 1.470 [0.534, 0.534, 0.534]  (94s)
  14/112  best 1.470 [0.534, 0.534, 0.534]  (187s)
  21/112  best 1.470 [0.534, 0.534, 0.534]  (278s)
  28/112  best 1.470 [0.534, 0.534, 0.534]  (368s)
  35/112  best 1.470 [0.534, 0.534, 0.534]  (461s)
  42/112  best 1.470 [0.534, 0.534, 0.534]  (552s)
  49/112  best 1.470 [0.534, 0.534, 0.534]  (643s)
  56/112  best 1.470 [0.534, 0.534, 0.534]  (734s)
  63/112  best 1.470 [0.534, 0.534, 0.534]  (826s)
  70/112  best 1.470 [0.534, 0.534, 0.534]  (918s)
  77/112  best 1.470 [0.534, 0.534, 0.534]  (1010s)
  84/112  best 1.470 [0.534, 0.534, 0.534]  (1102s)
  91/112  best 1.470 [0.534, 0.534, 0.534]  (1194s)
  98/112  best 1.470 [0.534, 0.534, 0.534]  (1285s)
  105/112  best 1.470 [0.534, 0.534, 0.534]  (1376s)
  112/112  best 1.470 [0.534, 0.534, 0.534]  (1463s)
  재측정 {'t0': 1.016, 't2': 1.016, 't22': 1.016, 't29': 1.016, 't32': 1.016} → t0 [0.534, 0.534, 0.534]
저장: results\v2\v2_4\c2\night_speed\T600_900\constsearch_seg.json
      results\v2\v2_4\c2\night_speed\T600_900\constsearch_seg.md
  C2-seg vs C2: mean_return 63.27(t=—, 유의 아님)  g_gamma 1.293(t=—, 유의 아님)  survival 384.3(t=—, 유의 아님)  repro 16.44(t=—, 유의 아님)  predation_rate 0.00276(t=—, 유의 아님)  starve_rate 0.00044(t=—, 유의 아님)
