uniform  s12000 같음=True  G_γ +1.846336 / +1.846336  사망 662 (피식 499, 아사 163) 번식 871  tr>0 0.807 창 0.299
uniform  s12001 같음=True  G_γ -1.766847 / -1.766847  사망 1383 (피식 1138, 아사 246) 번식 558  tr>0 0.943 창 0.375
uniform  s12002 같음=True  G_γ -2.941531 / -2.941531  사망 1309 (피식 681, 아사 629) 번식 230  tr>0 0.917 창 0.386
uniform  s12003 같음=True  G_γ +0.689095 / +0.689095  사망 610 (피식 272, 아사 338) 번식 580  tr>0 0.709 창 0.239
uniform  s12004 같음=True  G_γ -2.948892 / -2.948892  사망 1028 (피식 388, 아사 640) 번식 82  tr>0 0.646 창 0.259
uniform  s0     같음=True  G_γ +0.653181 / +0.653181  사망 791 (피식 570, 아사 221) 번식 758  tr>0 0.801 창 0.303
uniform  s1     같음=True  G_γ +1.070540 / +1.070540  사망 798 (피식 696, 아사 103) 번식 875  tr>0 0.915 창 0.353
uniform  s2     같음=True  G_γ -3.355315 / -3.355315  사망 1226 (피식 395, 아사 831) 번식 151  tr>0 0.654 창 0.253
c2       s12000 같음=True  G_γ +2.507361 / +2.507361  사망 699 (피식 650, 아사 49) 번식 1191  tr>0 0.676 창 0.206
c2       s12001 같음=True  G_γ -0.525774 / -0.525774  사망 1456 (피식 1387, 아사 69) 번식 1110  tr>0 0.835 창 0.217
c2       s12002 같음=True  G_γ -1.352040 / -1.352040  사망 931 (피식 772, 아사 159) 번식 303  tr>0 0.874 창 0.215
c2       s12003 같음=True  G_γ +4.913836 / +4.913836  사망 337 (피식 315, 아사 22) 번식 1271  tr>0 0.684 창 0.143
c2       s12004 같음=True  G_γ +2.501680 / +2.501680  사망 356 (피식 321, 아사 35) 번식 628  tr>0 0.623 창 0.130
c2       s0     같음=True  G_γ +2.484565 / +2.484565  사망 628 (피식 581, 아사 47) 번식 953  tr>0 0.580 창 0.123
c2       s1     같음=True  G_γ +0.742134 / +0.742134  사망 1007 (피식 920, 아사 87) 번식 1139  tr>0 0.710 창 0.156
c2       s2     같음=True  G_γ +0.885450 / +0.885450  사망 561 (피식 455, 아사 106) 번식 479  tr>0 0.719 창 0.183
t0_det   s12000 같음=True  G_γ +3.594201 / +3.594201  사망 533 (피식 506, 아사 27) 번식 1199  tr>0 0.819 창 0.253
t0_det   s12001 같음=True  G_γ +0.625176 / +0.625176  사망 1072 (피식 1041, 아사 31) 번식 963  tr>0 0.908 창 0.273
t0_det   s12002 같음=True  G_γ -1.227312 / -1.227312  사망 919 (피식 689, 아사 230) 번식 315  tr>0 0.874 창 0.267
t0_det   s12003 같음=True  G_γ +5.211547 / +5.211547  사망 271 (피식 252, 아사 19) 번식 1169  tr>0 0.503 창 0.118
t0_det   s12004 같음=True  G_γ +1.299930 / +1.299930  사망 435 (피식 346, 아사 89) 번식 432  tr>0 0.673 창 0.149
t0_det   s0     같음=True  G_γ +2.478607 / +2.478607  사망 506 (피식 450, 아사 56) 번식 812  tr>0 0.721 창 0.195
t0_det   s1     같음=True  G_γ +2.470546 / +2.470546  사망 624 (피식 596, 아사 28) 번식 1067  tr>0 0.749 창 0.181
t0_det   s2     같음=True  G_γ -0.134431 / -0.134431  사망 678 (피식 450, 아사 229) 번식 337  tr>0 0.671 창 0.197
t0_hold  s12000 같음=True  G_γ +2.963967 / +2.963967  사망 590 (피식 548, 아사 42) 번식 1113  tr>0 0.789 창 0.231
t0_hold  s12001 같음=True  G_γ +0.038212 / +0.038212  사망 1171 (피식 1119, 아사 52) 번식 782  tr>0 0.877 창 0.264
t0_hold  s12002 같음=True  G_γ -0.841913 / -0.841913  사망 867 (피식 704, 아사 163) 번식 331  tr>0 0.887 창 0.253
t0_hold  s12003 같음=True  G_γ +4.507486 / +4.507486  사망 318 (피식 298, 아사 20) 번식 1088  tr>0 0.670 창 0.153
t0_hold  s12004 같음=True  G_γ +0.577713 / +0.577713  사망 476 (피식 374, 아사 102) 번식 362  tr>0 0.706 창 0.144
t0_hold  s0     같음=True  G_γ +1.720868 / +1.720868  사망 569 (피식 518, 아사 51) 번식 838  tr>0 0.712 창 0.171
t0_hold  s1     같음=True  G_γ +1.972273 / +1.972273  사망 694 (피식 669, 아사 25) 번식 1008  tr>0 0.875 창 0.244
t0_hold  s2     같음=True  G_γ +0.416124 / +0.416124  사망 577 (피식 424, 아사 153) 번식 400  tr>0 0.720 창 0.148
t1_det   s12000 같음=True  G_γ +1.038787 / +1.038787  사망 643 (피식 512, 아사 131) 번식 700  tr>0 0.619 창 0.119
t1_det   s12001 같음=True  G_γ -0.511386 / -0.511386  사망 1173 (피식 1084, 아사 89) 번식 703  tr>0 0.747 창 0.183
t1_det   s12002 같음=True  G_γ -0.870475 / -0.870475  사망 813 (피식 619, 아사 194) 번식 275  tr>0 0.703 창 0.141
t1_det   s12003 같음=True  G_γ +1.764208 / +1.764208  사망 482 (피식 294, 아사 188) 번식 668  tr>0 0.493 창 0.070
t1_det   s12004 같음=True  G_γ -0.848454 / -0.848454  사망 650 (피식 412, 아사 238) 번식 235  tr>0 0.545 창 0.095
t1_det   s0     같음=True  G_γ +0.208925 / +0.208925  사망 746 (피식 570, 아사 176) 번식 553  tr>0 0.608 창 0.098
t1_det   s1     같음=True  G_γ +0.457508 / +0.457508  사망 767 (피식 625, 아사 143) 번식 690  tr>0 0.635 창 0.120
t1_det   s2     같음=True  G_γ -0.728171 / -0.728171  사망 744 (피식 428, 아사 317) 번식 284  tr>0 0.547 창 0.094
t1_hold  s12000 같음=True  G_γ +3.731566 / +3.731566  사망 503 (피식 451, 아사 52) 번식 1062  tr>0 0.715 창 0.179
t1_hold  s12001 같음=True  G_γ -0.618157 / -0.618157  사망 1211 (피식 1135, 아사 76) 번식 745  tr>0 0.835 창 0.226
t1_hold  s12002 같음=True  G_γ -1.073835 / -1.073835  사망 835 (피식 642, 아사 194) 번식 284  tr>0 0.861 창 0.203
t1_hold  s12003 같음=True  G_γ +4.450143 / +4.450143  사망 316 (피식 295, 아사 21) 번식 1058  tr>0 0.674 창 0.111
t1_hold  s12004 같음=True  G_γ -0.024297 / -0.024297  사망 545 (피식 380, 아사 165) 번식 260  tr>0 0.563 창 0.113
t1_hold  s0     같음=True  G_γ +1.186682 / +1.186682  사망 641 (피식 542, 아사 99) 번식 670  tr>0 0.610 창 0.128
t1_hold  s1     같음=True  G_γ +1.905171 / +1.905171  사망 723 (피식 672, 아사 51) 번식 965  tr>0 0.818 창 0.203
t1_hold  s2     같음=True  G_γ +0.374525 / +0.374525  사망 586 (피식 396, 아사 190) 번식 416  tr>0 0.619 창 0.120
전체 같음: True (48/48), 233.8s
음성 대조 uniform s12000 교란 100: 같음=False, 첫 차이 {'key': 'head', 'step': 100, 'kind': 'value', 'n_diff': 1, 'index': [0, 0], 'a': -0.27465952696280216, 'b': -0.2746595269628021}
음성 대조 uniform s0 교란 100: 같음=False, 첫 차이 {'key': 'head', 'step': 100, 'kind': 'value', 'n_diff': 1, 'index': [0, 0], 'a': 0.14298667122906847, 'b': 0.14298667122906839}
음성 대조 t0_det s12000 교란 100: 같음=True, 첫 차이 None
음성 대조 t0_det s0 교란 100: 같음=False, 첫 차이 {'key': 'head', 'step': 100, 'kind': 'value', 'n_diff': 1, 'index': [0, 1], 'a': 0.017754109631741392, 'b': 0.01775410963174139}
