eval_p1 재사용 ok=True  repro={'T0_s20|C0|det': True, 'T1_s20|C0|det': True, 'T1_s20|C0|hold': True, 'T0_s20|C0|hold': True}
모드 T0(6): det (G_γ 유의) 결정 0.974 K24 0.828 K24−결정 -0.146 (t -4.57) 통과 {'det': 0, 'hold': 1}
모드 T1(6): hold (G_γ 유의) 결정 0.030 K24 0.892 K24−결정 +0.862 (t +8.92) 통과 {'det': 0, 'hold': 1}
모드 T1d0(3): det (G_γ 유의) 결정 1.239 K24 1.132 K24−결정 -0.106 (t -3.62) 통과 {'det': 1, 'hold': 1}
  three_model_20_22 T0: hold (크기 통과 수) 결정 1.193 K24 1.118 t -1.55 통과 {'det': 0, 'hold': 1}
  three_model_20_22 T1: hold (G_γ 유의) 결정 -0.611 K24 0.796 t +9.80 통과 {'det': 0, 'hold': 0}
  three_model_23_25 T0: det (G_γ 유의) 결정 0.755 K24 0.539 t -7.13 통과 {'det': 0, 'hold': 1}
  three_model_23_25 T1: hold (G_γ 유의) 결정 0.671 K24 0.988 t +5.22 통과 {'det': 0, 'hold': 1}
  6 = 3 모델 모드: {'T0': False, 'T1': True}, judge.json {'T0': 'hold', 'T1': 'hold'}
  T0 det G_γ s20 1.458 s21 0.708 s22 1.413 s23 1.693 s24 -0.533 s25 1.106
  T0 hold G_γ s20 1.185 s21 1.028 s22 1.140 s23 1.376 s24 -0.724 s25 0.966
  T1 det G_γ s20 0.181 s21 -0.988 s22 -1.027 s23 1.590 s24 1.260 s25 -0.836
  T1 hold G_γ s20 0.988 s21 0.627 s22 0.773 s23 1.297 s24 0.729 s25 0.939
  T1d0 det G_γ s20 1.534 s21 1.086 s22 1.095
  T1d0 hold G_γ s20 1.264 s21 1.327 s22 0.806
H2: H2 를 버리지 못함: 출시 모드 T1 − T0 가 유의하지 않음(|t| ≤ 2.23)
  6v6 launch: -0.082 (t -0.24, df 5.9, crit 2.46, perm p 0.8571, 분리 False, 모드 ['hold', 'det'])
  6v6 det: -0.944 (t -1.62, df 8.9, crit 2.27, perm p 0.1320, 분리 False, 모드 ['det', 'det'])
  6v6 hold: +0.064 (t +0.19, df 5.9, crit 2.45, perm p 0.9589, 분리 False, 모드 ['hold', 'hold'])
  s23_25 launch: +0.233 (t +0.34, df 2.2, crit 3.88, perm p 0.9000, 분리 False, 모드 ['hold', 'det'])
  s23_25 det: -0.084 (t -0.08, df 3.9, crit 2.80, perm p 0.9000, 분리 False, 모드 ['det', 'det'])
  s23_25 hold: +0.449 (t +0.68, df 2.3, crit 3.85, perm p 0.9000, 분리 False, 모드 ['hold', 'hold'])
  s20_22 launch: -0.397 (t -1.50, df 2.7, crit 3.38, perm p 0.3000, 분리 False, 모드 ['hold', 'det'])
  s20_22 det: -1.804 (t -3.88, df 3.3, crit 3.02, perm p 0.1000, 분리 True, 모드 ['det', 'det'])
  s20_22 hold: -0.322 (t -2.81, df 2.8, crit 3.34, perm p 0.1000, 분리 True, 모드 ['hold', 'hold'])
H3/H4 launch: H3  d0−T0 +0.264 (t +0.73, df 6.5, crit 2.40, perm p 0.6905, 분리 False, 모드 ['det', 'det'])
            d0−T1 +0.347 (t +1.96, df 3.8, crit 2.82, perm p 0.0833, 분리 False, 모드 ['det', 'hold'])
H3/H4 det: H3  d0−T0 +0.264 (t +0.73, df 6.5, crit 2.40, perm p 0.6905, 분리 False, 모드 ['det', 'det'])
            d0−T1 +1.209 (t +2.41, df 5.9, crit 2.46, perm p 0.1548, 분리 False, 모드 ['det', 'det'])
H3/H4 hold: H3  d0−T0 +0.304 (t +0.85, df 6.8, crit 2.38, perm p 0.6905, 분리 False, 모드 ['hold', 'hold'])
            d0−T1 +0.240 (t +1.26, df 3.5, crit 2.94, perm p 0.2262, 분리 False, 모드 ['hold', 'hold'])
  aux T0 det: g_gamma 0.97411 b1 0.26786 b2 0.20096 starve_rate 0.00061031 predation_rate 0.0022741 survival 403.46 stop_frac 0.10836 walk_frac 0.8723 run_frac 0.019348
  aux T0 hold: g_gamma 0.82848 b1 0.36573 b2 0.16175 starve_rate 0.00059438 predation_rate 0.0023348 survival 401.78 stop_frac 0.28278 walk_frac 0.67435 run_frac 0.042869
  aux T1 det: g_gamma 0.029966 b1 0.11173 b2 0.12448 starve_rate 0.00076853 predation_rate 0.0024455 survival 346.3 stop_frac 0.58387 walk_frac 0.40891 run_frac 0.0072244
  aux T1 hold: g_gamma 0.89201 b1 0.32122 b2 0.061833 starve_rate 0.0005348 predation_rate 0.0024512 survival 391.59 stop_frac 0.48255 walk_frac 0.48645 run_frac 0.030997
  aux T1d0 det: g_gamma 1.2386 b1 0.35159 b2 0.18915 starve_rate 0.00052112 predation_rate 0.00231 survival 421.71 stop_frac 0.082748 walk_frac 0.88257 run_frac 0.034681
  aux T1d0 hold: g_gamma 1.1323 b1 0.39556 b2 0.21895 starve_rate 0.00051357 predation_rate 0.0023442 survival 420.52 stop_frac 0.22288 walk_frac 0.72459 run_frac 0.052536
  탐침 T1-T0 p_stop: 처음 유의 1015808, 끝까지 유의 19005440, 처음 분리 12025856; 1M +0.219(+5.3) 2M +0.149(+3.6) 3M +0.186(+2.9) 4M +0.148(+3.2) 5M +0.136(+3.0) 6M +0.171(+4.9) 7M +0.094(+2.5) 8M +0.134(+2.3) 9M +0.186(+3.7) 10M +0.192(+4.2) 11M +0.083(+1.6) 12M +0.221(+6.1) 13M +0.200(+4.5) 14M +0.112(+2.9) 15M +0.115(+2.3) 16M +0.096(+1.5) 17M +0.089(+1.9) 18M +0.101(+1.8) 19M +0.244(+6.9) 20M +0.195(+3.7)
  탐침 T1-T0 speed_std: 처음 유의 None, 끝까지 유의 None, 처음 분리 None; 1M -0.006(-0.6) 2M +0.012(+1.0) 3M +0.007(+0.7) 4M +0.016(+1.1) 5M +0.026(+1.3) 6M +0.019(+1.0) 7M +0.018(+0.9) 8M +0.017(+0.9) 9M +0.022(+1.1) 10M +0.022(+1.0) 11M +0.029(+1.1) 12M +0.031(+1.0) 13M +0.033(+1.1) 14M +0.046(+1.4) 15M +0.052(+1.5) 16M +0.052(+1.5) 17M +0.052(+1.4) 18M +0.057(+1.6) 19M +0.058(+1.8) 20M +0.062(+1.8)
  탐침 T1d0-T0 p_stop: 처음 유의 17006592, 끝까지 유의 None, 처음 분리 17006592; 1M -0.001(-0.0) 2M +0.039(+0.9) 3M +0.108(+2.2) 4M -0.006(-0.1) 5M -0.044(-0.8) 6M +0.002(+0.0) 7M +0.023(+0.7) 8M -0.025(-0.6) 9M -0.021(-0.4) 10M -0.009(-0.2) 11M -0.074(-1.2) 12M -0.030(-0.9) 13M +0.023(+1.0) 14M +0.017(+0.3) 15M -0.064(-0.8) 16M -0.092(-1.8) 17M -0.131(-3.9) 18M -0.052(-0.8) 19M +0.015(+0.3) 20M -0.066(-1.5)
  탐침 T1d0-T0 speed_std: 처음 유의 7012352, 끝까지 유의 11010048, 처음 분리 12025856; 1M -0.006(-0.7) 2M -0.005(-0.5) 3M -0.025(-1.4) 4M -0.033(-1.3) 5M -0.027(-0.7) 6M -0.047(-1.9) 7M -0.057(-3.2) 8M -0.048(-3.0) 9M -0.055(-3.3) 10M -0.058(-2.9) 11M -0.063(-3.5) 12M -0.068(-4.2) 13M -0.070(-3.9) 14M -0.071(-4.2) 15M -0.066(-4.1) 16M -0.075(-4.0) 17M -0.067(-3.6) 18M -0.064(-2.8) 19M -0.060(-3.1) 20M -0.059(-2.7)
  탐침 T1d0-T1 p_stop: 처음 유의 1015808, 끝까지 유의 16023552, 처음 분리 1015808; 1M -0.219(-5.0) 2M -0.110(-2.1) 3M -0.078(-1.0) 4M -0.153(-2.3) 5M -0.181(-4.4) 6M -0.169(-2.9) 7M -0.071(-1.7) 8M -0.159(-3.1) 9M -0.207(-3.8) 10M -0.200(-3.2) 11M -0.157(-3.0) 12M -0.251(-6.4) 13M -0.177(-4.2) 14M -0.095(-1.8) 15M -0.179(-2.2) 16M -0.188(-2.9) 17M -0.221(-6.7) 18M -0.153(-2.6) 19M -0.230(-5.4) 20M -0.261(-4.9)
  탐침 T1d0-T1 speed_std: 처음 유의 7012352, 끝까지 유의 7012352, 처음 분리 None; 1M +0.000(+0.1) 2M -0.017(-1.5) 3M -0.031(-1.6) 4M -0.048(-1.7) 5M -0.053(-1.3) 6M -0.067(-2.2) 7M -0.075(-3.1) 8M -0.065(-3.0) 9M -0.076(-3.3) 10M -0.080(-2.9) 11M -0.092(-3.6) 12M -0.099(-3.6) 13M -0.103(-3.6) 14M -0.117(-3.7) 15M -0.118(-3.6) 16M -0.127(-3.8) 17M -0.120(-3.6) 18M -0.121(-3.7) 19M -0.118(-3.9) 20M -0.121(-3.9)
