§6.4 튜닝값 적용: learning_rate=6.813187996724827e-05  gamma=0.9916661555611042  ent_coef=0.0008971496690499397  clip_range=0.37816696417287243  n_epochs=15
모방 초기화 가중치: ckpt/v3/ws/v3_r1_ws_s0.pt
행동 고르기 학습: 목록 ['graze', 'flee', 'hide', 'freeze'], ε 0.05, 시작 확률 [0.4, 0.15, 0.15, 0.15, 0.15], 엔트로피 기준 0.00255643 ÷ f_dec 0.255643 = 0.01 (PPO ent_coef 0.0008971496690499397 × 배율 11.1464)
시작 분포(결정 시점 평균 π, 마스크 적용): graze 0.586 · flee 0.114 · hide 0.224 · freeze 0.076 · sleep 0.000
20,000,000 스텝 — 세계 8개 × 128슬롯 = num_envs 1024, 세계당 n_steps 32 (배치 32,768), 교체 5000스텝마다, γ 0.995 (s1a), 관측 18 + 마스크 5, 행동 Discrete(5)
  [1,015,808] 사용 G0.891 F0.026 H0.059 Z0.025 S0.000 · 결정 0.785 · 결정 엔트로피 0.021 · 아사 4.35e-04 · 피식 2.13e-03
  체크포인트 1,000,000 → v3_r1_g995_s0_20m_1m.zip (실제 1,015,808)
  [2,031,616] 사용 G0.903 F0.027 H0.052 Z0.017 S0.000 · 결정 0.806 · 결정 엔트로피 0.013 · 아사 3.49e-04 · 피식 2.21e-03
  체크포인트 2,000,000 → v3_r1_g995_s0_20m_2m.zip (실제 2,031,616)
  [3,014,656] 사용 G0.910 F0.031 H0.039 Z0.020 S0.000 · 결정 0.814 · 결정 엔트로피 0.013 · 아사 3.10e-04 · 피식 2.14e-03
  체크포인트 3,000,000 → v3_r1_g995_s0_20m_3m.zip (실제 3,014,656)
  [4,030,464] 사용 G0.887 F0.044 H0.041 Z0.028 S0.000 · 결정 0.779 · 결정 엔트로피 0.012 · 아사 3.63e-04 · 피식 1.96e-03
  체크포인트 4,000,000 → v3_r1_g995_s0_20m_4m.zip (실제 4,030,464)
  [5,013,504] 사용 G0.909 F0.045 H0.027 Z0.018 S0.000 · 결정 0.815 · 결정 엔트로피 0.009 · 아사 4.91e-04 · 피식 1.75e-03
  체크포인트 5,000,000 → v3_r1_g995_s0_20m_5m.zip (실제 5,013,504)
  [6,029,312] 사용 G0.922 F0.043 H0.021 Z0.014 S0.000 · 결정 0.840 · 결정 엔트로피 0.012 · 아사 3.32e-04 · 피식 1.50e-03
  체크포인트 6,000,000 → v3_r1_g995_s0_20m_6m.zip (실제 6,029,312)
  [7,012,352] 사용 G0.918 F0.047 H0.021 Z0.013 S0.000 · 결정 0.832 · 결정 엔트로피 0.006 · 아사 4.39e-04 · 피식 1.53e-03
  체크포인트 7,000,000 → v3_r1_g995_s0_20m_7m.zip (실제 7,012,352)
  [8,028,160] 사용 G0.926 F0.040 H0.022 Z0.012 S0.000 · 결정 0.844 · 결정 엔트로피 0.005 · 아사 5.38e-04 · 피식 1.49e-03
  체크포인트 8,000,000 → v3_r1_g995_s0_20m_8m.zip (실제 8,028,160)
  [9,011,200] 사용 G0.925 F0.038 H0.024 Z0.013 S0.000 · 결정 0.844 · 결정 엔트로피 0.014 · 아사 3.79e-04 · 피식 1.70e-03
  체크포인트 9,000,000 → v3_r1_g995_s0_20m_9m.zip (실제 9,011,200)
  [10,027,008] 사용 G0.913 F0.039 H0.033 Z0.015 S0.000 · 결정 0.821 · 결정 엔트로피 0.016 · 아사 3.48e-04 · 피식 1.98e-03
  체크포인트 10,000,000 → v3_r1_g995_s0_20m_10m.zip (실제 10,027,008)
  [11,010,048] 사용 G0.920 F0.033 H0.033 Z0.014 S0.000 · 결정 0.836 · 결정 엔트로피 0.004 · 아사 4.26e-04 · 피식 1.63e-03
  체크포인트 11,000,000 → v3_r1_g995_s0_20m_11m.zip (실제 11,010,048)
  [12,025,856] 사용 G0.924 F0.028 H0.034 Z0.014 S0.000 · 결정 0.844 · 결정 엔트로피 0.009 · 아사 3.95e-04 · 피식 1.68e-03
  체크포인트 12,000,000 → v3_r1_g995_s0_20m_12m.zip (실제 12,025,856)
  [13,008,896] 사용 G0.899 F0.029 H0.054 Z0.018 S0.000 · 결정 0.804 · 결정 엔트로피 0.012 · 아사 3.60e-04 · 피식 2.15e-03
  체크포인트 13,000,000 → v3_r1_g995_s0_20m_13m.zip (실제 13,008,896)
  [14,024,704] 사용 G0.909 F0.024 H0.049 Z0.017 S0.000 · 결정 0.813 · 결정 엔트로피 0.006 · 아사 7.15e-04 · 피식 2.03e-03
  체크포인트 14,000,000 → v3_r1_g995_s0_20m_14m.zip (실제 14,024,704)
  [15,007,744] 사용 G0.922 F0.022 H0.040 Z0.016 S0.000 · 결정 0.835 · 결정 엔트로피 0.003 · 아사 6.72e-04 · 피식 1.93e-03
  체크포인트 15,000,000 → v3_r1_g995_s0_20m_15m.zip (실제 15,007,744)
  [16,023,552] 사용 G0.933 F0.019 H0.033 Z0.015 S0.000 · 결정 0.863 · 결정 엔트로피 0.006 · 아사 5.51e-04 · 피식 1.62e-03
  체크포인트 16,000,000 → v3_r1_g995_s0_20m_16m.zip (실제 16,023,552)
  [17,006,592] 사용 G0.939 F0.027 H0.022 Z0.013 S0.000 · 결정 0.873 · 결정 엔트로피 0.005 · 아사 4.87e-04 · 피식 1.37e-03
  체크포인트 17,000,000 → v3_r1_g995_s0_20m_17m.zip (실제 17,006,592)
  [18,022,400] 사용 G0.919 F0.037 H0.023 Z0.020 S0.000 · 결정 0.834 · 결정 엔트로피 0.013 · 아사 5.74e-04 · 피식 1.80e-03
  체크포인트 18,000,000 → v3_r1_g995_s0_20m_18m.zip (실제 18,022,400)
  [19,005,440] 사용 G0.944 F0.029 H0.013 Z0.014 S0.000 · 결정 0.888 · 결정 엔트로피 0.010 · 아사 4.28e-04 · 피식 1.14e-03
  체크포인트 19,000,000 → v3_r1_g995_s0_20m_19m.zip (실제 19,005,440)
  [20,021,248] 사용 G0.914 F0.046 H0.023 Z0.017 S0.000 · 결정 0.843 · 결정 엔트로피 0.008 · 아사 2.48e-04 · 피식 1.39e-03
  체크포인트 20,000,000 → v3_r1_g995_s0_20m_20m.zip (실제 20,021,248)
저장: C:\kwon\univ\3-1\GameContentsCapstoneDesign\AdaptiveEcosystem\herbivore_rl\ckpt\v3\v3_r1_g995_s0_20m.zip  (25.6분, 13,015 스텝/초)
config_digest b4ae94ec880c, 체크포인트 20개, 학습한 세계 수 39
