§6.4 튜닝값 적용: learning_rate=6.813187996724827e-05  gamma=0.9916661555611042  ent_coef=0.0008971496690499397  clip_range=0.37816696417287243  n_epochs=15
모방 초기화 가중치: ckpt/v3/ws/v3_r1_ws_s3.pt
행동 고르기 학습: 목록 ['graze', 'flee', 'hide', 'freeze'], ε 0.05, 시작 확률 [0.4, 0.15, 0.15, 0.15, 0.15], 엔트로피 기준 0.00255643 ÷ f_dec 0.255643 = 0.01 (PPO ent_coef 0.0008971496690499397 × 배율 11.1464)
시작 분포(결정 시점 평균 π, 마스크 적용): graze 0.597 · flee 0.084 · hide 0.268 · freeze 0.051 · sleep 0.000
20,000,000 스텝 — 세계 8개 × 128슬롯 = num_envs 1024, 세계당 n_steps 32 (배치 32,768), 교체 5000스텝마다, γ 0.995 (s1a), 관측 18 + 마스크 5, 행동 Discrete(5)
  [1,015,808] 사용 G0.913 F0.019 H0.049 Z0.019 S0.000 · 결정 0.817 · 결정 엔트로피 0.005 · 아사 3.81e-04 · 피식 1.71e-03
  체크포인트 1,000,000 → v3_r1_g995_s3_20m_1m.zip (실제 1,015,808)
  [2,031,616] 사용 G0.936 F0.018 H0.029 Z0.016 S0.000 · 결정 0.859 · 결정 엔트로피 0.008 · 아사 3.89e-04 · 피식 1.72e-03
  체크포인트 2,000,000 → v3_r1_g995_s3_20m_2m.zip (실제 2,031,616)
  [3,014,656] 사용 G0.941 F0.017 H0.025 Z0.017 S0.000 · 결정 0.870 · 결정 엔트로피 0.008 · 아사 3.91e-04 · 피식 1.67e-03
  체크포인트 3,000,000 → v3_r1_g995_s3_20m_3m.zip (실제 3,014,656)
  [4,030,464] 사용 G0.945 F0.017 H0.021 Z0.017 S0.000 · 결정 0.878 · 결정 엔트로피 0.006 · 아사 2.69e-04 · 피식 1.58e-03
  체크포인트 4,000,000 → v3_r1_g995_s3_20m_4m.zip (실제 4,030,464)
  [5,013,504] 사용 G0.935 F0.025 H0.024 Z0.016 S0.000 · 결정 0.860 · 결정 엔트로피 0.008 · 아사 3.55e-04 · 피식 1.81e-03
  체크포인트 5,000,000 → v3_r1_g995_s3_20m_5m.zip (실제 5,013,504)
  [6,029,312] 사용 G0.922 F0.030 H0.032 Z0.016 S0.000 · 결정 0.834 · 결정 엔트로피 0.012 · 아사 5.74e-04 · 피식 1.80e-03
  체크포인트 6,000,000 → v3_r1_g995_s3_20m_6m.zip (실제 6,029,312)
  [7,012,352] 사용 G0.923 F0.028 H0.028 Z0.020 S0.000 · 결정 0.840 · 결정 엔트로피 0.010 · 아사 7.03e-04 · 피식 1.70e-03
  체크포인트 7,000,000 → v3_r1_g995_s3_20m_7m.zip (실제 7,012,352)
  [8,028,160] 사용 G0.909 F0.032 H0.032 Z0.027 S0.000 · 결정 0.815 · 결정 엔트로피 0.006 · 아사 6.70e-04 · 피식 1.80e-03
  체크포인트 8,000,000 → v3_r1_g995_s3_20m_8m.zip (실제 8,028,160)
  [9,011,200] 사용 G0.916 F0.036 H0.028 Z0.020 S0.000 · 결정 0.821 · 결정 엔트로피 0.012 · 아사 5.66e-04 · 피식 2.05e-03
  체크포인트 9,000,000 → v3_r1_g995_s3_20m_9m.zip (실제 9,011,200)
  [10,027,008] 사용 G0.935 F0.024 H0.024 Z0.017 S0.000 · 결정 0.858 · 결정 엔트로피 0.006 · 아사 6.88e-04 · 피식 1.56e-03
  체크포인트 10,000,000 → v3_r1_g995_s3_20m_10m.zip (실제 10,027,008)
  [11,010,048] 사용 G0.923 F0.033 H0.025 Z0.019 S0.000 · 결정 0.839 · 결정 엔트로피 0.007 · 아사 4.93e-04 · 피식 1.71e-03
  체크포인트 11,000,000 → v3_r1_g995_s3_20m_11m.zip (실제 11,010,048)
  [12,025,856] 사용 G0.938 F0.024 H0.021 Z0.017 S0.000 · 결정 0.873 · 결정 엔트로피 0.006 · 아사 4.04e-04 · 피식 1.49e-03
  체크포인트 12,000,000 → v3_r1_g995_s3_20m_12m.zip (실제 12,025,856)
  [13,008,896] 사용 G0.936 F0.029 H0.019 Z0.017 S0.000 · 결정 0.866 · 결정 엔트로피 0.009 · 아사 4.28e-04 · 피식 1.47e-03
  체크포인트 13,000,000 → v3_r1_g995_s3_20m_13m.zip (실제 13,008,896)
  [14,024,704] 사용 G0.912 F0.035 H0.022 Z0.031 S0.000 · 결정 0.828 · 결정 엔트로피 0.011 · 아사 4.44e-04 · 피식 1.93e-03
  체크포인트 14,000,000 → v3_r1_g995_s3_20m_14m.zip (실제 14,024,704)
  [15,007,744] 사용 G0.927 F0.025 H0.016 Z0.032 S0.000 · 결정 0.859 · 결정 엔트로피 0.009 · 아사 3.47e-04 · 피식 1.45e-03
  체크포인트 15,000,000 → v3_r1_g995_s3_20m_15m.zip (실제 15,007,744)
  [16,023,552] 사용 G0.907 F0.028 H0.018 Z0.047 S0.000 · 결정 0.821 · 결정 엔트로피 0.004 · 아사 3.97e-04 · 피식 2.06e-03
  체크포인트 16,000,000 → v3_r1_g995_s3_20m_16m.zip (실제 16,023,552)
  [17,006,592] 사용 G0.925 F0.023 H0.016 Z0.036 S0.000 · 결정 0.857 · 결정 엔트로피 0.013 · 아사 5.42e-04 · 피식 1.42e-03
  체크포인트 17,000,000 → v3_r1_g995_s3_20m_17m.zip (실제 17,006,592)
  [18,022,400] 사용 G0.891 F0.032 H0.026 Z0.052 S0.000 · 결정 0.789 · 결정 엔트로피 0.004 · 아사 6.60e-04 · 피식 2.29e-03
  체크포인트 18,000,000 → v3_r1_g995_s3_20m_18m.zip (실제 18,022,400)
  [19,005,440] 사용 G0.916 F0.020 H0.031 Z0.032 S0.000 · 결정 0.841 · 결정 엔트로피 0.007 · 아사 8.18e-04 · 피식 1.63e-03
  체크포인트 19,000,000 → v3_r1_g995_s3_20m_19m.zip (실제 19,005,440)
  [20,021,248] 사용 G0.918 F0.021 H0.024 Z0.036 S0.000 · 결정 0.840 · 결정 엔트로피 0.006 · 아사 8.57e-04 · 피식 1.56e-03
  체크포인트 20,000,000 → v3_r1_g995_s3_20m_20m.zip (실제 20,021,248)
저장: C:\kwon\univ\3-1\GameContentsCapstoneDesign\AdaptiveEcosystem\herbivore_rl\ckpt\v3\v3_r1_g995_s3_20m.zip  (25.6분, 13,050 스텝/초)
config_digest b4ae94ec880c, 체크포인트 20개, 학습한 세계 수 39
