§6.4 튜닝값 적용: learning_rate=6.813187996724827e-05  gamma=0.9916661555611042  ent_coef=0.0008971496690499397  clip_range=0.37816696417287243  n_epochs=15
모방 초기화 가중치: ckpt/v3/ws/v3_r1_ws_s1.pt
행동 고르기 학습: 목록 ['graze', 'flee', 'hide', 'freeze'], ε 0.05, 시작 확률 [0.4, 0.15, 0.15, 0.15, 0.15], 엔트로피 기준 0.00255643 ÷ f_dec 0.255643 = 0.01 (PPO ent_coef 0.0008971496690499397 × 배율 11.1464)
시작 분포(결정 시점 평균 π, 마스크 적용): graze 0.612 · flee 0.093 · hide 0.219 · freeze 0.076 · sleep 0.000
20,000,000 스텝 — 세계 8개 × 128슬롯 = num_envs 1024, 세계당 n_steps 32 (배치 32,768), 교체 5000스텝마다, γ 0.995 (s1a), 관측 18 + 마스크 5, 행동 Discrete(5)
  [1,015,808] 사용 G0.913 F0.034 H0.031 Z0.022 S0.000 · 결정 0.810 · 결정 엔트로피 0.013 · 아사 3.02e-04 · 피식 1.91e-03
  체크포인트 1,000,000 → v3_r1_g995_s1_20m_1m.zip (실제 1,015,808)
  [2,031,616] 사용 G0.908 F0.034 H0.033 Z0.024 S0.000 · 결정 0.811 · 결정 엔트로피 0.007 · 아사 3.49e-04 · 피식 1.87e-03
  체크포인트 2,000,000 → v3_r1_g995_s1_20m_2m.zip (실제 2,031,616)
  [3,014,656] 사용 G0.918 F0.034 H0.027 Z0.021 S0.000 · 결정 0.837 · 결정 엔트로피 0.018 · 아사 3.18e-04 · 피식 1.52e-03
  체크포인트 3,000,000 → v3_r1_g995_s1_20m_3m.zip (실제 3,014,656)
  [4,030,464] 사용 G0.913 F0.032 H0.027 Z0.028 S0.000 · 결정 0.822 · 결정 엔트로피 0.005 · 아사 3.45e-04 · 피식 1.74e-03
  체크포인트 4,000,000 → v3_r1_g995_s1_20m_4m.zip (실제 4,030,464)
  [5,013,504] 사용 G0.920 F0.035 H0.026 Z0.019 S0.000 · 결정 0.837 · 결정 엔트로피 0.014 · 아사 2.93e-04 · 피식 1.64e-03
  체크포인트 5,000,000 → v3_r1_g995_s1_20m_5m.zip (실제 5,013,504)
  [6,029,312] 사용 G0.931 F0.026 H0.017 Z0.026 S0.000 · 결정 0.860 · 결정 엔트로피 0.008 · 아사 3.57e-04 · 피식 1.34e-03
  체크포인트 6,000,000 → v3_r1_g995_s1_20m_6m.zip (실제 6,029,312)
  [7,012,352] 사용 G0.875 F0.031 H0.032 Z0.062 S0.000 · 결정 0.768 · 결정 엔트로피 0.013 · 아사 3.85e-04 · 피식 2.16e-03
  체크포인트 7,000,000 → v3_r1_g995_s1_20m_7m.zip (실제 7,012,352)
  [8,028,160] 사용 G0.899 F0.021 H0.036 Z0.044 S0.000 · 결정 0.813 · 결정 엔트로피 0.013 · 아사 4.72e-04 · 피식 1.76e-03
  체크포인트 8,000,000 → v3_r1_g995_s1_20m_8m.zip (실제 8,028,160)
  [9,011,200] 사용 G0.901 F0.021 H0.036 Z0.042 S0.000 · 결정 0.809 · 결정 엔트로피 0.010 · 아사 4.45e-04 · 피식 2.25e-03
  체크포인트 9,000,000 → v3_r1_g995_s1_20m_9m.zip (실제 9,011,200)
  [10,027,008] 사용 G0.905 F0.018 H0.027 Z0.050 S0.000 · 결정 0.820 · 결정 엔트로피 0.011 · 아사 4.57e-04 · 피식 1.91e-03
  체크포인트 10,000,000 → v3_r1_g995_s1_20m_10m.zip (실제 10,027,008)
  [11,010,048] 사용 G0.920 F0.016 H0.024 Z0.040 S0.000 · 결정 0.846 · 결정 엔트로피 0.002 · 아사 2.90e-04 · 피식 1.53e-03
  체크포인트 11,000,000 → v3_r1_g995_s1_20m_11m.zip (실제 11,010,048)
  [12,025,856] 사용 G0.930 F0.016 H0.020 Z0.034 S0.000 · 결정 0.869 · 결정 엔트로피 0.008 · 아사 2.26e-04 · 피식 1.38e-03
  체크포인트 12,000,000 → v3_r1_g995_s1_20m_12m.zip (실제 12,025,856)
  [13,008,896] 사용 G0.927 F0.017 H0.020 Z0.036 S0.000 · 결정 0.861 · 결정 엔트로피 0.003 · 아사 2.55e-04 · 피식 1.20e-03
  체크포인트 13,000,000 → v3_r1_g995_s1_20m_13m.zip (실제 13,008,896)
  [14,024,704] 사용 G0.905 F0.026 H0.025 Z0.043 S0.000 · 결정 0.823 · 결정 엔트로피 0.014 · 아사 4.55e-04 · 피식 1.78e-03
  체크포인트 14,000,000 → v3_r1_g995_s1_20m_14m.zip (실제 14,024,704)
  [15,007,744] 사용 G0.914 F0.022 H0.023 Z0.040 S0.000 · 결정 0.836 · 결정 엔트로피 0.014 · 아사 3.87e-04 · 피식 1.68e-03
  체크포인트 15,000,000 → v3_r1_g995_s1_20m_15m.zip (실제 15,007,744)
  [16,023,552] 사용 G0.879 F0.030 H0.032 Z0.058 S0.000 · 결정 0.770 · 결정 엔트로피 0.009 · 아사 6.10e-04 · 피식 2.58e-03
  체크포인트 16,000,000 → v3_r1_g995_s1_20m_16m.zip (실제 16,023,552)
  [17,006,592] 사용 G0.900 F0.022 H0.027 Z0.051 S0.000 · 결정 0.808 · 결정 엔트로피 0.012 · 아사 7.23e-04 · 피식 2.20e-03
  체크포인트 17,000,000 → v3_r1_g995_s1_20m_17m.zip (실제 17,006,592)
  [18,022,400] 사용 G0.874 F0.029 H0.030 Z0.066 S0.000 · 결정 0.756 · 결정 엔트로피 0.010 · 아사 6.53e-04 · 피식 2.91e-03
  체크포인트 18,000,000 → v3_r1_g995_s1_20m_18m.zip (실제 18,022,400)
  [19,005,440] 사용 G0.893 F0.023 H0.030 Z0.055 S0.000 · 결정 0.786 · 결정 엔트로피 0.007 · 아사 8.41e-04 · 피식 2.44e-03
  체크포인트 19,000,000 → v3_r1_g995_s1_20m_19m.zip (실제 19,005,440)
  [20,021,248] 사용 G0.896 F0.022 H0.033 Z0.049 S0.000 · 결정 0.784 · 결정 엔트로피 0.008 · 아사 8.54e-04 · 피식 2.68e-03
  체크포인트 20,000,000 → v3_r1_g995_s1_20m_20m.zip (실제 20,021,248)
저장: C:\kwon\univ\3-1\GameContentsCapstoneDesign\AdaptiveEcosystem\herbivore_rl\ckpt\v3\v3_r1_g995_s1_20m.zip  (25.6분, 13,016 스텝/초)
config_digest b4ae94ec880c, 체크포인트 20개, 학습한 세계 수 39
