T= 1 top   cum:act/forage_std               best 12/13 loo 12 auc 0.08 p1 0.036 p_fw 0.659 thr1 9/10 high +0.2078 s21->good same-rule {'2': 9, '20': 9}
T= 1 fixed win:rollout/reward_per_step      best 9/13 loo 9 auc 0.56 p1 1.000 p_fw 0.659 thr1 7/10 low -0.5177 s21->good same-rule {'2': 9, '20': 9}
T= 1 fixed win:world/mean_energy            best 9/13 loo 9 auc 0.50 p1 1.000 p_fw 0.659 thr1 6/10 low -0.0583 s21->good same-rule {'2': 9, '20': 9}
T= 1 fixed win:act/forage_mean              best 9/13 loo 8 auc 0.50 p1 1.000 p_fw 0.659 thr1 8/10 low -0.0525 s21->good same-rule {'2': 9, '20': 9}
T= 1 fixed win:probe/p_stop                 best 7/10 loo 4 auc 0.50 p1 0.924 p_fw 0.286 thr1 7/10 high +0.6174 s21->good same-rule {'2': 4, '20': 6}
T= 2 top   cum:policy/forage_log_std        best 12/13 loo 10 auc 0.06 p1 0.036 p_fw 0.768 thr1 9/10 high -0.0035 s21->good same-rule {'1': 8, '3': 10, '20': 9}
T= 2 fixed win:rollout/reward_per_step      best 9/13 loo 6 auc 0.61 p1 1.000 p_fw 0.768 thr1 6/10 high +0.5275 s21->good same-rule {'1': 9, '3': 9, '20': 9}
T= 2 fixed win:world/mean_energy            best 9/13 loo 5 auc 0.53 p1 1.000 p_fw 0.768 thr1 7/10 low -0.0489 s21->good same-rule {'1': 9, '3': 9, '20': 9}
T= 2 fixed win:act/forage_mean              best 9/13 loo 7 auc 0.53 p1 1.000 p_fw 0.768 thr1 7/10 low -0.0532 s21->good same-rule {'1': 9, '3': 9, '20': 9}
T= 2 fixed win:probe/p_stop                 best 7/10 loo 0 auc 0.46 p1 0.924 p_fw 0.990 thr1 7/10 high +0.5191 s21->good same-rule {'1': 5, '3': 5, '20': 6}
T= 3 top   win:policy/flee_dist_log_std     best 11/13 loo 11 auc 0.83 p1 0.217 p_fw 1.000 thr1 9/10 low -0.0361 s21->good same-rule {'2': 8, '4': 11, '20': 4}
T= 3 fixed win:rollout/reward_per_step      best 9/13 loo 9 auc 0.56 p1 1.000 p_fw 1.000 thr1 7/10 low -0.5261 s21->good same-rule {'2': 9, '4': 9, '20': 9}
T= 3 fixed win:world/mean_energy            best 9/13 loo 9 auc 0.50 p1 1.000 p_fw 1.000 thr1 7/10 low -0.0585 s21->good same-rule {'2': 9, '4': 9, '20': 9}
T= 3 fixed win:act/forage_mean              best 9/13 loo 6 auc 0.56 p1 1.000 p_fw 1.000 thr1 7/10 low -0.0116 s21->good same-rule {'2': 9, '4': 9, '20': 9}
T= 3 fixed win:probe/p_stop                 best 7/10 loo 3 auc 0.46 p1 0.924 p_fw 0.967 thr1 7/10 low +0.4101 s21->good same-rule {'2': 6, '4': 6, '20': 3}
T= 5 top   win:r2/flee_dist                 best 12/13 loo 12 auc 0.22 p1 0.036 p_fw 0.808 thr1 9/10 high +0.9926 s21->bad same-rule {'4': 8, '6': 9, '20': 9}
T= 5 fixed win:rollout/reward_per_step      best 9/13 loo 5 auc 0.56 p1 1.000 p_fw 0.808 thr1 7/10 low -0.5148 s21->good same-rule {'4': 9, '6': 9, '20': 9}
T= 5 fixed win:world/mean_energy            best 9/13 loo 9 auc 0.44 p1 1.000 p_fw 0.808 thr1 7/10 low -0.0318 s21->good same-rule {'4': 9, '6': 9, '20': 9}
T= 5 fixed win:act/forage_mean              best 9/13 loo 9 auc 0.56 p1 1.000 p_fw 0.808 thr1 6/10 low +0.0700 s21->good same-rule {'4': 9, '6': 9, '20': 9}
T= 5 fixed win:probe/p_stop                 best 8/10 loo 6 auc 0.67 p1 0.424 p_fw 0.995 thr1 8/10 low +0.5183 s21->bad same-rule {'4': 6, '6': 5, '20': 4}
T=10 top   win:rollout/reward_per_step      best 12/13 loo 11 auc 0.92 p1 0.036 p_fw 0.793 thr1 9/10 low +0.0002 s21->good same-rule {'8': 9, '12': 8, '20': 13}
T=10 fixed win:rollout/reward_per_step      best 12/13 loo 11 auc 0.92 p1 0.036 p_fw 0.793 thr1 9/10 low +0.0002 s21->good same-rule {'8': 9, '12': 8, '20': 13}
T=10 fixed win:world/mean_energy            best 12/13 loo 11 auc 0.89 p1 0.036 p_fw 0.793 thr1 9/10 low +0.5592 s21->good same-rule {'8': 9, '12': 9, '20': 13}
T=10 fixed win:act/forage_mean              best 11/13 loo 7 auc 0.89 p1 0.217 p_fw 0.793 thr1 8/10 low +0.5868 s21->good same-rule {'8': 9, '12': 12, '20': 12}
T=10 fixed win:probe/p_stop                 best 6/10 loo 0 auc 0.50 p1 1.000 p_fw 0.981 thr1 6/10 low -0.1622 s21->good same-rule {'8': 6, '12': 6, '20': 6}
