rollout/reward_per_step    n13 bad=low AUC>=.9 from 17.0 perfect from 17.5 per-bad {'v2_2r_t0_s24': 17.0, 'v2_1c_s30': 17.5, 'v2_1c_s31': 15.5, 'v2_1c_s33': 15.5}
   AUC 1:0.47 2:0.75 3:0.58 5:0.50 7:0.44 10:0.92 12:0.83 14:0.89 16:0.86 18:1.00 20:1.00
   good 1:+0.0001 2:+0.0035 3:+0.0024 5:+0.0024 7:+0.0040 10:+0.0102 12:+0.0079 14:+0.0099 16:+0.0099 18:+0.0137 20:+0.0140
   bad  1:+0.0006 2:+0.0001 3:+0.0023 5:+0.0052 7:+0.0054 10:-0.0020 12:-0.0028 14:-0.0062 16:-0.0097 18:-0.0122 20:-0.0154
world/mean_energy          n13 bad=low AUC>=.9 from 17.0 perfect from 17.5 per-bad {'v2_2r_t0_s24': 17.0, 'v2_1c_s30': 17.5, 'v2_1c_s31': 15.5, 'v2_1c_s33': 8.0}
   AUC 1:0.50 2:0.64 3:0.53 5:0.50 7:0.50 10:0.92 12:0.83 14:0.92 16:0.89 18:1.00 20:1.00
   good 1:+0.5395 2:+0.5673 3:+0.5644 5:+0.5677 7:+0.5787 10:+0.6074 12:+0.5847 14:+0.5940 16:+0.5880 18:+0.6093 20:+0.6170
   bad  1:+0.5358 2:+0.5555 3:+0.5661 5:+0.5768 7:+0.5811 10:+0.5467 12:+0.5251 14:+0.5002 16:+0.4691 18:+0.4711 20:+0.4746
act/forage_mean            n13 bad=low AUC>=.9 from 12.0 perfect from 16.5 per-bad {'v2_2r_t0_s24': 16.5, 'v2_1c_s30': 16.0, 'v2_1c_s31': 13.5, 'v2_1c_s33': 12.0}
   AUC 1:0.44 2:0.50 3:0.53 5:0.69 7:0.58 10:0.89 12:0.92 14:0.94 16:0.97 18:1.00 20:1.00
   good 1:+0.5131 2:+0.5867 3:+0.6386 5:+0.6967 7:+0.6900 10:+0.6903 12:+0.6838 14:+0.6912 16:+0.6886 18:+0.7059 20:+0.7101
   bad  1:+0.5169 2:+0.5832 3:+0.6465 5:+0.6467 7:+0.6346 10:+0.4827 12:+0.4204 14:+0.3849 16:+0.3432 18:+0.2945 20:+0.2701
policy/forage_log_std      n13 bad=high AUC>=.9 from 13.5 perfect from 20.0 per-bad {'v2_2r_t0_s24': 20.0, 'v2_1c_s30': 7.5, 'v2_1c_s31': 18.0, 'v2_1c_s33': 7.0}
   AUC 1:0.08 2:0.08 3:0.22 5:0.31 7:0.28 10:0.25 12:0.28 14:0.08 16:0.08 18:0.03 20:0.00
   good 1:-0.0069 2:-0.0246 3:-0.0382 5:-0.0566 7:-0.0749 10:-0.1151 12:-0.1569 14:-0.1927 16:-0.2186 18:-0.2526 20:-0.2757
   bad  1:+0.0074 2:-0.0036 3:-0.0194 5:-0.0288 7:-0.0572 10:-0.0678 12:-0.0974 14:-0.1170 16:-0.1319 18:-0.1468 20:-0.1646
act/forage_std             n13 bad=high AUC>=.9 from None perfect from None per-bad {'v2_2r_t0_s24': None, 'v2_1c_s30': None, 'v2_1c_s31': None, 'v2_1c_s33': None}
   AUC 1:0.08 2:0.25 3:0.42 5:0.22 7:0.33 10:0.17 12:0.11 14:0.14 16:0.25 18:0.22 20:0.44
   good 1:+0.2054 2:+0.1953 3:+0.1856 5:+0.1731 7:+0.1660 10:+0.1558 12:+0.1548 14:+0.1511 16:+0.1503 18:+0.1438 20:+0.1422
   bad  1:+0.2085 2:+0.2016 3:+0.1900 5:+0.1898 7:+0.1828 10:+0.1932 12:+0.1879 14:+0.1757 16:+0.1724 18:+0.1616 20:+0.1493
gait/stop                  n13 bad=high AUC>=.9 from None perfect from None per-bad {'v2_2r_t0_s24': None, 'v2_1c_s30': None, 'v2_1c_s31': None, 'v2_1c_s33': 15.5}
   AUC 1:0.56 2:0.67 3:0.69 5:0.61 7:0.61 10:0.44 12:0.39 14:0.50 16:0.47 18:0.33 20:0.31
   good 1:+0.4385 2:+0.5527 3:+0.5537 5:+0.5067 7:+0.4845 10:+0.4125 12:+0.3828 14:+0.3762 16:+0.3548 18:+0.3310 20:+0.2667
   bad  1:+0.4362 2:+0.5190 3:+0.5063 5:+0.4718 7:+0.4836 10:+0.4207 12:+0.4008 14:+0.3693 16:+0.3924 18:+0.3812 20:+0.3145
act/speed_mean             n13 bad=low AUC>=.9 from None perfect from None per-bad {'v2_2r_t0_s24': 20.0, 'v2_1c_s30': None, 'v2_1c_s31': 20.0, 'v2_1c_s33': 15.5}
   AUC 1:0.44 2:0.33 3:0.31 5:0.39 7:0.39 10:0.50 12:0.61 14:0.42 16:0.53 18:0.69 20:0.78
   good 1:+0.3915 2:+0.3347 3:+0.3346 5:+0.3562 7:+0.3633 10:+0.3881 12:+0.3979 14:+0.3940 16:+0.3989 18:+0.4022 20:+0.4230
   bad  1:+0.3928 2:+0.3507 3:+0.3559 5:+0.3713 7:+0.3644 10:+0.3854 12:+0.3906 14:+0.3959 16:+0.3848 18:+0.3840 20:+0.4020
act/flee_dist_mean         n13 bad=low AUC>=.9 from None perfect from None per-bad {'v2_2r_t0_s24': None, 'v2_1c_s30': None, 'v2_1c_s31': None, 'v2_1c_s33': None}
   AUC 1:0.86 2:0.89 3:0.50 5:0.39 7:0.39 10:0.39 12:0.39 14:0.36 16:0.42 18:0.42 20:0.50
   good 1:+0.5131 2:+0.5324 3:+0.5148 5:+0.4928 7:+0.4855 10:+0.4928 12:+0.4397 14:+0.4108 16:+0.4092 18:+0.4003 20:+0.4324
   bad  1:+0.4795 2:+0.4541 3:+0.5172 5:+0.5341 7:+0.5256 10:+0.5507 12:+0.4836 14:+0.4152 16:+0.3640 18:+0.3657 20:+0.3643
world/kill_ema             n13 bad=high AUC>=.9 from 18.0 perfect from None per-bad {'v2_2r_t0_s24': 18.5, 'v2_1c_s30': 18.0, 'v2_1c_s31': None, 'v2_1c_s33': 20.0}
   AUC 1:0.64 2:0.14 3:0.25 5:0.64 7:0.50 10:0.22 12:0.33 14:0.31 16:0.28 18:0.08 20:0.03
   good 1:+0.0248 2:+0.0245 3:+0.0256 5:+0.0270 7:+0.0268 10:+0.0242 12:+0.0237 14:+0.0223 16:+0.0214 18:+0.0203 20:+0.0211
   bad  1:+0.0240 2:+0.0281 3:+0.0278 5:+0.0260 7:+0.0258 10:+0.0283 12:+0.0264 14:+0.0259 16:+0.0250 18:+0.0280 20:+0.0312
world/in_cover_frac        n13 bad=high AUC>=.9 from None perfect from None per-bad {'v2_2r_t0_s24': 9.0, 'v2_1c_s30': None, 'v2_1c_s31': 10.0, 'v2_1c_s33': 8.0}
   AUC 1:0.89 2:0.67 3:0.78 5:0.81 7:0.47 10:0.25 12:0.22 14:0.14 16:0.08 18:0.03 20:0.17
   good 1:+0.3709 2:+0.3160 3:+0.3125 5:+0.2965 7:+0.2906 10:+0.2834 12:+0.2944 14:+0.2755 16:+0.2625 18:+0.2548 20:+0.2487
   bad  1:+0.3332 2:+0.2928 3:+0.2812 5:+0.2712 7:+0.2863 10:+0.3399 12:+0.3753 14:+0.4182 16:+0.4162 18:+0.4187 20:+0.4224
train/value_loss           n13 bad=low AUC>=.9 from None perfect from None per-bad {'v2_2r_t0_s24': 20.0, 'v2_1c_s30': None, 'v2_1c_s31': 16.0, 'v2_1c_s33': 8.5}
   AUC 1:0.47 2:0.33 3:0.39 5:0.50 7:0.56 10:0.83 12:0.75 14:0.81 16:0.83 18:0.92 20:0.89
   good 1:+3.0805 2:+2.9509 3:+3.0332 5:+3.2143 7:+3.3891 10:+3.4422 12:+3.1391 14:+3.0918 16:+3.0089 18:+3.1157 20:+3.2823
   bad  1:+3.0751 2:+3.1623 3:+3.2419 5:+3.2309 7:+3.2715 10:+2.9702 12:+2.7191 14:+2.4958 16:+2.2315 18:+2.3013 20:+2.4190
probe/p_stop               n10 bad=high AUC>=.9 from None perfect from None per-bad {'v2_2r_t0_s24': 20.0, 'v2_1c_s30': None, 'v2_1c_s31': 20.0, 'v2_1c_s33': 15.0}
   AUC 1:0.50 2:0.50 3:0.50 5:0.58 7:0.75 10:0.33 12:0.33 14:0.46 16:0.42 18:0.29 20:0.25
   good 1:+0.5090 2:+0.5460 3:+0.5425 5:+0.4991 7:+0.4873 10:+0.3925 12:+0.3636 14:+0.3537 16:+0.3509 18:+0.3274 20:+0.2427
   bad  1:+0.5079 2:+0.5286 3:+0.5304 5:+0.4684 7:+0.4437 10:+0.4051 12:+0.3973 14:+0.3726 16:+0.3743 18:+0.3813 20:+0.3152
