학습할 것 72개 (동시 16)
[ 24.5분] 끝 s1a_b_s50 (rc 0) — 1/16, 남은 56
[ 24.5분] 끝 s1a_w_s50 (rc 0) — 2/16, 남은 56
[ 24.5분] 끝 s1a_b_s51 (rc 0) — 3/16, 남은 56
[ 24.5분] 끝 s1a_w_s51 (rc 0) — 4/16, 남은 56
[ 24.5분] 끝 s1a_b_s52 (rc 0) — 5/16, 남은 56
[ 24.5분] 끝 s1a_w_s52 (rc 0) — 6/16, 남은 56
[ 24.5분] 끝 s1a_b_s53 (rc 0) — 7/16, 남은 56
[ 24.5분] 끝 s1a_w_s53 (rc 0) — 8/16, 남은 56
[ 24.5분] 끝 s1a_b_s54 (rc 0) — 9/16, 남은 56
[ 24.5분] 끝 s1a_w_s54 (rc 0) — 10/16, 남은 56
[ 24.5분] 끝 s1a_b_s55 (rc 0) — 11/16, 남은 56
[ 24.5분] 끝 s1a_w_s55 (rc 0) — 12/16, 남은 56
[ 24.5분] 끝 s1a_b_s56 (rc 0) — 13/16, 남은 56
[ 24.5분] 끝 s1a_w_s56 (rc 0) — 14/16, 남은 56
[ 24.5분] 끝 s1a_b_s57 (rc 0) — 15/16, 남은 56
[ 24.5분] 끝 s1a_w_s57 (rc 0) — 16/16, 남은 56
[ 52.0분] 끝 s1a_b_s58 (rc 0) — 17/32, 남은 40
[ 52.0분] 끝 s1a_w_s58 (rc 0) — 18/32, 남은 40
[ 52.0분] 끝 s1a_b_s59 (rc 0) — 19/32, 남은 40
[ 52.0분] 끝 s1a_w_s59 (rc 0) — 20/32, 남은 40
[ 52.0분] 끝 s1a_b_s60 (rc 0) — 21/32, 남은 40
[ 52.0분] 끝 s1a_w_s60 (rc 0) — 22/32, 남은 40
[ 52.0분] 끝 s1a_b_s61 (rc 0) — 23/32, 남은 40
[ 52.0분] 끝 s1a_w_s61 (rc 0) — 24/32, 남은 40
[ 52.0분] 끝 s1a_b_s62 (rc 0) — 25/32, 남은 40
[ 52.0분] 끝 s1a_w_s62 (rc 0) — 26/32, 남은 40
[ 52.0분] 끝 s1a_b_s63 (rc 0) — 27/32, 남은 40
[ 52.0분] 끝 s1a_w_s63 (rc 0) — 28/32, 남은 40
[ 52.0분] 끝 s1a_b_s64 (rc 0) — 29/32, 남은 40
[ 52.0분] 끝 s1a_w_s64 (rc 0) — 30/32, 남은 40
[ 52.0분] 끝 s1a_b_s65 (rc 0) — 31/32, 남은 40
[ 52.0분] 끝 s1a_w_s65 (rc 0) — 32/32, 남은 40
[ 79.5분] 끝 s1a_b_s66 (rc 0) — 33/48, 남은 24
[ 79.5분] 끝 s1a_w_s66 (rc 0) — 34/48, 남은 24
[ 79.5분] 끝 s1a_b_s67 (rc 0) — 35/48, 남은 24
[ 79.5분] 끝 s1a_w_s67 (rc 0) — 36/48, 남은 24
[ 79.5분] 끝 s1a_b_s68 (rc 0) — 37/48, 남은 24
[ 79.5분] 끝 s1a_w_s68 (rc 0) — 38/48, 남은 24
[ 79.5분] 끝 s1a_b_s69 (rc 0) — 39/48, 남은 24
[ 79.5분] 끝 s1a_w_s69 (rc 0) — 40/48, 남은 24
[ 79.5분] 끝 s1a_b_s70 (rc 0) — 41/48, 남은 24
[ 79.5분] 끝 s1a_w_s70 (rc 0) — 42/48, 남은 24
[ 79.5분] 끝 s1a_b_s71 (rc 0) — 43/48, 남은 24
[ 79.5분] 끝 s1a_w_s71 (rc 0) — 44/48, 남은 24
[ 79.5분] 끝 s1a_b_s72 (rc 0) — 45/48, 남은 24
[ 79.5분] 끝 s1a_w_s72 (rc 0) — 46/48, 남은 24
[ 79.5분] 끝 s1a_b_s73 (rc 0) — 47/48, 남은 24
[ 79.5분] 끝 s1a_w_s73 (rc 0) — 48/48, 남은 24
[106.5분] 끝 s1a_hw_s82 (rc 0) — 49/64, 남은 8
[106.5분] 끝 s1a_hw_s87 (rc 0) — 50/64, 남은 8
[107.0분] 끝 s1a_hw_s80 (rc 0) — 51/66, 남은 6
[107.0분] 끝 s1a_hw_s81 (rc 0) — 52/66, 남은 6
[107.0분] 끝 s1a_hw_s83 (rc 0) — 53/66, 남은 6
[107.0분] 끝 s1a_hw_s84 (rc 0) — 54/66, 남은 6
[107.0분] 끝 s1a_hw_s85 (rc 0) — 55/66, 남은 6
[107.0분] 끝 s1a_hw_s86 (rc 0) — 56/66, 남은 6
[107.0분] 끝 s1a_hw_s88 (rc 0) — 57/66, 남은 6
[107.0분] 끝 s1a_hw_s89 (rc 0) — 58/66, 남은 6
[107.0분] 끝 s1a_hw_s90 (rc 0) — 59/66, 남은 6
[107.0분] 끝 s1a_hw_s91 (rc 0) — 60/66, 남은 6
[107.0분] 끝 s1a_gw_s92 (rc 0) — 61/66, 남은 6
[107.0분] 끝 s1a_gw_s93 (rc 0) — 62/66, 남은 6
[107.0분] 끝 s1a_gw_s94 (rc 0) — 63/66, 남은 6
[107.0분] 끝 s1a_gw_s95 (rc 0) — 64/66, 남은 6
[124.5분] 끝 s1a_gw_s96 (rc 0) — 65/72, 남은 0
[124.5분] 끝 s1a_gw_s97 (rc 0) — 66/72, 남은 0
[125.0분] 끝 s1a_gw_s98 (rc 0) — 67/72, 남은 0
[125.0분] 끝 s1a_gw_s99 (rc 0) — 68/72, 남은 0
[125.0분] 끝 s1a_gw_s100 (rc 0) — 69/72, 남은 0
[125.0분] 끝 s1a_gw_s101 (rc 0) — 70/72, 남은 0
[125.0분] 끝 s1a_gw_s102 (rc 0) — 71/72, 남은 0
[125.0분] 끝 s1a_gw_s103 (rc 0) — 72/72, 남은 0
학습 끝
