# v2.4 소수 침입 시험 (진단, 판정 아님)

침입 16칸이 밤 규칙(A 모든 에너지, B 배부를 때만)을 쓰고 112칸은 바탕 정책. 값 = 침입 − 거주, 개체-스텝당, 탐색 시드 40. 짝 t(자유도 39) 임계 2.023.

| 칸 | 바탕 | 변형 | 보상 (t) | 피식 (t) | 아사 (t) |
|---|---|---|---|---|---|
| T1800_fast | C2 | A | +0.00270 (+3.57) | -0.00003 (-1.02) | +0.00008 (+3.22) |
| T1800_fast | C2 | B | +0.00285 (+4.01) | +0.00006 (+2.02) | +0.00001 (+0.59) |
| T1800_fast | FIX | A | +0.00365 (+3.93) | -0.00005 (-1.95) | +0.00003 (+1.27) |
| T1800_fast | FIX | B | +0.00436 (+6.42) | -0.00005 (-2.06) | +0.00000 (+0.34) |
| T1800_slow | C2 | A | +0.00540 (+6.12) | -0.00015 (-4.10) | +0.00006 (+2.52) |
| T1800_slow | C2 | B | +0.00426 (+5.73) | -0.00003 (-1.36) | -0.00002 (-1.59) |
| T1800_slow | FIX | A | +0.00318 (+4.36) | -0.00004 (-2.12) | +0.00006 (+2.25) |
| T1800_slow | FIX | B | +0.00306 (+4.75) | +0.00001 (+0.56) | +0.00000 (+0.10) |
| T600_fast | C2 | A | +0.00032 (+0.35) | -0.00004 (-0.94) | -0.00002 (-0.88) |
| T600_fast | C2 | B | +0.00077 (+1.06) | +0.00002 (+0.71) | +0.00001 (+1.10) |
| T600_fast | FIX | A | -0.00005 (-0.06) | -0.00005 (-1.68) | +0.00003 (+1.60) |
| T600_fast | FIX | B | +0.00171 (+2.25) | -0.00005 (-2.15) | +0.00001 (+0.95) |
| T600_slow | C2 | A | +0.00106 (+1.35) | -0.00011 (-3.05) | +0.00001 (+0.52) |
| T600_slow | C2 | B | +0.00163 (+2.05) | -0.00006 (-2.69) | +0.00001 (+0.38) |
| T600_slow | FIX | A | -0.00083 (-0.84) | -0.00003 (-1.50) | +0.00006 (+2.37) |
| T600_slow | FIX | B | +0.00052 (+0.61) | +0.00001 (+0.54) | +0.00003 (+2.12) |

(a4) 변형 B 보상 Δ > 0: 8/8칸, 유의하게 음수 0칸 → 통과 (기준: 5칸 이상 양수, 유의 음수 0칸, 설정 configs/v2_4s_on.yaml)
