{
 "primary": {
  "N1": {
   "per_model": {
    "v2_4sc_g995_s43": 0.2738467309688414,
    "v2_4sc_g995_s44": 0.035161743163949336,
    "v2_4sc_g995_s45": 0.2548242189268755
   },
   "n_pass": 2,
   "need": 2,
   "crit": 0.15,
   "pass_": true
  },
  "N5p": {
   "per_model": {
    "v2_4sc_g995_s43": -0.02207026801821859,
    "v2_4sc_g995_s44": -0.044361159069919734,
    "v2_4sc_g995_s45": 0.0073533183749772855
   },
   "n_pass": 0,
   "need": 2,
   "crit": 0.1,
   "pass_": false
  }
 },
 "release": {
  "mode": "det",
  "starve_cap": 0.0007608984375000001,
  "c2_g": 1.2536369745689204,
  "candidates": [
   {
    "name": "v2_4sp_g995_s20",
    "g": 1.8922836189846362,
    "starve": 0.00061515625,
    "n1": 0.21389937099837333,
    "n5p_rel": -0.006356743367971207,
    "b1_day": 0.4578924543339042,
    "seed": 20
   },
   {
    "name": "v2_4sp_g995_s21",
    "g": -0.47955751445184375,
    "starve": 0.001253515625,
    "n1": 0.11035531895204487,
    "n5p_rel": -0.03413960465151082,
    "b1_day": 0.222972727804795,
    "seed": 21
   },
   {
    "name": "v2_4sp_g995_s22",
    "g": 1.760658062077081,
    "starve": 0.0006766796875,
    "n1": 0.22414789314164932,
    "n5p_rel": -0.004246560474828945,
    "b1_day": 0.34809079488110156,
    "seed": 22
   },
   {
    "name": "v2_4sc_g995_s43",
    "g": 1.504451660819198,
    "starve": 0.0007086328125000001,
    "n1": 0.27909124500532634,
    "n5p_rel": -0.011852241269762202,
    "b1_day": 0.1458920564951606,
    "seed": 43
   },
   {
    "name": "v2_4sc_g995_s44",
    "g": -0.28529488422363314,
    "starve": 0.001169453125,
    "n1": 0.023674160745567552,
    "n5p_rel": -0.036932930662333864,
    "b1_day": 0.2630519649430522,
    "seed": 44
   },
   {
    "name": "v2_4sc_g995_s45",
    "g": 1.501991936704631,
    "starve": 0.0007510546875,
    "n1": 0.2726410277363987,
    "n5p_rel": 0.00037376313264559925,
    "b1_day": 0.5125576774941228,
    "seed": 45
   }
  ],
  "pick": {
   "name": "v2_4sp_g995_s20",
   "g": 1.8922836189846362,
   "starve": 0.00061515625,
   "n1": 0.21389937099837333,
   "n5p_rel": -0.006356743367971207,
   "b1_day": 0.4578924543339042,
   "seed": 20
  },
  "dropped": [
   "b1",
   "n5p"
  ],
  "flag": null
 }
}
