# v3 R1 판정 — s4

**결론: 실패** (PREREG 4절 다섯 조건 모두 만족해야 통과)

- 모델 `ckpt/v3/v3_r1_g995_s4_20m.zip`, 판정 세계 `configs/v3_r1_on.yaml`(digest 51da294743a0), 목록 graze, flee, hide, freeze, FREEZE 판 near
- 평가 시드 10000~10019 (20개) × 10000스텝, 정책은 모두 argmax·결정적, G_γ γ 0.9916661555611042 tail 600

## 판정 (PREREG 4절)

| 조건 | 값 | 문턱 | 결과 |
|---|---|---|---|
| 1. 성과: RL − FSM G_γ 짝 t | 평균 차 +0.1408, t +2.09 | t ≥ −2.093 | 통과 |
| 2. 맞는 때: U_ESC | 0.404 | ≥ 0.18 | 통과 |
| 2. 맞는 때: U_HIDE | 0.065 | ≥ 0.5 | 실패 |
| 2. 맞는 때: U_FREEZE | 0.088 | ≥ 0.1 | 실패 |
| 3. 쓰임: graze 사용 비중 | 96.96% | ≥ 2% | 통과 |
| 3. 쓰임: flee 사용 비중 | 0.75% | ≥ 2% | 통과 |
| 3. 쓰임: hide 사용 비중 | 0.71% | ≥ 2% | 통과 |
| 3. 쓰임: freeze 사용 비중 | 1.59% | ≥ 2% | 통과 |
| 3. 쓰임: 깜빡임(3초 안 A-B-A) | 33.37% | ≤ 10% | 통과 |
| 4. 입력 의존: 접근 0.5 고정 → U_FREEZE 하락률 | 0.901 | ≥ 0.5 | 통과 |
| 5. 굶음: 아사율 RL / FSM | 0.00037 / 0.00039 (비 0.94) | ≤ 1.5 × FSM | 통과 |

## 정책별 지표

사용 비중 = 실행한 행동의 개체-스텝 비율(G 먹기·F 도망·H 숨기·Z 얼기·S 잠). U 는 결정 시점 표본, 평가 시드를 합친 값.

| 정책 | G_γ | 피식률 | 아사율 | 사용 G/F/H/Z/S | 깜빡임 | 결정 비율 | U_ESC | U_HIDE | U_FREEZE | U_SLEEP |
|---|---|---|---|---|---|---|---|---|---|---|
| rl | 2.6096 | 0.00145 | 0.00037 | 0.970/0.007/0.007/0.016/0.000 | 0.334 | 0.932 | 0.404 | 0.065 | 0.088 | 0.000 |
| fsm | 2.4689 | 0.00143 | 0.00039 | 0.913/0.000/0.068/0.019/0.000 | 0.535 | 0.911 | 0.704 | 1.000 | 0.254 | 0.000 |
| rbase | 2.7697 | 0.00141 | 0.00036 | 0.975/0.025/0.000/0.000/0.000 | 0.633 | 0.933 | 0.322 | 0.000 | 0.000 | 0.000 |
| c_graze | 2.2617 | 0.00171 | 0.00042 | 1.000/0.000/0.000/0.000/0.000 | — | 0.974 | 0.000 | 0.000 | 0.000 | 0.000 |
| c_flee | 1.7292 | 0.00079 | 0.00100 | 0.865/0.135/0.000/0.000/0.000 | 0.089 | 0.934 | 0.899 | 0.000 | 0.000 | 0.000 |
| c_hide | 2.2276 | 0.00123 | 0.00050 | 0.834/0.000/0.166/0.000/0.000 | 0.107 | 0.916 | 0.711 | 0.888 | 0.000 | 0.000 |
| c_freeze | 1.9396 | 0.00145 | 0.00040 | 0.778/0.000/0.000/0.222/0.000 | 0.029 | 0.945 | 0.947 | 0.000 | 0.000 | 0.000 |
| c1p | 2.2862 | 0.00170 | 0.00040 | 0.994/0.001/0.002/0.002/0.000 | 0.467 | 0.963 | 0.004 | 0.001 | 0.000 | 0.000 |
| c4_app | 2.4876 | 0.00162 | 0.00038 | 0.995/0.001/0.003/0.001/0.000 | 0.339 | 0.969 | 0.030 | 0.021 | 0.009 | 0.000 |
| c4_phase | 2.7229 | 0.00141 | 0.00035 | 0.964/0.011/0.006/0.019/0.000 | 0.296 | 0.925 | 0.482 | 0.047 | 0.114 | 0.000 |

## C4 하락률 (U − U_C4) / U

| 변형 | U_ESC | U_HIDE | U_FREEZE | U_SLEEP |
|---|---|---|---|---|
| c4_app | 0.926 | 0.674 | 0.901 | — |
| c4_phase | -0.192 | 0.274 | -0.302 | — |

판정에 쓰는 것은 SLEEP(위상 중립)과 FREEZE near 판(접근 0.5)뿐이고 나머지는 보고만 한다.

## 위험 할당 (보고만)

RL 의 FLEE 진입 때 가장 가까운 보이는 위협 거리 중앙값: 배부름(E > 0.7) 3.92 (n 17027), 배고픔(E < 0.35) 2.60 (n 1654), 차(배부름 − 배고픔) +1.31. 양수면 배고플 때 위협을 더 가까이까지 참는다.

